Archive member included to satisfy reference by file (symbol)

Drivers/CMSIS/DSP/Lib/GCC/libarm_cortexM4lf_math.a(arm_common_tables.o)
                              build/arm_cos_f32.o (sinTable_f32)
MCSDK_v6.3.2-Full/MotorControl/libMP/libmp-G4-MDK-ARM_ARMv7-M.a(mp_one_touch_tuning.o)
                              build/mc_tasks_foc.o (OTT_Init)
MCSDK_v6.3.2-Full/MotorControl/libMP/libmp-G4-MDK-ARM_ARMv7-M.a(mp_self_com_ctrl.o)
                              build/mc_tasks_foc.o (SCC_Init)
/usr/share/gcc-arm-none-eabi-10-2020-q4-major/bin/../lib/gcc/arm-none-eabi/10.2.1/../../../../arm-none-eabi/lib/thumb/v7e-m+fp/hard/libstdc++_nano.a(del_op.o)
                              build/thermistor.o (operator delete(void*))
/usr/share/gcc-arm-none-eabi-10-2020-q4-major/bin/../lib/gcc/arm-none-eabi/10.2.1/../../../../arm-none-eabi/lib/thumb/v7e-m+fp/hard/libstdc++_nano.a(guard.o)
                              build/controller.o (__cxa_guard_acquire)
/usr/share/gcc-arm-none-eabi-10-2020-q4-major/bin/../lib/gcc/arm-none-eabi/10.2.1/../../../../arm-none-eabi/lib/thumb/v7e-m+fp/hard/libstdc++_nano.a(pure.o)
                              build/foc.o (__cxa_pure_virtual)
/usr/share/gcc-arm-none-eabi-10-2020-q4-major/bin/../lib/gcc/arm-none-eabi/10.2.1/../../../../arm-none-eabi/lib/thumb/v7e-m+fp/hard/libstdc++_nano.a(eh_terminate.o)
                              /usr/share/gcc-arm-none-eabi-10-2020-q4-major/bin/../lib/gcc/arm-none-eabi/10.2.1/../../../../arm-none-eabi/lib/thumb/v7e-m+fp/hard/libstdc++_nano.a(pure.o) (std::terminate())
/usr/share/gcc-arm-none-eabi-10-2020-q4-major/bin/../lib/gcc/arm-none-eabi/10.2.1/../../../../arm-none-eabi/lib/thumb/v7e-m+fp/hard/libstdc++_nano.a(eh_unex_handler.o)
                              /usr/share/gcc-arm-none-eabi-10-2020-q4-major/bin/../lib/gcc/arm-none-eabi/10.2.1/../../../../arm-none-eabi/lib/thumb/v7e-m+fp/hard/libstdc++_nano.a(eh_terminate.o) (__cxxabiv1::__unexpected_handler)
/usr/share/gcc-arm-none-eabi-10-2020-q4-major/bin/../lib/gcc/arm-none-eabi/10.2.1/../../../../arm-none-eabi/lib/thumb/v7e-m+fp/hard/libstdc++_nano.a(eh_term_handler.o)
                              /usr/share/gcc-arm-none-eabi-10-2020-q4-major/bin/../lib/gcc/arm-none-eabi/10.2.1/../../../../arm-none-eabi/lib/thumb/v7e-m+fp/hard/libstdc++_nano.a(eh_terminate.o) (__cxxabiv1::__terminate_handler)
/usr/share/gcc-arm-none-eabi-10-2020-q4-major/bin/../lib/gcc/arm-none-eabi/10.2.1/../../../../arm-none-eabi/lib/thumb/v7e-m+fp/hard/libm.a(lib_a-sf_floor.o)
                              build/encoder.o (floorf)
/usr/share/gcc-arm-none-eabi-10-2020-q4-major/bin/../lib/gcc/arm-none-eabi/10.2.1/../../../../arm-none-eabi/lib/thumb/v7e-m+fp/hard/libm.a(lib_a-wf_fmod.o)
                              build/motor.o (fmodf)
/usr/share/gcc-arm-none-eabi-10-2020-q4-major/bin/../lib/gcc/arm-none-eabi/10.2.1/../../../../arm-none-eabi/lib/thumb/v7e-m+fp/hard/libm.a(lib_a-wf_sqrt.o)
                              build/motor.o (sqrtf)
/usr/share/gcc-arm-none-eabi-10-2020-q4-major/bin/../lib/gcc/arm-none-eabi/10.2.1/../../../../arm-none-eabi/lib/thumb/v7e-m+fp/hard/libm.a(lib_a-ef_fmod.o)
                              /usr/share/gcc-arm-none-eabi-10-2020-q4-major/bin/../lib/gcc/arm-none-eabi/10.2.1/../../../../arm-none-eabi/lib/thumb/v7e-m+fp/hard/libm.a(lib_a-wf_fmod.o) (__ieee754_fmodf)
/usr/share/gcc-arm-none-eabi-10-2020-q4-major/bin/../lib/gcc/arm-none-eabi/10.2.1/../../../../arm-none-eabi/lib/thumb/v7e-m+fp/hard/libm.a(lib_a-ef_sqrt.o)
                              /usr/share/gcc-arm-none-eabi-10-2020-q4-major/bin/../lib/gcc/arm-none-eabi/10.2.1/../../../../arm-none-eabi/lib/thumb/v7e-m+fp/hard/libm.a(lib_a-wf_sqrt.o) (__ieee754_sqrtf)
/usr/share/gcc-arm-none-eabi-10-2020-q4-major/bin/../lib/gcc/arm-none-eabi/10.2.1/../../../../arm-none-eabi/lib/thumb/v7e-m+fp/hard/libm.a(lib_a-s_lib_ver.o)
                              /usr/share/gcc-arm-none-eabi-10-2020-q4-major/bin/../lib/gcc/arm-none-eabi/10.2.1/../../../../arm-none-eabi/lib/thumb/v7e-m+fp/hard/libm.a(lib_a-wf_fmod.o) (__fdlib_version)
/usr/share/gcc-arm-none-eabi-10-2020-q4-major/bin/../lib/gcc/arm-none-eabi/10.2.1/../../../../arm-none-eabi/lib/thumb/v7e-m+fp/hard/libc_nano.a(lib_a-abort.o)
                              build/motor.o (abort)
/usr/share/gcc-arm-none-eabi-10-2020-q4-major/bin/../lib/gcc/arm-none-eabi/10.2.1/../../../../arm-none-eabi/lib/thumb/v7e-m+fp/hard/libc_nano.a(lib_a-aeabi_memclr.o)
                              MCSDK_v6.3.2-Full/MotorControl/libMP/libmp-G4-MDK-ARM_ARMv7-M.a(mp_self_com_ctrl.o) (__aeabi_memclr4)
/usr/share/gcc-arm-none-eabi-10-2020-q4-major/bin/../lib/gcc/arm-none-eabi/10.2.1/../../../../arm-none-eabi/lib/thumb/v7e-m+fp/hard/libc_nano.a(lib_a-aeabi_memset-soft.o)
                              /usr/share/gcc-arm-none-eabi-10-2020-q4-major/bin/../lib/gcc/arm-none-eabi/10.2.1/../../../../arm-none-eabi/lib/thumb/v7e-m+fp/hard/libc_nano.a(lib_a-aeabi_memclr.o) (__aeabi_memset)
[...]
Memory Configuration

Name             Origin             Length             Attributes
RAM              0x0000000020000000 0x0000000000008000 xrw
FLASH            0x0000000008000000 0x0000000000020000 xr
*default*        0x0000000000000000 0xffffffffffffffff

Linker script and memory map

LOAD /usr/share/gcc-arm-none-eabi-10-2020-q4-major/bin/../lib/gcc/arm-none-eabi/10.2.1/thumb/v7e-m+fp/hard/crti.o
LOAD /usr/share/gcc-arm-none-eabi-10-2020-q4-major/bin/../lib/gcc/arm-none-eabi/10.2.1/thumb/v7e-m+fp/hard/crtbegin.o
LOAD /usr/share/gcc-arm-none-eabi-10-2020-q4-major/bin/../lib/gcc/arm-none-eabi/10.2.1/../../../../arm-none-eabi/lib/thumb/v7e-m+fp/hard/crt0.o
LOAD build/main.o
LOAD build/app_freertos.o
LOAD build/motorcontrol.o
LOAD build/pwm_common.o
LOAD build/mc_api.o
LOAD build/mc_config.o
LOAD build/mc_config_common.o
LOAD build/mcp_config.o
LOAD build/mc_tasks.o
LOAD build/mc_tasks_foc.o
LOAD build/pwm_curr_fdbk.o
LOAD build/regular_conversion_manager.o
LOAD build/mc_math.o
LOAD build/mc_interface.o
LOAD build/stm32_mc_common_it.o
LOAD build/stm32g4xx_mc_it.o
LOAD build/mc_parameters.o
LOAD build/register_interface.o
LOAD build/mcp.o
LOAD build/mc_perf.o
LOAD build/usart_aspep_driver.o
LOAD build/mc_configuration_registers.o
LOAD build/aspep.o
LOAD build/mc_app_hooks.o
LOAD build/stm32g4xx_it.o
LOAD build/stm32g4xx_hal_msp.o
LOAD build/stm32g4xx_hal_timebase_tim.o
LOAD build/vesc_uart.o
LOAD build/tim.o
LOAD build/nvm.o
LOAD build/spi.o
LOAD build/dma.o
LOAD build/arm_cos_f32.o
LOAD build/arm_sin_f32.o
LOAD build/interface_uart.o
LOAD build/freertos_var.o
LOAD build/stm32g4xx_ll_utils.o
LOAD build/stm32g4xx_ll_exti.o
LOAD build/stm32g4xx_ll_gpio.o
LOAD build/stm32g4xx_ll_adc.o
LOAD build/stm32g4xx_ll_dma.o
LOAD build/stm32g4xx_hal.o
LOAD build/stm32g4xx_hal_rcc.o
LOAD build/stm32g4xx_hal_rcc_ex.o
LOAD build/stm32g4xx_hal_flash.o
LOAD build/stm32g4xx_hal_flash_ex.o
LOAD build/stm32g4xx_hal_flash_ramfunc.o
LOAD build/stm32g4xx_hal_gpio.o
LOAD build/stm32g4xx_hal_exti.o
LOAD build/stm32g4xx_hal_dma.o
LOAD build/stm32g4xx_hal_dma_ex.o
LOAD build/stm32g4xx_hal_pwr.o
LOAD build/stm32g4xx_hal_pwr_ex.o
LOAD build/stm32g4xx_hal_cortex.o
LOAD build/stm32g4xx_ll_comp.o
LOAD build/stm32g4xx_ll_rcc.o
LOAD build/stm32g4xx_ll_cordic.o
LOAD build/stm32g4xx_ll_dac.o
LOAD build/stm32g4xx_ll_i2c.o
LOAD build/stm32g4xx_ll_opamp.o
LOAD build/stm32g4xx_hal_tim.o
LOAD build/stm32g4xx_hal_tim_ex.o
LOAD build/stm32g4xx_ll_tim.o
LOAD build/stm32g4xx_ll_usart.o
LOAD build/system_stm32g4xx.o
LOAD build/croutine.o
LOAD build/event_groups.o
LOAD build/list.o
LOAD build/queue.o
LOAD build/stream_buffer.o
LOAD build/tasks.o
LOAD build/timers.o
LOAD build/cmsis_os.o
LOAD build/heap_4.o
LOAD build/port.o
LOAD build/stspin32g4.o
LOAD build/bus_voltage_sensor.o
LOAD build/circle_limitation.o
LOAD build/digital_output.o
LOAD build/feed_forward_ctrl.o
LOAD build/pwm_curr_fdbk_ovm.o
LOAD build/ntc_temperature_sensor.o
LOAD build/open_loop.o
LOAD build/pid_regulator.o
LOAD build/pqd_motor_power_measurement.o
LOAD build/r_divider_bus_voltage_sensor.o
LOAD build/ramp_ext_mngr.o
LOAD build/revup_ctrl.o
LOAD build/speed_pos_fdbk.o
LOAD build/speed_torq_ctrl.o
LOAD build/sto_pll_speed_pos_fdbk.o
LOAD build/virtual_speed_sensor.o
LOAD build/r3_2_g4xx_pwm_curr_fdbk.o
LOAD build/mcpa.o
LOAD build/sysmem.o
LOAD build/syscalls.o
LOAD build/div.o
LOAD build/startup_stm32g431xx.o
LOAD build/config_system.o
LOAD build/motor.o
LOAD build/foc.o
LOAD build/utils.o
LOAD build/low_level.o
LOAD build/interface_can.o
LOAD build/main_.o
LOAD build/can_encos.o
LOAD build/axis.o
LOAD build/controller.o
LOAD build/encoder.o
LOAD build/thermistor.o
LOAD build/open_loop_controller.o
LOAD build/canopen.o
LOAD /usr/share/gcc-arm-none-eabi-10-2020-q4-major/bin/../lib/gcc/arm-none-eabi/10.2.1/../../../../arm-none-eabi/lib/thumb/v7e-m+fp/hard/libnosys.a
LOAD Drivers/CMSIS/DSP/Lib/GCC/libarm_cortexM4lf_math.a
LOAD MCSDK_v6.3.2-Full/MotorControl/libMP/libmp-G4-MDK-ARM_ARMv7-M.a
LOAD /usr/share/gcc-arm-none-eabi-10-2020-q4-major/bin/../lib/gcc/arm-none-eabi/10.2.1/../../../../arm-none-eabi/lib/thumb/v7e-m+fp/hard/libstdc++_nano.a
LOAD /usr/share/gcc-arm-none-eabi-10-2020-q4-major/bin/../lib/gcc/arm-none-eabi/10.2.1/../../../../arm-none-eabi/lib/thumb/v7e-m+fp/hard/libm.a
LOAD /usr/share/gcc-arm-none-eabi-10-2020-q4-major/bin/../lib/gcc/arm-none-eabi/10.2.1/../../../../arm-none-eabi/lib/thumb/v7e-m+fp/hard/libc_nano.a
START GROUP
LOAD /usr/share/gcc-arm-none-eabi-10-2020-q4-major/bin/../lib/gcc/arm-none-eabi/10.2.1/thumb/v7e-m+fp/hard/libgcc.a
LOAD /usr/share/gcc-arm-none-eabi-10-2020-q4-major/bin/../lib/gcc/arm-none-eabi/10.2.1/../../../../arm-none-eabi/lib/thumb/v7e-m+fp/hard/libc_nano.a
END GROUP
START GROUP
LOAD /usr/share/gcc-arm-none-eabi-10-2020-q4-major/bin/../lib/gcc/arm-none-eabi/10.2.1/thumb/v7e-m+fp/hard/libgcc.a
LOAD /usr/share/gcc-arm-none-eabi-10-2020-q4-major/bin/../lib/gcc/arm-none-eabi/10.2.1/../../../../arm-none-eabi/lib/thumb/v7e-m+fp/hard/libc_nano.a
END GROUP
LOAD /usr/share/gcc-arm-none-eabi-10-2020-q4-major/bin/../lib/gcc/arm-none-eabi/10.2.1/thumb/v7e-m+fp/hard/crtend.o
LOAD /usr/share/gcc-arm-none-eabi-10-2020-q4-major/bin/../lib/gcc/arm-none-eabi/10.2.1/thumb/v7e-m+fp/hard/crtn.o
                0x0000000020008000                _estack = (ORIGIN (RAM) + LENGTH (RAM))
                0x0000000000000000                _Min_Heap_Size = 0x0
                0x0000000000000400                _Min_Stack_Size = 0x400

.isr_vector     0x0000000008000000      0x1d8
                0x0000000008000000                . = ALIGN (0x4)
 *(.isr_vector)
 .isr_vector    0x0000000008000000      0x1d8 build/startup_stm32g431xx.o
                0x0000000008000000                g_pfnVectors
                0x00000000080001d8                . = ALIGN (0x4)

.text           0x00000000080001e0     0xc5ec
                0x00000000080001e0                . = ALIGN (0x4)
 *(.text)
 .text          0x00000000080001e0       0x40 /usr/share/gcc-arm-none-eabi-10-2020-q4-major/bin/../lib/gcc/arm-none-eabi/10.2.1/thumb/v7e-m+fp/hard/crtbegin.o
 .text          0x0000000008000220       0x9a /usr/share/gcc-arm-none-eabi-10-2020-q4-major/bin/../lib/gcc/arm-none-eabi/10.2.1/../../../../arm-none-eabi/lib/thumb/v7e-m+fp/hard/libc_nano.a(lib_a-aeabi_memset-soft.o)
                0x0000000008000220                __aeabi_memset
                0x0000000008000220                __aeabi_memset8
                0x0000000008000220                __aeabi_memset4
 *(.text*)
 *fill*         0x00000000080002ba        0x2 
 .text.SystemClock_Config
                0x00000000080002bc      0x104 build/main.o
                0x00000000080002bc                SystemClock_Config
 .text.startup.main
                0x00000000080003c0     0x1034 build/main.o
                0x00000000080003c0                main
 .text.HAL_TIM_PeriodElapsedCallback
                0x00000000080013f4       0x14 build/main.o
                0x00000000080013f4                HAL_TIM_PeriodElapsedCallback
 .text.MX_MotorControl_Init
                0x0000000008001408       0x14 build/motorcontrol.o
                0x0000000008001408                MX_MotorControl_Init
 .text.vPortSetupTimerInterrupt
                0x000000000800141c       0x1c build/motorcontrol.o
                0x000000000800141c                vPortSetupTimerInterrupt
 .text.startTimers
                0x0000000008001438       0x98 build/pwm_common.o
                0x0000000008001438                startTimers
 .text.waitForPolarizationEnd
                0x00000000080014d0       0x3c build/pwm_common.o
                0x00000000080014d0                waitForPolarizationEnd
 .text.MC_StartMotor1
                0x000000000800150c        0xc build/mc_api.o
                0x000000000800150c                MC_StartMotor1
 .text.MC_StopMotor1
                0x0000000008001518        0xc build/mc_api.o
                0x0000000008001518                MC_StopMotor1
 .text.MC_AcknowledgeFaultMotor1
                0x0000000008001524        0xc build/mc_api.o
                0x0000000008001524                MC_AcknowledgeFaultMotor1
 .text.MC_GetSTMStateMotor1
                0x0000000008001530        0xc build/mc_api.o
                0x0000000008001530                MC_GetSTMStateMotor1
 .text.MC_ProfilerCommand
                0x000000000800153c       0x24 build/mc_api.o
                0x000000000800153c                MC_ProfilerCommand
 .text.MCboot   0x0000000008001560       0xb0 build/mc_tasks.o
                0x0000000008001560                MCboot
 .text.MC_StartMotorOpenLoop
                0x0000000008001610       0x2c build/mc_tasks.o
                0x0000000008001610                MC_StartMotorOpenLoop
 .text.MC_RunMotorControlTasks
                0x000000000800163c       0xa0 build/mc_tasks.o
                0x000000000800163c                MC_RunMotorControlTasks
 .text.TSK_SetChargeBootCapDelayM1
                0x00000000080016dc        0xc build/mc_tasks.o
                0x00000000080016dc                TSK_SetChargeBootCapDelayM1
 .text.TSK_ChargeBootCapDelayHasElapsedM1
                0x00000000080016e8       0x14 build/mc_tasks.o
                0x00000000080016e8                TSK_ChargeBootCapDelayHasElapsedM1
 .text.TSK_SetStopPermanencyTimeM1
                0x00000000080016fc        0xc build/mc_tasks.o
                0x00000000080016fc                TSK_SetStopPermanencyTimeM1
 .text.TSK_StopPermanencyTimeHasElapsedM1
                0x0000000008001708       0x14 build/mc_tasks.o
                0x0000000008001708                TSK_StopPermanencyTimeHasElapsedM1
 .text.TSK_HighFrequencyTask
                0x000000000800171c       0x28 build/mc_tasks.o
                0x000000000800171c                TSK_HighFrequencyTask
 .text.TSK_SafetyTask
                0x0000000008001744       0x18 build/mc_tasks.o
                0x0000000008001744                TSK_SafetyTask
 .text.TSK_HardwareFaultTask
                0x000000000800175c       0x30 build/mc_tasks.o
                0x000000000800175c                TSK_HardwareFaultTask
 .text.startMediumFrequencyTask
                0x000000000800178c       0x24 build/mc_tasks.o
                0x000000000800178c                startMediumFrequencyTask
 .text.StartSafetyTask
                0x00000000080017b0       0x10 build/mc_tasks.o
                0x00000000080017b0                StartSafetyTask
 .text.UI_HandleStartStopButton_cb
                0x00000000080017c0       0x18 build/mc_tasks.o
                0x00000000080017c0                UI_HandleStartStopButton_cb
 .text.mc_lock_pins
                0x00000000080017d8      0x144 build/mc_tasks.o
                0x00000000080017d8                mc_lock_pins
 .text.FOC_Clear
                0x000000000800191c       0x90 build/mc_tasks_foc.o
                0x000000000800191c                FOC_Clear
 .text.FOC_Init
                0x00000000080019ac      0x17c build/mc_tasks_foc.o
                0x00000000080019ac                FOC_Init
 .text.FOC_InitAdditionalMethods
                0x0000000008001b28       0x18 build/mc_tasks_foc.o
                0x0000000008001b28                FOC_InitAdditionalMethods
 .text.FOC_CalcCurrRef
                0x0000000008001b40       0x70 build/mc_tasks_foc.o
                0x0000000008001b40                FOC_CalcCurrRef
 .text.TSK_MediumFrequencyTaskM1
                0x0000000008001bb0      0x440 build/mc_tasks_foc.o
                0x0000000008001bb0                TSK_MediumFrequencyTaskM1
 .text.FOC_HighFrequencyTask
                0x0000000008001ff0      0x144 build/mc_tasks_foc.o
                0x0000000008001ff0                FOC_HighFrequencyTask
 .text.PWMC_Clear
                0x0000000008002134       0x10 build/pwm_curr_fdbk.o
                0x0000000008002134                PWMC_Clear
 .text.PWMC_SwitchOffPWM
                0x0000000008002144        0x4 build/pwm_curr_fdbk.o
                0x0000000008002144                PWMC_SwitchOffPWM
 .text.PWMC_SwitchOnPWM
                0x0000000008002148        0x4 build/pwm_curr_fdbk.o
                0x0000000008002148                PWMC_SwitchOnPWM
 .text.PWMC_CurrentReadingCalibr
                0x000000000800214c       0x48 build/pwm_curr_fdbk.o
                0x000000000800214c                PWMC_CurrentReadingCalibr
 .text.PWMC_OCP_Handler
                0x0000000008002194       0x40 build/pwm_curr_fdbk.o
                0x0000000008002194                PWMC_OCP_Handler
 .text.PWMC_IsFaultOccurred
                0x00000000080021d4       0x38 build/pwm_curr_fdbk.o
                0x00000000080021d4                PWMC_IsFaultOccurred
 .text.PWMC_RLDetectionModeEnable
                0x000000000800220c        0x4 build/pwm_curr_fdbk.o
                0x000000000800220c                PWMC_RLDetectionModeEnable
 .text.PWMC_RLDetectionModeDisable
                0x0000000008002210        0x4 build/pwm_curr_fdbk.o
                0x0000000008002210                PWMC_RLDetectionModeDisable
 .text.PWMC_RLTurnOnLowSidesAndStart
                0x0000000008002214        0x4 build/pwm_curr_fdbk.o
                0x0000000008002214                PWMC_RLTurnOnLowSidesAndStart
 .text.RCM_RegisterRegConv
                0x0000000008002218      0x1dc build/regular_conversion_manager.o
                0x0000000008002218                RCM_RegisterRegConv
 .text.RCM_ExecNextConv
                0x00000000080023f4       0xa0 build/regular_conversion_manager.o
                0x00000000080023f4                RCM_ExecNextConv
 .text.RCM_ReadOngoingConv
                0x0000000008002494       0x58 build/regular_conversion_manager.o
                0x0000000008002494                RCM_ReadOngoingConv
 .text.MCM_Trig_Functions
                0x00000000080024ec       0x2c build/mc_math.o
                0x00000000080024ec                MCM_Trig_Functions
 .text.MCM_Park
                0x0000000008002518       0x88 build/mc_math.o
                0x0000000008002518                MCM_Park
 .text.MCM_floatToIntBit
                0x00000000080025a0        0xc build/mc_math.o
                0x00000000080025a0                MCM_floatToIntBit
 .text.MCI_ExecSpeedRamp
                0x00000000080025ac       0x14 build/mc_interface.o
                0x00000000080025ac                MCI_ExecSpeedRamp
 .text.MCI_ExecTorqueRamp
                0x00000000080025c0       0x14 build/mc_interface.o
                0x00000000080025c0                MCI_ExecTorqueRamp
 .text.MCI_FaultProcessing
                0x00000000080025d4       0x18 build/mc_interface.o
                0x00000000080025d4                MCI_FaultProcessing
 .text.MCI_ExecBufferedCommands
                0x00000000080025ec       0x78 build/mc_interface.o
                0x00000000080025ec                MCI_ExecBufferedCommands
 .text.MCI_GetSTMState
                0x0000000008002664        0x4 build/mc_interface.o
                0x0000000008002664                MCI_GetSTMState
 .text.MCI_GetOccurredFaults
                0x0000000008002668        0x4 build/mc_interface.o
                0x0000000008002668                MCI_GetOccurredFaults
 .text.MCI_GetCurrentFaults
                0x000000000800266c        0x4 build/mc_interface.o
                0x000000000800266c                MCI_GetCurrentFaults
 .text.MCI_StartMotor
                0x0000000008002670       0x2c build/mc_interface.o
                0x0000000008002670                MCI_StartMotor
 .text.MCI_StopMotor
                0x000000000800269c       0x40 build/mc_interface.o
                0x000000000800269c                MCI_StopMotor
 .text.MCI_FaultAcknowledged
                0x00000000080026dc       0x24 build/mc_interface.o
                0x00000000080026dc                MCI_FaultAcknowledged
 .text.MCI_GetFaultState
                0x0000000008002700        0xc build/mc_interface.o
                0x0000000008002700                MCI_GetFaultState
 .text.MCI_GetControlMode
                0x000000000800270c        0x8 build/mc_interface.o
                0x000000000800270c                MCI_GetControlMode
 .text.MCI_GetImposedMotorDirection
                0x0000000008002714       0x44 build/mc_interface.o
                0x0000000008002714                MCI_GetImposedMotorDirection
 .text.MCI_GetLastRampFinalSpeed
                0x0000000008002758        0x8 build/mc_interface.o
                0x0000000008002758                MCI_GetLastRampFinalSpeed
 .text.MCI_GetLastRampFinalDuration
                0x0000000008002760        0x4 build/mc_interface.o
                0x0000000008002760                MCI_GetLastRampFinalDuration
 .text.MCI_StopRamp
                0x0000000008002764        0xc build/mc_interface.o
                0x0000000008002764                MCI_StopRamp
 .text.MCI_GetAvrgMecSpeedUnit
                0x0000000008002770        0x8 build/mc_interface.o
                0x0000000008002770                MCI_GetAvrgMecSpeedUnit
 .text.MCI_GetMecSpeedRefUnit
                0x0000000008002778        0x8 build/mc_interface.o
                0x0000000008002778                MCI_GetMecSpeedRefUnit
 .text.MCI_GetVqd
                0x0000000008002780       0x1c build/mc_interface.o
                0x0000000008002780                MCI_GetVqd
 .text.MCI_GetValphabeta
                0x000000000800279c       0x1c build/mc_interface.o
                0x000000000800279c                MCI_GetValphabeta
 .text.MCI_GetTeref
                0x00000000080027b8        0x8 build/mc_interface.o
                0x00000000080027b8                MCI_GetTeref
 .text.MCI_Clear_Iqdref
                0x00000000080027c0       0x14 build/mc_interface.o
                0x00000000080027c0                MCI_Clear_Iqdref
 .text.MCI_Clear_PerfMeasure
                0x00000000080027d4        0x8 build/mc_interface.o
                0x00000000080027d4                MCI_Clear_PerfMeasure
 .text.HardFault_Handler
                0x00000000080027dc        0x8 build/stm32_mc_common_it.o
                0x00000000080027dc                HardFault_Handler
 .text.EXTI15_10_IRQHandler
                0x00000000080027e4       0x18 build/stm32_mc_common_it.o
                0x00000000080027e4                EXTI15_10_IRQHandler
 .text.ADC1_2_IRQHandler
                0x00000000080027fc        0xc build/stm32g4xx_mc_it.o
                0x00000000080027fc                ADC1_2_IRQHandler
 .text.TIM1_UP_TIM16_IRQHandler
                0x0000000008002808       0x18 build/stm32g4xx_mc_it.o
                0x0000000008002808                TIM1_UP_TIM16_IRQHandler
 .text.TIM1_BRK_TIM15_IRQHandler
                0x0000000008002820       0x30 build/stm32g4xx_mc_it.o
                0x0000000008002820                TIM1_BRK_TIM15_IRQHandler
 .text.USART1_IRQHandler
                0x0000000008002850        0x4 build/stm32g4xx_mc_it.o
                0x0000000008002850                USART1_IRQHandler
 .text.DMA1_Channel1_IRQHandler
                0x0000000008002854       0x2c build/stm32g4xx_mc_it.o
                0x0000000008002854                DMA1_Channel1_IRQHandler
 .text.DMA1_Channel2_IRQHandler
                0x0000000008002880       0x38 build/stm32g4xx_mc_it.o
                0x0000000008002880                DMA1_Channel2_IRQHandler
 .text.RI_SetRegisterGlobal
                0x00000000080028b8       0xa8 build/register_interface.o
                0x00000000080028b8                RI_SetRegisterGlobal
 .text.RI_SetRegisterMotor1
                0x0000000008002960      0x4c4 build/register_interface.o
                0x0000000008002960                RI_SetRegisterMotor1
 .text.RI_GetRegisterGlobal
                0x0000000008002e24      0x12c build/register_interface.o
                0x0000000008002e24                RI_GetRegisterGlobal
 .text.RI_GetRegisterMotor1
                0x0000000008002f50      0x73c build/register_interface.o
                0x0000000008002f50                RI_GetRegisterMotor1
 .text.RI_SetRegCommandParser
                0x000000000800368c       0xdc build/mcp.o
                0x000000000800368c                RI_SetRegCommandParser
 .text.RI_GetRegCommandParser
                0x0000000008003768       0x98 build/mcp.o
                0x0000000008003768                RI_GetRegCommandParser
 .text.MCP_ReceivedPacket
                0x0000000008003800      0x1b8 build/mcp.o
                0x0000000008003800                MCP_ReceivedPacket
 .text.MC_Perf_Measure_Init
                0x00000000080039b8       0x44 build/mc_perf.o
                0x00000000080039b8                MC_Perf_Measure_Init
 .text.MC_Perf_Clear
                0x00000000080039fc       0x18 build/mc_perf.o
                0x00000000080039fc                MC_Perf_Clear
 .text.MC_BG_Perf_Measure_Start
                0x0000000008003a14       0x18 build/mc_perf.o
                0x0000000008003a14                MC_BG_Perf_Measure_Start
 .text.MC_BG_Perf_Measure_Stop
                0x0000000008003a2c       0x4c build/mc_perf.o
                0x0000000008003a2c                MC_BG_Perf_Measure_Stop
 .text.MC_Perf_GetCPU_Load
                0x0000000008003a78       0x58 build/mc_perf.o
                0x0000000008003a78                MC_Perf_GetCPU_Load
 .text.MC_Perf_GetMaxCPU_Load
                0x0000000008003ad0       0x60 build/mc_perf.o
                0x0000000008003ad0                MC_Perf_GetMaxCPU_Load
 .text.MC_Perf_GetMinCPU_Load
                0x0000000008003b30       0x7c build/mc_perf.o
                0x0000000008003b30                MC_Perf_GetMinCPU_Load
 .text.UASPEP_INIT
                0x0000000008003bac       0x84 build/usart_aspep_driver.o
                0x0000000008003bac                UASPEP_INIT
 .text.UASPEP_CFG_TRANSMISSION
                0x0000000008003c30       0x38 build/usart_aspep_driver.o
                0x0000000008003c30                UASPEP_CFG_TRANSMISSION
 .text.UASPEP_CFG_RECEPTION
                0x0000000008003c68       0x38 build/usart_aspep_driver.o
                0x0000000008003c68                UASPEP_CFG_RECEPTION
 .text.UASPEP_IDLE_ENABLE
                0x0000000008003ca0       0x18 build/usart_aspep_driver.o
                0x0000000008003ca0                UASPEP_IDLE_ENABLE
 .text.ASPEP_sendBeacon
                0x0000000008003cb8       0x8c build/aspep.o
                0x0000000008003cb8                ASPEP_sendBeacon
 .text.ASPEP_sendPing
                0x0000000008003d44       0x90 build/aspep.o
                0x0000000008003d44                ASPEP_sendPing
 .text.ASPEP_getBuffer
                0x0000000008003dd4       0x6c build/aspep.o
                0x0000000008003dd4                ASPEP_getBuffer
 .text.ASPEP_sendPacket
                0x0000000008003e40      0x118 build/aspep.o
                0x0000000008003e40                ASPEP_sendPacket
 .text.ASPEP_RXframeProcess
                0x0000000008003f58      0x2ac build/aspep.o
                0x0000000008003f58                ASPEP_RXframeProcess
 .text.MC_APP_BootHook
                0x0000000008004204        0x4 build/mc_app_hooks.o
                0x0000000008004204                MC_APP_BootHook
 .text.MC_APP_PostMediumFrequencyHook_M1
                0x0000000008004208        0x4 build/mc_app_hooks.o
                0x0000000008004208                MC_APP_PostMediumFrequencyHook_M1
 .text.TIM6_DAC_IRQHandler
                0x000000000800420c        0xc build/stm32g4xx_it.o
                0x000000000800420c                TIM6_DAC_IRQHandler
 .text.HAL_MspInit
                0x0000000008004218       0x44 build/stm32g4xx_hal_msp.o
                0x0000000008004218                HAL_MspInit
 .text.HAL_InitTick
                0x000000000800425c       0x94 build/stm32g4xx_hal_timebase_tim.o
                0x000000000800425c                HAL_InitTick
 .text.VESC_UART_Init
                0x00000000080042f0      0x134 build/vesc_uart.o
                0x00000000080042f0                VESC_UART_Init
 .text.VESC_UART_IRQHandler
                0x0000000008004424       0x6c build/vesc_uart.o
                0x0000000008004424                VESC_UART_IRQHandler
 .text.HAL_TIM_Base_MspInit
                0x0000000008004490       0x60 build/tim.o
                0x0000000008004490                HAL_TIM_Base_MspInit
 .text._Z15UART_PushFrame_hhhhPh.part.0
                0x00000000080044f0      0x37c build/interface_uart.o
 .text._Z15UART_PushFrame_hhhhPh.part.0.constprop.0
                0x000000000800486c       0x50 build/interface_uart.o
 .text.copy_data_to_uart_buffer
                0x00000000080048bc      0x110 build/interface_uart.o
                0x00000000080048bc                copy_data_to_uart_buffer
 .text.start_uart_server
                0x00000000080049cc       0x30 build/interface_uart.o
                0x00000000080049cc                start_uart_server
 .text._Z16UART_ParseFrame_Ph
                0x00000000080049fc      0x204 build/interface_uart.o
                0x00000000080049fc                UART_ParseFrame_(unsigned char*)
 .text._ZL18uart_server_threadPKv
                0x0000000008004c00      0x174 build/interface_uart.o
 .text.MX_FREERTOS_Init
                0x0000000008004d74       0x40 build/freertos_var.o
                0x0000000008004d74                MX_FREERTOS_Init
 .text.LL_SetSystemCoreClock
                0x0000000008004db4        0xc build/stm32g4xx_ll_utils.o
                0x0000000008004db4                LL_SetSystemCoreClock
 .text.LL_EXTI_Init
                0x0000000008004dc0      0x174 build/stm32g4xx_ll_exti.o
                0x0000000008004dc0                LL_EXTI_Init
 .text.LL_GPIO_Init
                0x0000000008004f34      0x1c0 build/stm32g4xx_ll_gpio.o
                0x0000000008004f34                LL_GPIO_Init
 .text.LL_ADC_CommonInit
                0x00000000080050f4       0x54 build/stm32g4xx_ll_adc.o
                0x00000000080050f4                LL_ADC_CommonInit
 .text.LL_ADC_Init
                0x0000000008005148       0x34 build/stm32g4xx_ll_adc.o
                0x0000000008005148                LL_ADC_Init
 .text.LL_ADC_REG_Init
                0x000000000800517c       0x60 build/stm32g4xx_ll_adc.o
                0x000000000800517c                LL_ADC_REG_Init
 .text.LL_ADC_INJ_Init
                0x00000000080051dc       0x48 build/stm32g4xx_ll_adc.o
                0x00000000080051dc                LL_ADC_INJ_Init
 .text.HAL_Init
                0x0000000008005224       0x30 build/stm32g4xx_hal.o
                0x0000000008005224                HAL_Init
 .text.HAL_IncTick
                0x0000000008005254       0x18 build/stm32g4xx_hal.o
                0x0000000008005254                HAL_IncTick
 .text.HAL_RCC_GetHCLKFreq
                0x000000000800526c        0xc build/stm32g4xx_hal_rcc.o
                0x000000000800526c                HAL_RCC_GetHCLKFreq
 .text.HAL_RCC_GetPCLK1Freq
                0x0000000008005278       0x24 build/stm32g4xx_hal_rcc.o
                0x0000000008005278                HAL_RCC_GetPCLK1Freq
 .text.HAL_RCC_GetClockConfig
                0x000000000800529c       0x44 build/stm32g4xx_hal_rcc.o
                0x000000000800529c                HAL_RCC_GetClockConfig
 .text.HAL_PWREx_DisableUCPDDeadBattery
                0x00000000080052e0       0x10 build/stm32g4xx_hal_pwr_ex.o
                0x00000000080052e0                HAL_PWREx_DisableUCPDDeadBattery
 .text.HAL_NVIC_SetPriorityGrouping
                0x00000000080052f0       0x24 build/stm32g4xx_hal_cortex.o
                0x00000000080052f0                HAL_NVIC_SetPriorityGrouping
 .text.HAL_NVIC_SetPriority
                0x0000000008005314       0x7c build/stm32g4xx_hal_cortex.o
                0x0000000008005314                HAL_NVIC_SetPriority
 .text.HAL_NVIC_EnableIRQ
                0x0000000008005390       0x1c build/stm32g4xx_hal_cortex.o
                0x0000000008005390                HAL_NVIC_EnableIRQ
 .text.HAL_NVIC_SystemReset
                0x00000000080053ac       0x24 build/stm32g4xx_hal_cortex.o
                0x00000000080053ac                HAL_NVIC_SystemReset
 .text.HAL_SYSTICK_Config
                0x00000000080053d0       0x34 build/stm32g4xx_hal_cortex.o
                0x00000000080053d0                HAL_SYSTICK_Config
 .text.LL_COMP_Init
                0x0000000008005404       0x34 build/stm32g4xx_ll_comp.o
                0x0000000008005404                LL_COMP_Init
 .text.LL_RCC_GetSystemClocksFreq
                0x0000000008005438       0xa4 build/stm32g4xx_ll_rcc.o
                0x0000000008005438                LL_RCC_GetSystemClocksFreq
 .text.LL_RCC_GetUSARTClockFreq
                0x00000000080054dc      0x22c build/stm32g4xx_ll_rcc.o
                0x00000000080054dc                LL_RCC_GetUSARTClockFreq
 .text.LL_RCC_GetUARTClockFreq
                0x0000000008005708      0x11c build/stm32g4xx_ll_rcc.o
                0x0000000008005708                LL_RCC_GetUARTClockFreq
 .text.LL_DAC_Init
                0x0000000008005824       0xb4 build/stm32g4xx_ll_dac.o
                0x0000000008005824                LL_DAC_Init
 .text.LL_I2C_Init
                0x00000000080058d8       0x70 build/stm32g4xx_ll_i2c.o
                0x00000000080058d8                LL_I2C_Init
 .text.LL_OPAMP_Init
                0x0000000008005948       0x54 build/stm32g4xx_ll_opamp.o
                0x0000000008005948                LL_OPAMP_Init
 .text.HAL_TIM_Base_Init
                0x000000000800599c      0x120 build/stm32g4xx_hal_tim.o
                0x000000000800599c                HAL_TIM_Base_Init
 .text.HAL_TIM_Base_Start_IT
                0x0000000008005abc       0x74 build/stm32g4xx_hal_tim.o
                0x0000000008005abc                HAL_TIM_Base_Start_IT
 .text.HAL_TIM_OC_DelayElapsedCallback
                0x0000000008005b30        0x4 build/stm32g4xx_hal_tim.o
                0x0000000008005b30                HAL_TIM_OC_DelayElapsedCallback
 .text.HAL_TIM_IC_CaptureCallback
                0x0000000008005b34        0x4 build/stm32g4xx_hal_tim.o
                0x0000000008005b34                HAL_TIM_IC_CaptureCallback
 .text.HAL_TIM_PWM_PulseFinishedCallback
                0x0000000008005b38        0x4 build/stm32g4xx_hal_tim.o
                0x0000000008005b38                HAL_TIM_PWM_PulseFinishedCallback
 .text.HAL_TIM_TriggerCallback
                0x0000000008005b3c        0x4 build/stm32g4xx_hal_tim.o
                0x0000000008005b3c                HAL_TIM_TriggerCallback
 .text.HAL_TIM_IRQHandler
                0x0000000008005b40      0x1c4 build/stm32g4xx_hal_tim.o
                0x0000000008005b40                HAL_TIM_IRQHandler
 .text.HAL_TIMEx_CommutCallback
                0x0000000008005d04        0x4 build/stm32g4xx_hal_tim_ex.o
                0x0000000008005d04                HAL_TIMEx_CommutCallback
 .text.HAL_TIMEx_BreakCallback
                0x0000000008005d08        0x4 build/stm32g4xx_hal_tim_ex.o
                0x0000000008005d08                HAL_TIMEx_BreakCallback
 .text.HAL_TIMEx_Break2Callback
                0x0000000008005d0c        0x4 build/stm32g4xx_hal_tim_ex.o
                0x0000000008005d0c                HAL_TIMEx_Break2Callback
 .text.HAL_TIMEx_EncoderIndexCallback
                0x0000000008005d10        0x4 build/stm32g4xx_hal_tim_ex.o
                0x0000000008005d10                HAL_TIMEx_EncoderIndexCallback
 .text.HAL_TIMEx_DirectionChangeCallback
                0x0000000008005d14        0x4 build/stm32g4xx_hal_tim_ex.o
                0x0000000008005d14                HAL_TIMEx_DirectionChangeCallback
 .text.HAL_TIMEx_IndexErrorCallback
                0x0000000008005d18        0x4 build/stm32g4xx_hal_tim_ex.o
                0x0000000008005d18                HAL_TIMEx_IndexErrorCallback
 .text.HAL_TIMEx_TransitionErrorCallback
                0x0000000008005d1c        0x4 build/stm32g4xx_hal_tim_ex.o
                0x0000000008005d1c                HAL_TIMEx_TransitionErrorCallback
 .text.LL_TIM_Init
                0x0000000008005d20       0xa8 build/stm32g4xx_ll_tim.o
                0x0000000008005d20                LL_TIM_Init
 .text.LL_TIM_OC_Init
                0x0000000008005dc8      0x358 build/stm32g4xx_ll_tim.o
                0x0000000008005dc8                LL_TIM_OC_Init
 .text.LL_TIM_BDTR_Init
                0x0000000008006120       0x88 build/stm32g4xx_ll_tim.o
                0x0000000008006120                LL_TIM_BDTR_Init
 .text.LL_USART_Init
                0x00000000080061a8       0xf8 build/stm32g4xx_ll_usart.o
                0x00000000080061a8                LL_USART_Init
 .text.SystemInit
                0x00000000080062a0       0x14 build/system_stm32g4xx.o
                0x00000000080062a0                SystemInit
 .text.vListInitialise
                0x00000000080062b4       0x18 build/list.o
                0x00000000080062b4                vListInitialise
 .text.vListInitialiseItem
                0x00000000080062cc        0x8 build/list.o
                0x00000000080062cc                vListInitialiseItem
 .text.vListInsertEnd
                0x00000000080062d4       0x20 build/list.o
                0x00000000080062d4                vListInsertEnd
 .text.vListInsert
                0x00000000080062f4       0x30 build/list.o
                0x00000000080062f4                vListInsert
 .text.uxListRemove
                0x0000000008006324       0x28 build/list.o
                0x0000000008006324                uxListRemove
 .text.prvCopyDataToQueue
                0x000000000800634c       0x78 build/queue.o
 .text.xQueueGenericCreate
                0x00000000080063c4       0x78 build/queue.o
                0x00000000080063c4                xQueueGenericCreate
 .text.xQueueGenericSend
                0x000000000800643c      0x2fc build/queue.o
                0x000000000800643c                xQueueGenericSend
 .text.xQueueGiveFromISR
                0x0000000008006738       0xb0 build/queue.o
                0x0000000008006738                xQueueGiveFromISR
 .text.xQueueSemaphoreTake
                0x00000000080067e8      0x314 build/queue.o
                0x00000000080067e8                xQueueSemaphoreTake
 .text.xQueueReceiveFromISR
                0x0000000008006afc       0xbc build/queue.o
                0x0000000008006afc                xQueueReceiveFromISR
 .text.prvIdleTask
                0x0000000008006bb8       0x6c build/tasks.o
 .text.prvAddCurrentTaskToDelayedList
                0x0000000008006c24       0x8c build/tasks.o
 .text.xTaskIncrementTick.part.0
                0x0000000008006cb0      0x154 build/tasks.o
 .text.xTaskResumeAll.part.0
                0x0000000008006e04      0x144 build/tasks.o
 .text.xTaskCreate
                0x0000000008006f48      0x260 build/tasks.o
                0x0000000008006f48                xTaskCreate
 .text.vTaskDelay
                0x00000000080071a8       0x60 build/tasks.o
                0x00000000080071a8                vTaskDelay
 .text.vTaskStartScheduler
                0x0000000008007208      0x1cc build/tasks.o
                0x0000000008007208                vTaskStartScheduler
 .text.vTaskSuspendAll
                0x00000000080073d4       0x10 build/tasks.o
                0x00000000080073d4                vTaskSuspendAll
 .text.xTaskResumeAll
                0x00000000080073e4       0x20 build/tasks.o
                0x00000000080073e4                xTaskResumeAll
 .text.xTaskIncrementTick
                0x0000000008007404       0x20 build/tasks.o
                0x0000000008007404                xTaskIncrementTick
 .text.vTaskSwitchContext
                0x0000000008007424       0x70 build/tasks.o
                0x0000000008007424                vTaskSwitchContext
 .text.vTaskPlaceOnEventList
                0x0000000008007494       0xa0 build/tasks.o
                0x0000000008007494                vTaskPlaceOnEventList
 .text.xTaskRemoveFromEventList
                0x0000000008007534       0x90 build/tasks.o
                0x0000000008007534                xTaskRemoveFromEventList
 .text.vTaskInternalSetTimeOutState
                0x00000000080075c4       0x18 build/tasks.o
                0x00000000080075c4                vTaskInternalSetTimeOutState
 .text.xTaskCheckForTimeOut
                0x00000000080075dc       0x90 build/tasks.o
                0x00000000080075dc                xTaskCheckForTimeOut
 .text.vTaskMissedYield
                0x000000000800766c        0xc build/tasks.o
                0x000000000800766c                vTaskMissedYield
 .text.xTaskGetSchedulerState
                0x0000000008007678       0x20 build/tasks.o
                0x0000000008007678                xTaskGetSchedulerState
 .text.xTaskPriorityInherit
                0x0000000008007698       0xa0 build/tasks.o
                0x0000000008007698                xTaskPriorityInherit
 .text.xTaskPriorityDisinherit
                0x0000000008007738       0xb8 build/tasks.o
                0x0000000008007738                xTaskPriorityDisinherit
 .text.vTaskPriorityDisinheritAfterTimeout
                0x00000000080077f0       0xc0 build/tasks.o
                0x00000000080077f0                vTaskPriorityDisinheritAfterTimeout
 .text.pvTaskIncrementMutexHeldCount
                0x00000000080078b0       0x18 build/tasks.o
                0x00000000080078b0                pvTaskIncrementMutexHeldCount
 .text.osKernelStart
                0x00000000080078c8        0xc build/cmsis_os.o
                0x00000000080078c8                osKernelStart
 .text.osThreadCreate
                0x00000000080078d4       0x38 build/cmsis_os.o
                0x00000000080078d4                osThreadCreate
 .text.osSemaphoreCreate
                0x000000000800790c       0x2c build/cmsis_os.o
                0x000000000800790c                osSemaphoreCreate
 .text.osSemaphoreWait
                0x0000000008007938       0x58 build/cmsis_os.o
                0x0000000008007938                osSemaphoreWait
 .text.osSemaphoreRelease
                0x0000000008007990       0x50 build/cmsis_os.o
                0x0000000008007990                osSemaphoreRelease
 .text.pvPortMalloc
                0x00000000080079e0      0x170 build/heap_4.o
                0x00000000080079e0                pvPortMalloc
 .text.vPortFree
                0x0000000008007b50       0xc4 build/heap_4.o
                0x0000000008007b50                vPortFree
 .text.prvPortStartFirstTask
                0x0000000008007c14       0x28 build/port.o
 .text.vPortEnableVFP
                0x0000000008007c3c       0x14 build/port.o
 .text.prvTaskExitError
                0x0000000008007c50       0x40 build/port.o
 .text.pxPortInitialiseStack
                0x0000000008007c90       0x28 build/port.o
                0x0000000008007c90                pxPortInitialiseStack
 *fill*         0x0000000008007cb8        0x8 
 .text.SVC_Handler
                0x0000000008007cc0       0x24 build/port.o
                0x0000000008007cc0                SVC_Handler
 .text.vPortEnterCritical
                0x0000000008007ce4       0x44 build/port.o
                0x0000000008007ce4                vPortEnterCritical
 .text.vPortExitCritical
                0x0000000008007d28       0x28 build/port.o
                0x0000000008007d28                vPortExitCritical
 .text.PendSV_Handler
                0x0000000008007d50       0x64 build/port.o
                0x0000000008007d50                PendSV_Handler
 .text.SysTick_Handler
                0x0000000008007db4       0x2c build/port.o
                0x0000000008007db4                SysTick_Handler
 .text.xPortStartScheduler
                0x0000000008007de0      0x140 build/port.o
                0x0000000008007de0                xPortStartScheduler
 .text.vPortValidateInterruptPriority
                0x0000000008007f20       0x5c build/port.o
                0x0000000008007f20                vPortValidateInterruptPriority
 .text.STSPIN32G4_readReg.part.0
                0x0000000008007f7c      0x118 build/stspin32g4.o
 .text.STSPIN32G4_writeReg.part.0
                0x0000000008008094      0x10c build/stspin32g4.o
 .text.STSPIN32G4_init
                0x00000000080081a0       0x14 build/stspin32g4.o
                0x00000000080081a0                STSPIN32G4_init
 .text.STSPIN32G4_setVCC
                0x00000000080081b4      0x1c0 build/stspin32g4.o
                0x00000000080081b4                STSPIN32G4_setVCC
 .text.STSPIN32G4_setVDSP
                0x0000000008008374      0x148 build/stspin32g4.o
                0x0000000008008374                STSPIN32G4_setVDSP
 .text.STSPIN32G4_clearFaults
                0x00000000080084bc       0x14 build/stspin32g4.o
                0x00000000080084bc                STSPIN32G4_clearFaults
 .text.STSPIN32G4_reset
                0x00000000080084d0       0x4c build/stspin32g4.o
                0x00000000080084d0                STSPIN32G4_reset
 .text.STSPIN32G4_wakeup
                0x000000000800851c       0x74 build/stspin32g4.o
                0x000000000800851c                STSPIN32G4_wakeup
 .text.VBS_GetAvBusVoltage_V
                0x0000000008008590        0xc build/bus_voltage_sensor.o
                0x0000000008008590                VBS_GetAvBusVoltage_V
 .text.FF_Init  0x000000000800859c       0x1c build/feed_forward_ctrl.o
                0x000000000800859c                FF_Init
 .text.FF_Clear
                0x00000000080085b8        0x8 build/feed_forward_ctrl.o
                0x00000000080085b8                FF_Clear
 .text.FF_VqdffComputation
                0x00000000080085c0       0xb0 build/feed_forward_ctrl.o
                0x00000000080085c0                FF_VqdffComputation
 .text.FF_InitFOCAdditionalMethods
                0x0000000008008670       0x1c build/feed_forward_ctrl.o
                0x0000000008008670                FF_InitFOCAdditionalMethods
 .text.FF_GetVqdff
                0x000000000800868c       0x18 build/feed_forward_ctrl.o
                0x000000000800868c                FF_GetVqdff
 .text.FF_GetVqdAvPIout
                0x00000000080086a4       0x18 build/feed_forward_ctrl.o
                0x00000000080086a4                FF_GetVqdAvPIout
 .text.NTC_Init
                0x00000000080086bc       0x24 build/ntc_temperature_sensor.o
                0x00000000080086bc                NTC_Init
 .text.NTC_GetAvTemp_C
                0x00000000080086e0       0x24 build/ntc_temperature_sensor.o
                0x00000000080086e0                NTC_GetAvTemp_C
 .text.PID_HandleInit
                0x0000000008008704       0x10 build/pid_regulator.o
                0x0000000008008704                PID_HandleInit
 .text.PID_SetKP
                0x0000000008008714        0x4 build/pid_regulator.o
                0x0000000008008714                PID_SetKP
 .text.PID_SetKI
                0x0000000008008718        0x4 build/pid_regulator.o
                0x0000000008008718                PID_SetKI
 .text.PID_GetKP
                0x000000000800871c        0x8 build/pid_regulator.o
                0x000000000800871c                PID_GetKP
 .text.PID_GetKI
                0x0000000008008724        0x8 build/pid_regulator.o
                0x0000000008008724                PID_GetKI
 .text.PID_SetIntegralTerm
                0x000000000800872c        0x4 build/pid_regulator.o
                0x000000000800872c                PID_SetIntegralTerm
 .text.PID_SetKPDivisorPOW2
                0x0000000008008730        0xc build/pid_regulator.o
                0x0000000008008730                PID_SetKPDivisorPOW2
 .text.PID_GetKIDivisor
                0x000000000800873c        0x4 build/pid_regulator.o
                0x000000000800873c                PID_GetKIDivisor
 .text.PID_SetLowerIntegralTermLimit
                0x0000000008008740        0x4 build/pid_regulator.o
                0x0000000008008740                PID_SetLowerIntegralTermLimit
 .text.PID_SetUpperIntegralTermLimit
                0x0000000008008744        0x4 build/pid_regulator.o
                0x0000000008008744                PID_SetUpperIntegralTermLimit
 .text.PID_SetKIDivisorPOW2
                0x0000000008008748       0x28 build/pid_regulator.o
                0x0000000008008748                PID_SetKIDivisorPOW2
 .text.PID_SetKD
                0x0000000008008770        0x4 build/pid_regulator.o
                0x0000000008008770                PID_SetKD
 .text.PID_GetKD
                0x0000000008008774        0x8 build/pid_regulator.o
                0x0000000008008774                PID_GetKD
 .text.PI_Controller
                0x000000000800877c       0x8c build/pid_regulator.o
                0x000000000800877c                PI_Controller
 .text.PQD_GetAvrgElMotorPowerW
                0x0000000008008808       0x34 build/pqd_motor_power_measurement.o
                0x0000000008008808                PQD_GetAvrgElMotorPowerW
 .text.RVBS_Clear
                0x000000000800883c       0x3c build/r_divider_bus_voltage_sensor.o
                0x000000000800883c                RVBS_Clear
 .text.RVBS_Init
                0x0000000008008878        0x8 build/r_divider_bus_voltage_sensor.o
                0x0000000008008878                RVBS_Init
 .text.REMNG_Init
                0x0000000008008880       0x10 build/ramp_ext_mngr.o
                0x0000000008008880                REMNG_Init
 .text.REMNG_Calc
                0x0000000008008890       0x44 build/ramp_ext_mngr.o
                0x0000000008008890                REMNG_Calc
 .text.REMNG_RampCompleted
                0x00000000080088d4        0xc build/ramp_ext_mngr.o
                0x00000000080088d4                REMNG_RampCompleted
 .text.getScalingFactor
                0x00000000080088e0       0x2c build/ramp_ext_mngr.o
                0x00000000080088e0                getScalingFactor
 .text.REMNG_ExecRamp
                0x000000000800890c       0x88 build/ramp_ext_mngr.o
                0x000000000800890c                REMNG_ExecRamp
 .text.RUC_Init
                0x0000000008008994       0x70 build/revup_ctrl.o
                0x0000000008008994                RUC_Init
 .text.RUC_Clear
                0x0000000008008a04       0x90 build/revup_ctrl.o
                0x0000000008008a04                RUC_Clear
 .text.RUC_Exec
                0x0000000008008a94       0x6c build/revup_ctrl.o
                0x0000000008008a94                RUC_Exec
 .text.RUC_SetPhaseDurationms
                0x0000000008008b00        0xc build/revup_ctrl.o
                0x0000000008008b00                RUC_SetPhaseDurationms
 .text.RUC_SetPhaseFinalMecSpeedUnit
                0x0000000008008b0c        0xc build/revup_ctrl.o
                0x0000000008008b0c                RUC_SetPhaseFinalMecSpeedUnit
 .text.RUC_SetPhaseFinalTorque
                0x0000000008008b18        0xc build/revup_ctrl.o
                0x0000000008008b18                RUC_SetPhaseFinalTorque
 .text.SPD_GetAvrgMecSpeedUnit
                0x0000000008008b24        0x8 build/speed_pos_fdbk.o
                0x0000000008008b24                SPD_GetAvrgMecSpeedUnit
 .text.SPD_GetElSpeedDpp
                0x0000000008008b2c        0x8 build/speed_pos_fdbk.o
                0x0000000008008b2c                SPD_GetElSpeedDpp
 .text.SPD_IsMecSpeedReliable
                0x0000000008008b34       0x6c build/speed_pos_fdbk.o
                0x0000000008008b34                SPD_IsMecSpeedReliable
 .text.SPD_GetS16Speed
                0x0000000008008ba0       0x14 build/speed_pos_fdbk.o
                0x0000000008008ba0                SPD_GetS16Speed
 .text.SPD_GetElToMecRatio
                0x0000000008008bb4        0x4 build/speed_pos_fdbk.o
                0x0000000008008bb4                SPD_GetElToMecRatio
 .text.SPD_SetElToMecRatio
                0x0000000008008bb8        0x4 build/speed_pos_fdbk.o
                0x0000000008008bb8                SPD_SetElToMecRatio
 .text.STC_Init
                0x0000000008008bbc       0x2c build/speed_torq_ctrl.o
                0x0000000008008bbc                STC_Init
 .text.STC_SetSpeedSensor
                0x0000000008008be8        0x4 build/speed_torq_ctrl.o
                0x0000000008008be8                STC_SetSpeedSensor
 .text.STC_Clear
                0x0000000008008bec       0x10 build/speed_torq_ctrl.o
                0x0000000008008bec                STC_Clear
 .text.STC_GetMecSpeedRefUnit
                0x0000000008008bfc        0x8 build/speed_torq_ctrl.o
                0x0000000008008bfc                STC_GetMecSpeedRefUnit
 .text.STC_SetControlMode
                0x0000000008008c04        0x8 build/speed_torq_ctrl.o
                0x0000000008008c04                STC_SetControlMode
 .text.STC_ExecRamp
                0x0000000008008c0c       0x90 build/speed_torq_ctrl.o
                0x0000000008008c0c                STC_ExecRamp
 .text.STC_CalcTorqueReference
                0x0000000008008c9c       0x54 build/speed_torq_ctrl.o
                0x0000000008008c9c                STC_CalcTorqueReference
 .text.STC_GetDefaultIqdref
                0x0000000008008cf0       0x1c build/speed_torq_ctrl.o
                0x0000000008008cf0                STC_GetDefaultIqdref
 .text.STC_ForceSpeedReferenceToCurrentSpeed
                0x0000000008008d0c       0x10 build/speed_torq_ctrl.o
                0x0000000008008d0c                STC_ForceSpeedReferenceToCurrentSpeed
 .text.STO_PLL_Clear
                0x0000000008008d1c       0x4c build/sto_pll_speed_pos_fdbk.o
                0x0000000008008d1c                STO_PLL_Clear
 .text.STO_PLL_Init
                0x0000000008008d68       0x74 build/sto_pll_speed_pos_fdbk.o
                0x0000000008008d68                STO_PLL_Init
 .text.STO_PLL_IsObserverConverged
                0x0000000008008ddc       0xc4 build/sto_pll_speed_pos_fdbk.o
                0x0000000008008ddc                STO_PLL_IsObserverConverged
 .text.STO_PLL_GetEstimatedBemf
                0x0000000008008ea0       0x18 build/sto_pll_speed_pos_fdbk.o
                0x0000000008008ea0                STO_PLL_GetEstimatedBemf
 .text.STO_PLL_GetObserverGains
                0x0000000008008eb8       0x10 build/sto_pll_speed_pos_fdbk.o
                0x0000000008008eb8                STO_PLL_GetObserverGains
 .text.STO_PLL_SetObserverGains
                0x0000000008008ec8        0x8 build/sto_pll_speed_pos_fdbk.o
                0x0000000008008ec8                STO_PLL_SetObserverGains
 .text.STO_OTF_ResetPLL
                0x0000000008008ed0        0xc build/sto_pll_speed_pos_fdbk.o
                0x0000000008008ed0                STO_OTF_ResetPLL
 .text.STO_PLL_IsVarianceTight
                0x0000000008008edc        0x8 build/sto_pll_speed_pos_fdbk.o
                0x0000000008008edc                STO_PLL_IsVarianceTight
 .text.STO_PLL_ForceConvergency1
                0x0000000008008ee4        0xc build/sto_pll_speed_pos_fdbk.o
                0x0000000008008ee4                STO_PLL_ForceConvergency1
 .text.STO_PLL_ForceConvergency2
                0x0000000008008ef0        0xc build/sto_pll_speed_pos_fdbk.o
                0x0000000008008ef0                STO_PLL_ForceConvergency2
 .text.STO_SetDirection
                0x0000000008008efc        0x8 build/sto_pll_speed_pos_fdbk.o
                0x0000000008008efc                STO_SetDirection
 .text.VSS_Clear
                0x0000000008008f04       0x1c build/virtual_speed_sensor.o
                0x0000000008008f04                VSS_Clear
 .text.VSS_Init
                0x0000000008008f20        0x8 build/virtual_speed_sensor.o
                0x0000000008008f20                VSS_Init
 .text.VSS_CalcAvrgMecSpeedUnit
                0x0000000008008f28       0xa4 build/virtual_speed_sensor.o
                0x0000000008008f28                VSS_CalcAvrgMecSpeedUnit
 .text.VSS_SetMecAcceleration
                0x0000000008008fcc       0x90 build/virtual_speed_sensor.o
                0x0000000008008fcc                VSS_SetMecAcceleration
 .text.VSS_SetStartTransition
                0x000000000800905c       0x1c build/virtual_speed_sensor.o
                0x000000000800905c                VSS_SetStartTransition
 .text.VSS_TransitionEnded
                0x0000000008009078        0x8 build/virtual_speed_sensor.o
                0x0000000008009078                VSS_TransitionEnded
 .text.R3_2_ADCxInit
                0x0000000008009080       0xbc build/r3_2_g4xx_pwm_curr_fdbk.o
 .text.R3_2_GetPhaseCurrents
                0x000000000800913c      0x17c build/r3_2_g4xx_pwm_curr_fdbk.o
                0x000000000800913c                R3_2_GetPhaseCurrents
 .text.R3_2_SetADCSampPointPolarization
                0x00000000080092b8       0x44 build/r3_2_g4xx_pwm_curr_fdbk.o
                0x00000000080092b8                R3_2_SetADCSampPointPolarization
 .text.R3_2_HFCurrentsPolarizationAB
                0x00000000080092fc       0x48 build/r3_2_g4xx_pwm_curr_fdbk.o
 .text.R3_2_HFCurrentsPolarizationC
                0x0000000008009344       0x3c build/r3_2_g4xx_pwm_curr_fdbk.o
 .text.R3_2_SwitchOnPWM
                0x0000000008009380       0x98 build/r3_2_g4xx_pwm_curr_fdbk.o
                0x0000000008009380                R3_2_SwitchOnPWM
 .text.R3_2_SwitchOffPWM
                0x0000000008009418       0x7c build/r3_2_g4xx_pwm_curr_fdbk.o
                0x0000000008009418                R3_2_SwitchOffPWM
 .text.R3_2_RLGetPhaseCurrents
                0x0000000008009494       0x4c build/r3_2_g4xx_pwm_curr_fdbk.o
 .text.R3_2_RLSwitchOnPWM
                0x00000000080094e0       0xb4 build/r3_2_g4xx_pwm_curr_fdbk.o
 .text.R3_2_TurnOnLowSides
                0x0000000008009594       0x54 build/r3_2_g4xx_pwm_curr_fdbk.o
                0x0000000008009594                R3_2_TurnOnLowSides
 .text.R3_2_SetAOReferenceVoltage
                0x00000000080095e8       0x98 build/r3_2_g4xx_pwm_curr_fdbk.o
 .text.R3_2_RLTurnOnLowSides
                0x0000000008009680       0x50 build/r3_2_g4xx_pwm_curr_fdbk.o
 .text.R3_2_Init
                0x00000000080096d0      0x28c build/r3_2_g4xx_pwm_curr_fdbk.o
                0x00000000080096d0                R3_2_Init
 .text.R3_2_SetOffsetCalib
                0x000000000800995c       0x1c build/r3_2_g4xx_pwm_curr_fdbk.o
                0x000000000800995c                R3_2_SetOffsetCalib
 .text.R3_2_GetOffsetCalib
                0x0000000008009978       0x10 build/r3_2_g4xx_pwm_curr_fdbk.o
                0x0000000008009978                R3_2_GetOffsetCalib
 .text.R3_2_CurrentReadingPolarization
                0x0000000008009988      0x148 build/r3_2_g4xx_pwm_curr_fdbk.o
                0x0000000008009988                R3_2_CurrentReadingPolarization
 .text.R3_2_GetPhaseCurrents_OVM
                0x0000000008009ad0      0x2f8 build/r3_2_g4xx_pwm_curr_fdbk.o
                0x0000000008009ad0                R3_2_GetPhaseCurrents_OVM
 .text.R3_2_SetADCSampPointSectX_OVM
                0x0000000008009dc8       0x9c build/r3_2_g4xx_pwm_curr_fdbk.o
                0x0000000008009dc8                R3_2_SetADCSampPointSectX_OVM
 .text.R3_2_TIMx_UP_IRQHandler
                0x0000000008009e64       0x94 build/r3_2_g4xx_pwm_curr_fdbk.o
                0x0000000008009e64                R3_2_TIMx_UP_IRQHandler
 .text.R3_2_RLDetectionModeEnable
                0x0000000008009ef8       0xd8 build/r3_2_g4xx_pwm_curr_fdbk.o
                0x0000000008009ef8                R3_2_RLDetectionModeEnable
 .text.R3_2_RLDetectionModeDisable
                0x0000000008009fd0      0x134 build/r3_2_g4xx_pwm_curr_fdbk.o
                0x0000000008009fd0                R3_2_RLDetectionModeDisable
 .text.R3_2_RLDetectionModeSetDuty
                0x000000000800a104       0x84 build/r3_2_g4xx_pwm_curr_fdbk.o
                0x000000000800a104                R3_2_RLDetectionModeSetDuty
 .text.R3_2_RLTurnOnLowSidesAndStart
                0x000000000800a188       0x80 build/r3_2_g4xx_pwm_curr_fdbk.o
                0x000000000800a188                R3_2_RLTurnOnLowSidesAndStart
 .text.Reset_Handler
                0x000000000800a208       0x50 build/startup_stm32g431xx.o
                0x000000000800a208                Reset_Handler
 .text.Default_Handler
                0x000000000800a258        0x2 build/startup_stm32g431xx.o
                0x000000000800a258                RTC_Alarm_IRQHandler
                0x000000000800a258                EXTI2_IRQHandler
                0x000000000800a258                TIM8_TRG_COM_IRQHandler
                0x000000000800a258                TIM8_CC_IRQHandler
                0x000000000800a258                DebugMon_Handler
                0x000000000800a258                TIM1_CC_IRQHandler
                0x000000000800a258                USB_HP_IRQHandler
                0x000000000800a258                CORDIC_IRQHandler
                0x000000000800a258                NMI_Handler
                0x000000000800a258                EXTI3_IRQHandler
                0x000000000800a258                I2C3_ER_IRQHandler
                0x000000000800a258                EXTI0_IRQHandler
                0x000000000800a258                I2C2_EV_IRQHandler
                0x000000000800a258                FPU_IRQHandler
                0x000000000800a258                FDCAN1_IT1_IRQHandler
                0x000000000800a258                UsageFault_Handler
                0x000000000800a258                SPI1_IRQHandler
                0x000000000800a258                TIM8_UP_IRQHandler
                0x000000000800a258                DMA2_Channel2_IRQHandler
                0x000000000800a258                DMA1_Channel4_IRQHandler
                0x000000000800a258                USART3_IRQHandler
                0x000000000800a258                TIM4_IRQHandler
                0x000000000800a258                DMA2_Channel1_IRQHandler
                0x000000000800a258                I2C1_EV_IRQHandler
                0x000000000800a258                DMA1_Channel6_IRQHandler
                0x000000000800a258                UART4_IRQHandler
                0x000000000800a258                DMA2_Channel4_IRQHandler
                0x000000000800a258                TIM3_IRQHandler
                0x000000000800a258                RCC_IRQHandler
                0x000000000800a258                Default_Handler
                0x000000000800a258                RTC_TAMP_LSECSS_IRQHandler
                0x000000000800a258                FMAC_IRQHandler
                0x000000000800a258                TIM7_IRQHandler
                0x000000000800a258                UCPD1_IRQHandler
                0x000000000800a258                I2C3_EV_IRQHandler
                0x000000000800a258                EXTI9_5_IRQHandler
                0x000000000800a258                RTC_WKUP_IRQHandler
                0x000000000800a258                PVD_PVM_IRQHandler
                0x000000000800a258                SPI2_IRQHandler
                0x000000000800a258                MemManage_Handler
                0x000000000800a258                DMA2_Channel5_IRQHandler
                0x000000000800a258                CRS_IRQHandler
                0x000000000800a258                DMA1_Channel5_IRQHandler
                0x000000000800a258                USB_LP_IRQHandler
                0x000000000800a258                EXTI4_IRQHandler
                0x000000000800a258                RNG_IRQHandler
                0x000000000800a258                TIM1_TRG_COM_TIM17_IRQHandler
                0x000000000800a258                DMA1_Channel3_IRQHandler
                0x000000000800a258                WWDG_IRQHandler
                0x000000000800a258                LPUART1_IRQHandler
                0x000000000800a258                DMA2_Channel6_IRQHandler
                0x000000000800a258                FDCAN1_IT0_IRQHandler
                0x000000000800a258                TIM2_IRQHandler
                0x000000000800a258                COMP1_2_3_IRQHandler
                0x000000000800a258                EXTI1_IRQHandler
                0x000000000800a258                USART2_IRQHandler
                0x000000000800a258                I2C2_ER_IRQHandler
                0x000000000800a258                TIM8_BRK_IRQHandler
                0x000000000800a258                FLASH_IRQHandler
                0x000000000800a258                BusFault_Handler
                0x000000000800a258                SPI3_IRQHandler
                0x000000000800a258                I2C1_ER_IRQHandler
                0x000000000800a258                LPTIM1_IRQHandler
                0x000000000800a258                DMAMUX_OVR_IRQHandler
                0x000000000800a258                USBWakeUp_IRQHandler
                0x000000000800a258                SAI1_IRQHandler
                0x000000000800a258                DMA2_Channel3_IRQHandler
                0x000000000800a258                COMP4_IRQHandler
 *fill*         0x000000000800a25a        0x2 
 .text.test_svm
                0x000000000800a25c      0x280 build/utils.o
                0x000000000800a25c                test_svm
 .text.clark_park
                0x000000000800a4dc       0x94 build/utils.o
                0x000000000800a4dc                clark_park
 .text.startup._GLOBAL__sub_I_board_config
                0x000000000800a570      0x218 build/main_.o
 .text._ZN4Axis19default_calibrationEv
                0x000000000800a788       0x34 build/axis.o
                0x000000000800a788                Axis::default_calibration()
 .text._ZN4Axis18default_sensorlessEv
                0x000000000800a7bc       0x3c build/axis.o
                0x000000000800a7bc                Axis::default_sensorless()
 .text._Z7OD_ReadttPt
                0x000000000800a7f8       0x68 build/canopen.o
                0x000000000800a7f8                OD_Read(unsigned short, unsigned short, unsigned short*)
 .text._Z8OD_Writettl
                0x000000000800a860       0x54 build/canopen.o
                0x000000000800a860                OD_Write(unsigned short, unsigned short, long)
 .text._Z8PDO_ReadhPt
                0x000000000800a8b4       0xa0 build/canopen.o
                0x000000000800a8b4                PDO_Read(unsigned char, unsigned short*)
 .text.OTT_Init
                0x000000000800a954       0xc8 MCSDK_v6.3.2-Full/MotorControl/libMP/libmp-G4-MDK-ARM_ARMv7-M.a(mp_one_touch_tuning.o)
                0x000000000800a954                OTT_Init
 .text.OTT_Stop
                0x000000000800aa1c        0x8 MCSDK_v6.3.2-Full/MotorControl/libMP/libmp-G4-MDK-ARM_ARMv7-M.a(mp_one_touch_tuning.o)
                0x000000000800aa1c                OTT_Stop
 .text.OTT_MF   0x000000000800aa24      0x6d0 MCSDK_v6.3.2-Full/MotorControl/libMP/libmp-G4-MDK-ARM_ARMv7-M.a(mp_one_touch_tuning.o)
                0x000000000800aa24                OTT_MF
 .text.OTT_SpeedCtrl
                0x000000000800b0f4      0x12e MCSDK_v6.3.2-Full/MotorControl/libMP/libmp-G4-MDK-ARM_ARMv7-M.a(mp_one_touch_tuning.o)
 *fill*         0x000000000800b222        0x2 
 .text.OTT_SR   0x000000000800b224       0x3e MCSDK_v6.3.2-Full/MotorControl/libMP/libmp-G4-MDK-ARM_ARMv7-M.a(mp_one_touch_tuning.o)
                0x000000000800b224                OTT_SR
 *fill*         0x000000000800b262        0x2 
 .text.OTT_ForceTuning
                0x000000000800b264        0x8 MCSDK_v6.3.2-Full/MotorControl/libMP/libmp-G4-MDK-ARM_ARMv7-M.a(mp_one_touch_tuning.o)
                0x000000000800b264                OTT_ForceTuning
 .text.SCC_Init
                0x000000000800b26c      0x11c MCSDK_v6.3.2-Full/MotorControl/libMP/libmp-G4-MDK-ARM_ARMv7-M.a(mp_self_com_ctrl.o)
                0x000000000800b26c                SCC_Init
 .text.SCC_CMD  0x000000000800b388      0x128 MCSDK_v6.3.2-Full/MotorControl/libMP/libmp-G4-MDK-ARM_ARMv7-M.a(mp_self_com_ctrl.o)
                0x000000000800b388                SCC_CMD
 .text.SCC_Stop
                0x000000000800b4b0       0x28 MCSDK_v6.3.2-Full/MotorControl/libMP/libmp-G4-MDK-ARM_ARMv7-M.a(mp_self_com_ctrl.o)
                0x000000000800b4b0                SCC_Stop
 .text.SCC_Start
                0x000000000800b4d8       0x70 MCSDK_v6.3.2-Full/MotorControl/libMP/libmp-G4-MDK-ARM_ARMv7-M.a(mp_self_com_ctrl.o)
                0x000000000800b4d8                SCC_Start
 .text.SCC_CheckOC_RL
                0x000000000800b548      0x2d8 MCSDK_v6.3.2-Full/MotorControl/libMP/libmp-G4-MDK-ARM_ARMv7-M.a(mp_self_com_ctrl.o)
                0x000000000800b548                SCC_CheckOC_RL
 .text.SCC_SetNominalCurrent
                0x000000000800b820       0x5c MCSDK_v6.3.2-Full/MotorControl/libMP/libmp-G4-MDK-ARM_ARMv7-M.a(mp_self_com_ctrl.o)
                0x000000000800b820                SCC_SetNominalCurrent
 .text.SCC_UpdateRevup
                0x000000000800b87c       0xe4 MCSDK_v6.3.2-Full/MotorControl/libMP/libmp-G4-MDK-ARM_ARMv7-M.a(mp_self_com_ctrl.o)
                0x000000000800b87c                SCC_UpdateRevup
 .text.SCC_MF   0x000000000800b960      0x8d4 MCSDK_v6.3.2-Full/MotorControl/libMP/libmp-G4-MDK-ARM_ARMv7-M.a(mp_self_com_ctrl.o)
                0x000000000800b960                SCC_MF
 .text.SCC_DetectBemf
                0x000000000800c234      0x2b8 MCSDK_v6.3.2-Full/MotorControl/libMP/libmp-G4-MDK-ARM_ARMv7-M.a(mp_self_com_ctrl.o)
                0x000000000800c234                SCC_DetectBemf
 .text.SCC_GetState
                0x000000000800c4ec       0x70 MCSDK_v6.3.2-Full/MotorControl/libMP/libmp-G4-MDK-ARM_ARMv7-M.a(mp_self_com_ctrl.o)
                0x000000000800c4ec                SCC_GetState
 .text.SCC_SetNominalSpeed
                0x000000000800c55c       0x38 MCSDK_v6.3.2-Full/MotorControl/libMP/libmp-G4-MDK-ARM_ARMv7-M.a(mp_self_com_ctrl.o)
                0x000000000800c55c                SCC_SetNominalSpeed
 .text.SCC_GetResistorOffset
                0x000000000800c594        0xa MCSDK_v6.3.2-Full/MotorControl/libMP/libmp-G4-MDK-ARM_ARMv7-M.a(mp_self_com_ctrl.o)
                0x000000000800c594                SCC_GetResistorOffset
 *fill*         0x000000000800c59e        0x2 
 .text.SCC_SetPBCharacterization
                0x000000000800c5a0        0xa MCSDK_v6.3.2-Full/MotorControl/libMP/libmp-G4-MDK-ARM_ARMv7-M.a(mp_self_com_ctrl.o)
                0x000000000800c5a0                SCC_SetPBCharacterization
 *fill*         0x000000000800c5aa        0x2 
 .text.SCC_SetResistorOffset
                0x000000000800c5ac        0xa MCSDK_v6.3.2-Full/MotorControl/libMP/libmp-G4-MDK-ARM_ARMv7-M.a(mp_self_com_ctrl.o)
                0x000000000800c5ac                SCC_SetResistorOffset
 *fill*         0x000000000800c5b6        0x2 
 .text.fmodf    0x000000000800c5b8       0x54 /usr/share/gcc-arm-none-eabi-10-2020-q4-major/bin/../lib/gcc/arm-none-eabi/10.2.1/../../../../arm-none-eabi/lib/thumb/v7e-m+fp/hard/libm.a(lib_a-wf_fmod.o)
                0x000000000800c5b8                fmodf
 .text.__ieee754_fmodf
                0x000000000800c60c      0x120 /usr/share/gcc-arm-none-eabi-10-2020-q4-major/bin/../lib/gcc/arm-none-eabi/10.2.1/../../../../arm-none-eabi/lib/thumb/v7e-m+fp/hard/libm.a(lib_a-ef_fmod.o)
                0x000000000800c60c                __ieee754_fmodf
 .text.__aeabi_memclr
                0x000000000800c72c        0x6 /usr/share/gcc-arm-none-eabi-10-2020-q4-major/bin/../lib/gcc/arm-none-eabi/10.2.1/../../../../arm-none-eabi/lib/thumb/v7e-m+fp/hard/libc_nano.a(lib_a-aeabi_memclr.o)
                0x000000000800c72c                __aeabi_memclr8
                0x000000000800c72c                __aeabi_memclr
                0x000000000800c72c                __aeabi_memclr4
 *fill*         0x000000000800c732        0x2 
 .text.__errno  0x000000000800c734        0xc /usr/share/gcc-arm-none-eabi-10-2020-q4-major/bin/../lib/gcc/arm-none-eabi/10.2.1/../../../../arm-none-eabi/lib/thumb/v7e-m+fp/hard/libc_nano.a(lib_a-errno.o)
                0x000000000800c734                __errno
 .text.__libc_init_array
                0x000000000800c740       0x48 /usr/share/gcc-arm-none-eabi-10-2020-q4-major/bin/../lib/gcc/arm-none-eabi/10.2.1/../../../../arm-none-eabi/lib/thumb/v7e-m+fp/hard/libc_nano.a(lib_a-init.o)
                0x000000000800c740                __libc_init_array
 .text.memcpy   0x000000000800c788       0x1c /usr/share/gcc-arm-none-eabi-10-2020-q4-major/bin/../lib/gcc/arm-none-eabi/10.2.1/../../../../arm-none-eabi/lib/thumb/v7e-m+fp/hard/libc_nano.a(lib_a-memcpy-stub.o)
                0x000000000800c788                memcpy
 .text.memset   0x000000000800c7a4       0x10 /usr/share/gcc-arm-none-eabi-10-2020-q4-major/bin/../lib/gcc/arm-none-eabi/10.2.1/../../../../arm-none-eabi/lib/thumb/v7e-m+fp/hard/libc_nano.a(lib_a-memset.o)
                0x000000000800c7a4                memset
 *(.glue_7)
 .glue_7        0x000000000800c7b4        0x0 linker stubs
 *(.glue_7t)
 .glue_7t       0x000000000800c7b4        0x0 linker stubs
 *(.eh_frame)
 .eh_frame      0x000000000800c7b4        0x0 /usr/share/gcc-arm-none-eabi-10-2020-q4-major/bin/../lib/gcc/arm-none-eabi/10.2.1/thumb/v7e-m+fp/hard/crtbegin.o
 *(.init)
 .init          0x000000000800c7b4        0x4 /usr/share/gcc-arm-none-eabi-10-2020-q4-major/bin/../lib/gcc/arm-none-eabi/10.2.1/thumb/v7e-m+fp/hard/crti.o
                0x000000000800c7b4                _init
 .init          0x000000000800c7b8        0x8 /usr/share/gcc-arm-none-eabi-10-2020-q4-major/bin/../lib/gcc/arm-none-eabi/10.2.1/thumb/v7e-m+fp/hard/crtn.o
 *(.fini)
 .fini          0x000000000800c7c0        0x4 /usr/share/gcc-arm-none-eabi-10-2020-q4-major/bin/../lib/gcc/arm-none-eabi/10.2.1/thumb/v7e-m+fp/hard/crti.o
                0x000000000800c7c0                _fini
 .fini          0x000000000800c7c4        0x8 /usr/share/gcc-arm-none-eabi-10-2020-q4-major/bin/../lib/gcc/arm-none-eabi/10.2.1/thumb/v7e-m+fp/hard/crtn.o
                0x000000000800c7cc                . = ALIGN (0x4)
                0x000000000800c7cc                _etext = .

.vfp11_veneer   0x000000000800c7cc        0x0
 .vfp11_veneer  0x000000000800c7cc        0x0 linker stubs

.v4_bx          0x000000000800c7cc        0x0
 .v4_bx         0x000000000800c7cc        0x0 linker stubs

.iplt           0x000000000800c7cc        0x0
 .iplt          0x000000000800c7cc        0x0 /usr/share/gcc-arm-none-eabi-10-2020-q4-major/bin/../lib/gcc/arm-none-eabi/10.2.1/thumb/v7e-m+fp/hard/crtbegin.o

.rodata         0x000000000800c7cc      0x528
                0x000000000800c7cc                . = ALIGN (0x4)
 *(.rodata)
 .rodata        0x000000000800c7cc       0x28 build/main.o
 .rodata        0x000000000800c7f4       0x14 build/interface_uart.o
 .rodata        0x000000000800c808       0x1c build/axis.o
 *(.rodata*)
 .rodata.str1.4
                0x000000000800c824       0x17 build/main.o
 *fill*         0x000000000800c83b        0x1 
 .rodata.OTT_Params
                0x000000000800c83c       0x54 build/mc_parameters.o
                0x000000000800c83c                OTT_Params
 .rodata.R3_2_ParamsM1
                0x000000000800c890       0xb0 build/mc_parameters.o
                0x000000000800c890                R3_2_ParamsM1
 .rodata.R3_3_OPAMPParamsM1
                0x000000000800c940       0x60 build/mc_parameters.o
                0x000000000800c940                R3_3_OPAMPParamsM1
 .rodata.CHANNEL_OFFSET_TAB
                0x000000000800c9a0        0x6 build/usart_aspep_driver.o
 *fill*         0x000000000800c9a6        0x2 
 .rodata.M1_ApplicationConfig_reg
                0x000000000800c9a8       0x10 build/mc_configuration_registers.o
 .rodata.M1_FOCConfig_reg
                0x000000000800c9b8        0xe build/mc_configuration_registers.o
 *fill*         0x000000000800c9c6        0x2 
 .rodata.globalConfig_reg
                0x000000000800c9c8        0xa build/mc_configuration_registers.o
                0x000000000800c9c8                globalConfig_reg
 *fill*         0x000000000800c9d2        0x2 
 .rodata.CRC4_Lookup4
                0x000000000800c9d4       0x10 build/aspep.o
 .rodata.CRC4_Lookup8
                0x000000000800c9e4      0x100 build/aspep.o
 .rodata.str1.4
                0x000000000800cae4       0x17 build/interface_uart.o
 *fill*         0x000000000800cafb        0x1 
 .rodata.USART_PRESCALER_TAB
                0x000000000800cafc       0x30 build/stm32g4xx_ll_usart.o
 .rodata.AHBPrescTable
                0x000000000800cb2c       0x10 build/system_stm32g4xx.o
                0x000000000800cb2c                AHBPrescTable
 .rodata.APBPrescTable
                0x000000000800cb3c        0x8 build/system_stm32g4xx.o
                0x000000000800cb3c                APBPrescTable
 .rodata._ZL7OD_List
                0x000000000800cb44      0x148 build/canopen.o
 .rodata.Zero   0x000000000800cc8c        0x8 /usr/share/gcc-arm-none-eabi-10-2020-q4-major/bin/../lib/gcc/arm-none-eabi/10.2.1/../../../../arm-none-eabi/lib/thumb/v7e-m+fp/hard/libm.a(lib_a-ef_fmod.o)
 .rodata.__sf_fake_stderr
                0x000000000800cc94       0x20 /usr/share/gcc-arm-none-eabi-10-2020-q4-major/bin/../lib/gcc/arm-none-eabi/10.2.1/../../../../arm-none-eabi/lib/thumb/v7e-m+fp/hard/libc_nano.a(lib_a-findfp.o)
                0x000000000800cc94                __sf_fake_stderr
 .rodata.__sf_fake_stdin
                0x000000000800ccb4       0x20 /usr/share/gcc-arm-none-eabi-10-2020-q4-major/bin/../lib/gcc/arm-none-eabi/10.2.1/../../../../arm-none-eabi/lib/thumb/v7e-m+fp/hard/libc_nano.a(lib_a-findfp.o)
                0x000000000800ccb4                __sf_fake_stdin
 .rodata.__sf_fake_stdout
                0x000000000800ccd4       0x20 /usr/share/gcc-arm-none-eabi-10-2020-q4-major/bin/../lib/gcc/arm-none-eabi/10.2.1/../../../../arm-none-eabi/lib/thumb/v7e-m+fp/hard/libc_nano.a(lib_a-findfp.o)
                0x000000000800ccd4                __sf_fake_stdout
                0x000000000800ccf4                . = ALIGN (0x4)

.ARM.extab
 *(.ARM.extab* .gnu.linkonce.armextab.*)

.ARM            0x000000000800ccf4        0x8
                0x000000000800ccf4                __exidx_start = .
 *(.ARM.exidx*)
 .ARM.exidx.text.OTT_Init
                0x000000000800ccf4        0x8 MCSDK_v6.3.2-Full/MotorControl/libMP/libmp-G4-MDK-ARM_ARMv7-M.a(mp_one_touch_tuning.o)
 .ARM.exidx.text.OTT_Stop
                0x000000000800ccfc        0x0 MCSDK_v6.3.2-Full/MotorControl/libMP/libmp-G4-MDK-ARM_ARMv7-M.a(mp_one_touch_tuning.o)
                                          0x8 (size before relaxing)
 .ARM.exidx.text.OTT_MF
                0x000000000800ccfc        0x0 MCSDK_v6.3.2-Full/MotorControl/libMP/libmp-G4-MDK-ARM_ARMv7-M.a(mp_one_touch_tuning.o)
                                          0x8 (size before relaxing)
 .ARM.exidx.text.OTT_SpeedCtrl
                0x000000000800ccfc        0x0 MCSDK_v6.3.2-Full/MotorControl/libMP/libmp-G4-MDK-ARM_ARMv7-M.a(mp_one_touch_tuning.o)
                                          0x8 (size before relaxing)
 .ARM.exidx.text.OTT_SR
                0x000000000800ccfc        0x0 MCSDK_v6.3.2-Full/MotorControl/libMP/libmp-G4-MDK-ARM_ARMv7-M.a(mp_one_touch_tuning.o)
                                          0x8 (size before relaxing)
 .ARM.exidx.text.OTT_ForceTuning
                0x000000000800ccfc        0x0 MCSDK_v6.3.2-Full/MotorControl/libMP/libmp-G4-MDK-ARM_ARMv7-M.a(mp_one_touch_tuning.o)
                                          0x8 (size before relaxing)
 .ARM.exidx.text.SCC_Init
                0x000000000800ccfc        0x0 MCSDK_v6.3.2-Full/MotorControl/libMP/libmp-G4-MDK-ARM_ARMv7-M.a(mp_self_com_ctrl.o)
                                          0x8 (size before relaxing)
 .ARM.exidx.text.SCC_CMD
                0x000000000800ccfc        0x0 MCSDK_v6.3.2-Full/MotorControl/libMP/libmp-G4-MDK-ARM_ARMv7-M.a(mp_self_com_ctrl.o)
                                          0x8 (size before relaxing)
 .ARM.exidx.text.SCC_Stop
                0x000000000800ccfc        0x0 MCSDK_v6.3.2-Full/MotorControl/libMP/libmp-G4-MDK-ARM_ARMv7-M.a(mp_self_com_ctrl.o)
                                          0x8 (size before relaxing)
 .ARM.exidx.text.SCC_Start
                0x000000000800ccfc        0x0 MCSDK_v6.3.2-Full/MotorControl/libMP/libmp-G4-MDK-ARM_ARMv7-M.a(mp_self_com_ctrl.o)
                                          0x8 (size before relaxing)
 .ARM.exidx.text.SCC_CheckOC_RL
                0x000000000800ccfc        0x0 MCSDK_v6.3.2-Full/MotorControl/libMP/libmp-G4-MDK-ARM_ARMv7-M.a(mp_self_com_ctrl.o)
                                          0x8 (size before relaxing)
 .ARM.exidx.text.SCC_SetNominalCurrent
                0x000000000800ccfc        0x0 MCSDK_v6.3.2-Full/MotorControl/libMP/libmp-G4-MDK-ARM_ARMv7-M.a(mp_self_com_ctrl.o)
                                          0x8 (size before relaxing)
 .ARM.exidx.text.SCC_UpdateRevup
                0x000000000800ccfc        0x0 MCSDK_v6.3.2-Full/MotorControl/libMP/libmp-G4-MDK-ARM_ARMv7-M.a(mp_self_com_ctrl.o)
                                          0x8 (size before relaxing)
 .ARM.exidx.text.SCC_MF
                0x000000000800ccfc        0x0 MCSDK_v6.3.2-Full/MotorControl/libMP/libmp-G4-MDK-ARM_ARMv7-M.a(mp_self_com_ctrl.o)
                                          0x8 (size before relaxing)
 .ARM.exidx.text.SCC_DetectBemf
                0x000000000800ccfc        0x0 MCSDK_v6.3.2-Full/MotorControl/libMP/libmp-G4-MDK-ARM_ARMv7-M.a(mp_self_com_ctrl.o)
                                          0x8 (size before relaxing)
 .ARM.exidx.text.SCC_GetState
                0x000000000800ccfc        0x0 MCSDK_v6.3.2-Full/MotorControl/libMP/libmp-G4-MDK-ARM_ARMv7-M.a(mp_self_com_ctrl.o)
                                          0x8 (size before relaxing)
 .ARM.exidx.text.SCC_SetNominalSpeed
                0x000000000800ccfc        0x0 MCSDK_v6.3.2-Full/MotorControl/libMP/libmp-G4-MDK-ARM_ARMv7-M.a(mp_self_com_ctrl.o)
                                          0x8 (size before relaxing)
 .ARM.exidx.text.SCC_GetResistorOffset
                0x000000000800ccfc        0x0 MCSDK_v6.3.2-Full/MotorControl/libMP/libmp-G4-MDK-ARM_ARMv7-M.a(mp_self_com_ctrl.o)
                                          0x8 (size before relaxing)
 .ARM.exidx.text.SCC_SetPBCharacterization
                0x000000000800ccfc        0x0 MCSDK_v6.3.2-Full/MotorControl/libMP/libmp-G4-MDK-ARM_ARMv7-M.a(mp_self_com_ctrl.o)
                                          0x8 (size before relaxing)
 .ARM.exidx.text.SCC_SetResistorOffset
                0x000000000800ccfc        0x0 MCSDK_v6.3.2-Full/MotorControl/libMP/libmp-G4-MDK-ARM_ARMv7-M.a(mp_self_com_ctrl.o)
                                          0x8 (size before relaxing)
                0x000000000800ccfc                __exidx_end = .

.rel.dyn        0x000000000800ccfc        0x0
 .rel.iplt      0x000000000800ccfc        0x0 /usr/share/gcc-arm-none-eabi-10-2020-q4-major/bin/../lib/gcc/arm-none-eabi/10.2.1/thumb/v7e-m+fp/hard/crtbegin.o

.preinit_array  0x000000000800ccfc        0x0
                0x000000000800ccfc                PROVIDE (__preinit_array_start = .)
 *(.preinit_array*)
                0x000000000800ccfc                PROVIDE (__preinit_array_end = .)

.init_array     0x000000000800ccfc        0x8
                0x000000000800ccfc                PROVIDE (__init_array_start = .)
 *(SORT_BY_NAME(.init_array.*))
 *(.init_array*)
 .init_array    0x000000000800ccfc        0x4 /usr/share/gcc-arm-none-eabi-10-2020-q4-major/bin/../lib/gcc/arm-none-eabi/10.2.1/thumb/v7e-m+fp/hard/crtbegin.o
 .init_array    0x000000000800cd00        0x4 build/main_.o
                0x000000000800cd04                PROVIDE (__init_array_end = .)

.fini_array     0x000000000800cd04        0x4
                [!provide]                        PROVIDE (__fini_array_start = .)
 *(SORT_BY_NAME(.fini_array.*))
 *(.fini_array*)
 .fini_array    0x000000000800cd04        0x4 /usr/share/gcc-arm-none-eabi-10-2020-q4-major/bin/../lib/gcc/arm-none-eabi/10.2.1/thumb/v7e-m+fp/hard/crtbegin.o
                [!provide]                        PROVIDE (__fini_array_end = .)
                0x000000000800cd08                _sidata = LOADADDR (.data)

.data           0x0000000020000000      0xbf4 load address 0x000000000800cd08
                0x0000000020000000                . = ALIGN (0x4)
                0x0000000020000000                _sdata = .
 *(.data)
 *(.data*)
 .data.CircleLimitationM1
                0x0000000020000000        0x4 build/mc_config.o
                0x0000000020000000                CircleLimitationM1
 .data.FF_M1    0x0000000020000004       0x38 build/mc_config.o
                0x0000000020000004                FF_M1
 .data.Mci      0x000000002000003c       0x2c build/mc_config.o
                0x000000002000003c                Mci
 .data.OTT      0x0000000020000068       0xa0 build/mc_config.o
                0x0000000020000068                OTT
 .data.PIDIdHandle_M1
                0x0000000020000108       0x2c build/mc_config.o
                0x0000000020000108                PIDIdHandle_M1
 .data.PIDIqHandle_M1
                0x0000000020000134       0x2c build/mc_config.o
                0x0000000020000134                PIDIqHandle_M1
 .data.PIDSpeedHandle_M1
                0x0000000020000160       0x2c build/mc_config.o
                0x0000000020000160                PIDSpeedHandle_M1
 .data.PQD_MotorPowMeasM1
                0x000000002000018c       0x10 build/mc_config.o
                0x000000002000018c                PQD_MotorPowMeasM1
 .data.PWM_Handle_M1
                0x000000002000019c       0xa4 build/mc_config.o
                0x000000002000019c                PWM_Handle_M1
 .data.RampExtMngrHFParamsM1
                0x0000000020000240       0x18 build/mc_config.o
                0x0000000020000240                RampExtMngrHFParamsM1
 .data.RampExtMngrParamsOTT
                0x0000000020000258       0x18 build/mc_config.o
                0x0000000020000258                RampExtMngrParamsOTT
 .data.RampExtMngrParamsSCC
                0x0000000020000270       0x18 build/mc_config.o
                0x0000000020000270                RampExtMngrParamsSCC
 .data.RevUpControlM1
                0x0000000020000288       0x78 build/mc_config.o
                0x0000000020000288                RevUpControlM1
 .data.SCC      0x0000000020000300      0x54c build/mc_config.o
                0x0000000020000300                SCC
 .data.STO_M1   0x000000002000084c       0x14 build/mc_config.o
                0x000000002000084c                STO_M1
 .data.STO_PLL_M1
                0x0000000020000860      0x128 build/mc_config.o
                0x0000000020000860                STO_PLL_M1
 .data.SpeednTorqCtrlM1
                0x0000000020000988       0x34 build/mc_config.o
                0x0000000020000988                SpeednTorqCtrlM1
 .data.pFF      0x00000000200009bc        0x4 build/mc_config.o
                0x00000000200009bc                pFF
 .data.pMPM     0x00000000200009c0        0x4 build/mc_config.o
                0x00000000200009c0                pMPM
 .data.pPIDId   0x00000000200009c4        0x4 build/mc_config.o
                0x00000000200009c4                pPIDId
 .data.pPIDIq   0x00000000200009c8        0x4 build/mc_config.o
                0x00000000200009c8                pPIDIq
 .data.pSTC     0x00000000200009cc        0x4 build/mc_config.o
                0x00000000200009cc                pSTC
 .data.BusVoltageSensor_M1
                0x00000000200009d0       0x1c build/mc_config_common.o
                0x00000000200009d0                BusVoltageSensor_M1
 .data.TempRegConv_M1
                0x00000000200009ec       0x10 build/mc_config_common.o
                0x00000000200009ec                TempRegConv_M1
 .data.TempSensor_M1
                0x00000000200009fc       0x1c build/mc_config_common.o
                0x00000000200009fc                TempSensor_M1
 .data.VbusRegConv_M1
                0x0000000020000a18       0x10 build/mc_config_common.o
                0x0000000020000a18                VbusRegConv_M1
 .data.VirtualSpeedSensorM1
                0x0000000020000a28       0x38 build/mc_config_common.o
                0x0000000020000a28                VirtualSpeedSensorM1
 .data.MCP_Over_UartA
                0x0000000020000a60       0x10 build/mcp_config.o
                0x0000000020000a60                MCP_Over_UartA
 .data.UASPEP_A
                0x0000000020000a70       0x14 build/mcp_config.o
 .data.aspepOverUartA
                0x0000000020000a84       0x74 build/mcp_config.o
                0x0000000020000a84                aspepOverUartA
 .data.SCC_Params
                0x0000000020000af8       0x54 build/mc_parameters.o
                0x0000000020000af8                SCC_Params
 .data.scaleParams_M1
                0x0000000020000b4c       0x10 build/mc_parameters.o
                0x0000000020000b4c                scaleParams_M1
 .data.ApplicationConfig_reg
                0x0000000020000b5c        0x4 build/mc_configuration_registers.o
                0x0000000020000b5c                ApplicationConfig_reg
 .data.FOCConfig_reg
                0x0000000020000b60        0x4 build/mc_configuration_registers.o
                0x0000000020000b60                FOCConfig_reg
 .data.uwTickFreq
                0x0000000020000b64        0x4 build/stm32g4xx_hal.o
                0x0000000020000b64                uwTickFreq
 .data.uwTickPrio
                0x0000000020000b68        0x4 build/stm32g4xx_hal.o
                0x0000000020000b68                uwTickPrio
 .data.SystemCoreClock
                0x0000000020000b6c        0x4 build/system_stm32g4xx.o
                0x0000000020000b6c                SystemCoreClock
 .data.uxCriticalNesting
                0x0000000020000b70        0x4 build/port.o
 .data._ZL9scope_map
                0x0000000020000b74       0x18 build/canopen.o
 .data.__fdlib_version
                0x0000000020000b8c        0x1 /usr/share/gcc-arm-none-eabi-10-2020-q4-major/bin/../lib/gcc/arm-none-eabi/10.2.1/../../../../arm-none-eabi/lib/thumb/v7e-m+fp/hard/libm.a(lib_a-s_lib_ver.o)
                0x0000000020000b8c                __fdlib_version
 *fill*         0x0000000020000b8d        0x3 
 .data._impure_ptr
                0x0000000020000b90        0x4 /usr/share/gcc-arm-none-eabi-10-2020-q4-major/bin/../lib/gcc/arm-none-eabi/10.2.1/../../../../arm-none-eabi/lib/thumb/v7e-m+fp/hard/libc_nano.a(lib_a-impure.o)
                0x0000000020000b90                _impure_ptr
 .data.impure_data
                0x0000000020000b94       0x60 /usr/share/gcc-arm-none-eabi-10-2020-q4-major/bin/../lib/gcc/arm-none-eabi/10.2.1/../../../../arm-none-eabi/lib/thumb/v7e-m+fp/hard/libc_nano.a(lib_a-impure.o)
                0x0000000020000bf4                . = ALIGN (0x4)
                0x0000000020000bf4                _edata = .

.igot.plt       0x0000000020000bf4        0x0 load address 0x000000000800d8fc
 .igot.plt      0x0000000020000bf4        0x0 /usr/share/gcc-arm-none-eabi-10-2020-q4-major/bin/../lib/gcc/arm-none-eabi/10.2.1/thumb/v7e-m+fp/hard/crtbegin.o
                0x0000000020000bf4                . = ALIGN (0x4)

.bss            0x0000000020000bf8     0x5f5c load address 0x000000000800d8fc
                0x0000000020000bf8                _sbss = .
                0x0000000020000bf8                __bss_start__ = _sbss
 *(.bss)
 .bss           0x0000000020000bf8       0x1c /usr/share/gcc-arm-none-eabi-10-2020-q4-major/bin/../lib/gcc/arm-none-eabi/10.2.1/thumb/v7e-m+fp/hard/crtbegin.o
 *(.bss*)
 .bss.mediumFrequencyHandle
                0x0000000020000c14        0x4 build/main.o
                0x0000000020000c14                mediumFrequencyHandle
 .bss.safetyHandle
                0x0000000020000c18        0x4 build/main.o
                0x0000000020000c18                safetyHandle
 .bss.pMCI      0x0000000020000c1c        0x4 build/motorcontrol.o
                0x0000000020000c1c                pMCI
 .bss.FOCVars   0x0000000020000c20       0x26 build/mc_config.o
                0x0000000020000c20                FOCVars
 *fill*         0x0000000020000c46        0x2 
 .bss.pREMNG    0x0000000020000c48        0x4 build/mc_config.o
                0x0000000020000c48                pREMNG
 .bss.HdlSTSPING4
                0x0000000020000c4c        0x4 build/mc_config_common.o
                0x0000000020000c4c                HdlSTSPING4
 .bss.PerfTraces
                0x0000000020000c50       0x28 build/mc_config_common.o
                0x0000000020000c50                PerfTraces
 .bss.RealBusVoltageSensorFilterBufferM1
                0x0000000020000c78        0xc build/mc_config_common.o
 .bss.pwmcHandle
                0x0000000020000c84        0x4 build/mc_config_common.o
                0x0000000020000c84                pwmcHandle
 .bss.MCPAsyncBuffUARTA_A
                0x0000000020000c88      0x806 build/mcp_config.o
 *fill*         0x000000002000148e        0x2 
 .bss.MCPAsyncBuffUARTA_B
                0x0000000020001490      0x806 build/mcp_config.o
 *fill*         0x0000000020001c96        0x2 
 .bss.MCPSyncRXBuff
                0x0000000020001c98      0x102 build/mcp_config.o
 *fill*         0x0000000020001d9a        0x2 
 .bss.MCPSyncTxBuff
                0x0000000020001d9c      0x106 build/mcp_config.o
 *fill*         0x0000000020001ea2        0x2 
 .bss.MCP_UserCallBack
                0x0000000020001ea4        0x8 build/mcp_config.o
                0x0000000020001ea4                MCP_UserCallBack
 .bss.bMCBootCompleted
                0x0000000020001eac        0x1 build/mc_tasks.o
 *fill*         0x0000000020001ead        0x1 
 .bss.hBootCapDelayCounterM1
                0x0000000020001eae        0x2 build/mc_tasks.o
 .bss.hMFTaskCounterM1
                0x0000000020001eb0        0x2 build/mc_tasks.o
 .bss.hStopPermanencyCounterM1
                0x0000000020001eb2        0x2 build/mc_tasks.o
 .bss.task_run  0x0000000020001eb4        0x4 build/mc_tasks_foc.o
                0x0000000020001eb4                task_run
 .bss.theta_    0x0000000020001eb8        0x4 build/mc_tasks_foc.o
                0x0000000020001eb8                theta_
 .bss.RCM_CB_array
                0x0000000020001ebc       0x20 build/regular_conversion_manager.o
 .bss.RCM_NoInj_array
                0x0000000020001edc       0x18 build/regular_conversion_manager.o
 .bss.RCM_currentHandle
                0x0000000020001ef4        0x1 build/regular_conversion_manager.o
 *fill*         0x0000000020001ef5        0x3 
 .bss.RCM_handle_array
                0x0000000020001ef8       0x10 build/regular_conversion_manager.o
 .bss.htim6     0x0000000020001f08       0x4c build/stm32g4xx_hal_timebase_tim.o
                0x0000000020001f08                htim6
 .bss.dma_busy  0x0000000020001f54        0x1 build/vesc_uart.o
 .bss.tx_in_progress
                0x0000000020001f55        0x1 build/vesc_uart.o
                0x0000000020001f55                tx_in_progress
 *fill*         0x0000000020001f56        0x2 
 .bss.uart_handle
                0x0000000020001f58       0x50 build/vesc_uart.o
 .bss._ZL13dma_tx_buffer
                0x0000000020001fa8       0x40 build/interface_uart.o
 .bss._ZL13uart_recv_buf
                0x0000000020001fe8       0x41 build/interface_uart.o
 *fill*         0x0000000020002029        0x3 
 .bss.uart_thread
                0x000000002000202c        0x4 build/interface_uart.o
                0x000000002000202c                uart_thread
 .bss.sem_can   0x0000000020002030        0x4 build/freertos_var.o
                0x0000000020002030                sem_can
 .bss.sem_uart_dma
                0x0000000020002034        0x4 build/freertos_var.o
                0x0000000020002034                sem_uart_dma
 .bss.uwTick    0x0000000020002038        0x4 build/stm32g4xx_hal.o
                0x0000000020002038                uwTick
 .bss.pxCurrentTCB
                0x000000002000203c        0x4 build/tasks.o
                0x000000002000203c                pxCurrentTCB
 .bss.pxDelayedTaskList
                0x0000000020002040        0x4 build/tasks.o
 .bss.pxOverflowDelayedTaskList
                0x0000000020002044        0x4 build/tasks.o
 .bss.pxReadyTasksLists
                0x0000000020002048       0x8c build/tasks.o
 .bss.uxCurrentNumberOfTasks
                0x00000000200020d4        0x4 build/tasks.o
 .bss.uxDeletedTasksWaitingCleanUp
                0x00000000200020d8        0x4 build/tasks.o
 .bss.uxSchedulerSuspended
                0x00000000200020dc        0x4 build/tasks.o
 .bss.uxTaskNumber
                0x00000000200020e0        0x4 build/tasks.o
 .bss.uxTopReadyPriority
                0x00000000200020e4        0x4 build/tasks.o
 .bss.xDelayedTaskList1
                0x00000000200020e8       0x14 build/tasks.o
 .bss.xDelayedTaskList2
                0x00000000200020fc       0x14 build/tasks.o
 .bss.xIdleTaskHandle
                0x0000000020002110        0x4 build/tasks.o
 .bss.xNextTaskUnblockTime
                0x0000000020002114        0x4 build/tasks.o
 .bss.xNumOfOverflows
                0x0000000020002118        0x4 build/tasks.o
 .bss.xPendedTicks
                0x000000002000211c        0x4 build/tasks.o
 .bss.xPendingReadyList
                0x0000000020002120       0x14 build/tasks.o
 .bss.xSchedulerRunning
                0x0000000020002134        0x4 build/tasks.o
 .bss.xSuspendedTaskList
                0x0000000020002138       0x14 build/tasks.o
 .bss.xTasksWaitingTermination
                0x000000002000214c       0x14 build/tasks.o
 .bss.xTickCount
                0x0000000020002160        0x4 build/tasks.o
 .bss.xYieldPending
                0x0000000020002164        0x4 build/tasks.o
 .bss.pxEnd     0x0000000020002168        0x4 build/heap_4.o
 .bss.ucHeap    0x000000002000216c     0x4000 build/heap_4.o
 .bss.xBlockAllocatedBit
                0x000000002000616c        0x4 build/heap_4.o
 .bss.xFreeBytesRemaining
                0x0000000020006170        0x4 build/heap_4.o
 .bss.xMinimumEverFreeBytesRemaining
                0x0000000020006174        0x4 build/heap_4.o
 .bss.xNumberOfSuccessfulAllocations
                0x0000000020006178        0x4 build/heap_4.o
 .bss.xNumberOfSuccessfulFrees
                0x000000002000617c        0x4 build/heap_4.o
 .bss.xStart    0x0000000020006180        0x8 build/heap_4.o
 .bss.ucMaxSysCallPriority
                0x0000000020006188        0x1 build/port.o
 *fill*         0x0000000020006189        0x3 
 .bss.ulMaxPRIGROUPValue
                0x000000002000618c        0x4 build/port.o
 .bss.GLOBAL_TIMESTAMP