Archive member included to satisfy reference by file (symbol)

Drivers/CMSIS/DSP/Lib/GCC/libarm_cortexM4lf_math.a(arm_common_tables.o)
                              build/arm_cos_f32.o (sinTable_f32)
MCSDK_v6.3.2-Full/MotorControl/libMP/libmp-G4-MDK-ARM_ARMv7-M.a(mp_one_touch_tuning.o)
                              build/mc_tasks_foc.o (OTT_Init)
MCSDK_v6.3.2-Full/MotorControl/libMP/libmp-G4-MDK-ARM_ARMv7-M.a(mp_self_com_ctrl.o)
                              build/mc_tasks_foc.o (SCC_Init)
/usr/share/gcc-arm-none-eabi-10-2020-q4-major/bin/../lib/gcc/arm-none-eabi/10.2.1/../../../../arm-none-eabi/lib/thumb/v7e-m+fp/hard/libstdc++_nano.a(atexit_arm.o)
                              build/main_.o (__aeabi_atexit)
/usr/share/gcc-arm-none-eabi-10-2020-q4-major/bin/../lib/gcc/arm-none-eabi/10.2.1/../../../../arm-none-eabi/lib/thumb/v7e-m+fp/hard/libstdc++_nano.a(del_op.o)
                              build/main_.o (operator delete(void*))
/usr/share/gcc-arm-none-eabi-10-2020-q4-major/bin/../lib/gcc/arm-none-eabi/10.2.1/../../../../arm-none-eabi/lib/thumb/v7e-m+fp/hard/libstdc++_nano.a(guard.o)
                              build/controller.o (__cxa_guard_acquire)
/usr/share/gcc-arm-none-eabi-10-2020-q4-major/bin/../lib/gcc/arm-none-eabi/10.2.1/../../../../arm-none-eabi/lib/thumb/v7e-m+fp/hard/libstdc++_nano.a(pure.o)
                              build/foc.o (__cxa_pure_virtual)
/usr/share/gcc-arm-none-eabi-10-2020-q4-major/bin/../lib/gcc/arm-none-eabi/10.2.1/../../../../arm-none-eabi/lib/thumb/v7e-m+fp/hard/libstdc++_nano.a(eh_terminate.o)
                              /usr/share/gcc-arm-none-eabi-10-2020-q4-major/bin/../lib/gcc/arm-none-eabi/10.2.1/../../../../arm-none-eabi/lib/thumb/v7e-m+fp/hard/libstdc++_nano.a(pure.o) (std::terminate())
/usr/share/gcc-arm-none-eabi-10-2020-q4-major/bin/../lib/gcc/arm-none-eabi/10.2.1/../../../../arm-none-eabi/lib/thumb/v7e-m+fp/hard/libstdc++_nano.a(eh_unex_handler.o)
                              /usr/share/gcc-arm-none-eabi-10-2020-q4-major/bin/../lib/gcc/arm-none-eabi/10.2.1/../../../../arm-none-eabi/lib/thumb/v7e-m+fp/hard/libstdc++_nano.a(eh_terminate.o) (__cxxabiv1::__unexpected_handler)
/usr/share/gcc-arm-none-eabi-10-2020-q4-major/bin/../lib/gcc/arm-none-eabi/10.2.1/../../../../arm-none-eabi/lib/thumb/v7e-m+fp/hard/libstdc++_nano.a(eh_term_handler.o)
                              /usr/share/gcc-arm-none-eabi-10-2020-q4-major/bin/../lib/gcc/arm-none-eabi/10.2.1/../../../../arm-none-eabi/lib/thumb/v7e-m+fp/hard/libstdc++_nano.a(eh_terminate.o) (__cxxabiv1::__terminate_handler)
/usr/share/gcc-arm-none-eabi-10-2020-q4-major/bin/../lib/gcc/arm-none-eabi/10.2.1/../../../../arm-none-eabi/lib/thumb/v7e-m+fp/hard/libm.a(lib_a-sf_floor.o)
                              build/encoder.o (floorf)
/usr/share/gcc-arm-none-eabi-10-2020-q4-major/bin/../lib/gcc/arm-none-eabi/10.2.1/../../../../arm-none-eabi/lib/thumb/v7e-m+fp/hard/libm.a(lib_a-wf_fmod.o)
                              build/motor.o (fmodf)
/usr/share/gcc-arm-none-eabi-10-2020-q4-major/bin/../lib/gcc/arm-none-eabi/10.2.1/../../../../arm-none-eabi/lib/thumb/v7e-m+fp/hard/libm.a(lib_a-wf_sqrt.o)
                              build/motor.o (sqrtf)
/usr/share/gcc-arm-none-eabi-10-2020-q4-major/bin/../lib/gcc/arm-none-eabi/10.2.1/../../../../arm-none-eabi/lib/thumb/v7e-m+fp/hard/libm.a(lib_a-ef_fmod.o)
                              /usr/share/gcc-arm-none-eabi-10-2020-q4-major/bin/../lib/gcc/arm-none-eabi/10.2.1/../../../../arm-none-eabi/lib/thumb/v7e-m+fp/hard/libm.a(lib_a-wf_fmod.o) (__ieee754_fmodf)
/usr/share/gcc-arm-none-eabi-10-2020-q4-major/bin/../lib/gcc/arm-none-eabi/10.2.1/../../../../arm-none-eabi/lib/thumb/v7e-m+fp/hard/libm.a(lib_a-ef_sqrt.o)
                              /usr/share/gcc-arm-none-eabi-10-2020-q4-major/bin/../lib/gcc/arm-none-eabi/10.2.1/../../../../arm-none-eabi/lib/thumb/v7e-m+fp/hard/libm.a(lib_a-wf_sqrt.o) (__ieee754_sqrtf)
/usr/share/gcc-arm-none-eabi-10-2020-q4-major/bin/../lib/gcc/arm-none-eabi/10.2.1/../../../../arm-none-eabi/lib/thumb/v7e-m+fp/hard/libm.a(lib_a-s_lib_ver.o)
                              /usr/share/gcc-arm-none-eabi-10-2020-q4-major/bin/../lib/gcc/arm-none-eabi/10.2.1/../../../../arm-none-eabi/lib/thumb/v7e-m+fp/hard/libm.a(lib_a-wf_fmod.o) (__fdlib_version)
/usr/share/gcc-arm-none-eabi-10-2020-q4-major/bin/../lib/gcc/arm-none-eabi/10.2.1/../../../../arm-none-eabi/lib/thumb/v7e-m+fp/hard/libc_nano.a(lib_a-abort.o)
                              build/motor.o (abort)
/usr/share/gcc-arm-none-eabi-10-2020-q4-major/bin/../lib/gcc/arm-none-eabi/10.2.1/../../../../arm-none-eabi/lib/thumb/v7e-m+fp/hard/libc_nano.a(lib_a-aeabi_memclr.o)
                              MCSDK_v6.3.2-Full/MotorControl/libMP/libmp-G4-MDK-ARM_ARMv7-M.a(mp_self_com_ctrl.o) (__aeabi_memclr4)
/usr/share/gcc-arm-none-eabi-10-2020-q4-major/bin/../lib/gcc/arm-none-eabi/10.2.1/../../../../arm-none-eabi/lib/thumb/v7e-m+fp/hard/libc_nano.a(lib_a-aeabi_memset-soft.o)
[...]
Memory Configuration

Name             Origin             Length             Attributes
RAM              0x0000000020000000 0x0000000000008000 xrw
FLASH            0x0000000008000000 0x0000000000020000 xr
*default*        0x0000000000000000 0xffffffffffffffff

Linker script and memory map

LOAD /usr/share/gcc-arm-none-eabi-10-2020-q4-major/bin/../lib/gcc/arm-none-eabi/10.2.1/thumb/v7e-m+fp/hard/crti.o
LOAD /usr/share/gcc-arm-none-eabi-10-2020-q4-major/bin/../lib/gcc/arm-none-eabi/10.2.1/thumb/v7e-m+fp/hard/crtbegin.o
LOAD /usr/share/gcc-arm-none-eabi-10-2020-q4-major/bin/../lib/gcc/arm-none-eabi/10.2.1/../../../../arm-none-eabi/lib/thumb/v7e-m+fp/hard/crt0.o
LOAD build/main.o
LOAD build/app_freertos.o
LOAD build/motorcontrol.o
LOAD build/pwm_common.o
LOAD build/mc_api.o
LOAD build/mc_config.o
LOAD build/mc_config_common.o
LOAD build/mcp_config.o
LOAD build/mc_tasks.o
LOAD build/mc_tasks_foc.o
LOAD build/pwm_curr_fdbk.o
LOAD build/regular_conversion_manager.o
LOAD build/mc_math.o
LOAD build/mc_interface.o
LOAD build/stm32_mc_common_it.o
LOAD build/stm32g4xx_mc_it.o
LOAD build/mc_parameters.o
LOAD build/register_interface.o
LOAD build/mcp.o
LOAD build/mc_perf.o
LOAD build/usart_aspep_driver.o
LOAD build/mc_configuration_registers.o
LOAD build/aspep.o
LOAD build/mc_app_hooks.o
LOAD build/stm32g4xx_it.o
LOAD build/stm32g4xx_hal_msp.o
LOAD build/stm32g4xx_hal_timebase_tim.o
LOAD build/vesc_uart.o
LOAD build/tim.o
LOAD build/nvm.o
LOAD build/spi.o
LOAD build/dma.o
LOAD build/arm_cos_f32.o
LOAD build/arm_sin_f32.o
LOAD build/interface_uart.o
LOAD build/freertos_var.o
LOAD build/stm32g4xx_ll_utils.o
LOAD build/stm32g4xx_ll_exti.o
LOAD build/stm32g4xx_ll_gpio.o
LOAD build/stm32g4xx_ll_adc.o
LOAD build/stm32g4xx_ll_dma.o
LOAD build/stm32g4xx_hal.o
LOAD build/stm32g4xx_hal_rcc.o
LOAD build/stm32g4xx_hal_rcc_ex.o
LOAD build/stm32g4xx_hal_flash.o
LOAD build/stm32g4xx_hal_flash_ex.o
LOAD build/stm32g4xx_hal_flash_ramfunc.o
LOAD build/stm32g4xx_hal_gpio.o
LOAD build/stm32g4xx_hal_exti.o
LOAD build/stm32g4xx_hal_dma.o
LOAD build/stm32g4xx_hal_dma_ex.o
LOAD build/stm32g4xx_hal_pwr.o
LOAD build/stm32g4xx_hal_pwr_ex.o
LOAD build/stm32g4xx_hal_cortex.o
LOAD build/stm32g4xx_ll_comp.o
LOAD build/stm32g4xx_ll_rcc.o
LOAD build/stm32g4xx_ll_cordic.o
LOAD build/stm32g4xx_ll_dac.o
LOAD build/stm32g4xx_ll_i2c.o
LOAD build/stm32g4xx_ll_opamp.o
LOAD build/stm32g4xx_hal_tim.o
LOAD build/stm32g4xx_hal_tim_ex.o
LOAD build/stm32g4xx_ll_tim.o
LOAD build/stm32g4xx_ll_usart.o
LOAD build/stm32g4xx_ll_spi.o
LOAD build/system_stm32g4xx.o
LOAD build/croutine.o
LOAD build/event_groups.o
LOAD build/list.o
LOAD build/queue.o
LOAD build/stream_buffer.o
LOAD build/tasks.o
LOAD build/timers.o
LOAD build/cmsis_os.o
LOAD build/heap_4.o
LOAD build/port.o
LOAD build/stspin32g4.o
LOAD build/bus_voltage_sensor.o
LOAD build/circle_limitation.o
LOAD build/digital_output.o
LOAD build/feed_forward_ctrl.o
LOAD build/pwm_curr_fdbk_ovm.o
LOAD build/ntc_temperature_sensor.o
LOAD build/open_loop.o
LOAD build/pid_regulator.o
LOAD build/pqd_motor_power_measurement.o
LOAD build/r_divider_bus_voltage_sensor.o
LOAD build/ramp_ext_mngr.o
LOAD build/revup_ctrl.o
LOAD build/speed_pos_fdbk.o
LOAD build/speed_torq_ctrl.o
LOAD build/sto_pll_speed_pos_fdbk.o
LOAD build/virtual_speed_sensor.o
LOAD build/r3_2_g4xx_pwm_curr_fdbk.o
LOAD build/mcpa.o
LOAD build/sysmem.o
LOAD build/syscalls.o
LOAD build/div.o
LOAD build/startup_stm32g431xx.o
LOAD build/config_system.o
LOAD build/motor.o
LOAD build/foc.o
LOAD build/utils.o
LOAD build/low_level.o
LOAD build/interface_can.o
LOAD build/main_.o
LOAD build/can_encos.o
LOAD build/axis.o
LOAD build/controller.o
LOAD build/encoder.o
LOAD build/thermistor.o
LOAD build/open_loop_controller.o
LOAD build/canopen.o
LOAD /usr/share/gcc-arm-none-eabi-10-2020-q4-major/bin/../lib/gcc/arm-none-eabi/10.2.1/../../../../arm-none-eabi/lib/thumb/v7e-m+fp/hard/libnosys.a
LOAD Drivers/CMSIS/DSP/Lib/GCC/libarm_cortexM4lf_math.a
LOAD MCSDK_v6.3.2-Full/MotorControl/libMP/libmp-G4-MDK-ARM_ARMv7-M.a
LOAD /usr/share/gcc-arm-none-eabi-10-2020-q4-major/bin/../lib/gcc/arm-none-eabi/10.2.1/../../../../arm-none-eabi/lib/thumb/v7e-m+fp/hard/libstdc++_nano.a
LOAD /usr/share/gcc-arm-none-eabi-10-2020-q4-major/bin/../lib/gcc/arm-none-eabi/10.2.1/../../../../arm-none-eabi/lib/thumb/v7e-m+fp/hard/libm.a
LOAD /usr/share/gcc-arm-none-eabi-10-2020-q4-major/bin/../lib/gcc/arm-none-eabi/10.2.1/../../../../arm-none-eabi/lib/thumb/v7e-m+fp/hard/libc_nano.a
START GROUP
LOAD /usr/share/gcc-arm-none-eabi-10-2020-q4-major/bin/../lib/gcc/arm-none-eabi/10.2.1/thumb/v7e-m+fp/hard/libgcc.a
LOAD /usr/share/gcc-arm-none-eabi-10-2020-q4-major/bin/../lib/gcc/arm-none-eabi/10.2.1/../../../../arm-none-eabi/lib/thumb/v7e-m+fp/hard/libc_nano.a
END GROUP
START GROUP
LOAD /usr/share/gcc-arm-none-eabi-10-2020-q4-major/bin/../lib/gcc/arm-none-eabi/10.2.1/thumb/v7e-m+fp/hard/libgcc.a
LOAD /usr/share/gcc-arm-none-eabi-10-2020-q4-major/bin/../lib/gcc/arm-none-eabi/10.2.1/../../../../arm-none-eabi/lib/thumb/v7e-m+fp/hard/libc_nano.a
END GROUP
LOAD /usr/share/gcc-arm-none-eabi-10-2020-q4-major/bin/../lib/gcc/arm-none-eabi/10.2.1/thumb/v7e-m+fp/hard/crtend.o
LOAD /usr/share/gcc-arm-none-eabi-10-2020-q4-major/bin/../lib/gcc/arm-none-eabi/10.2.1/thumb/v7e-m+fp/hard/crtn.o
                0x0000000020008000                _estack = (ORIGIN (RAM) + LENGTH (RAM))
                0x0000000000000000                _Min_Heap_Size = 0x0
                0x0000000000000400                _Min_Stack_Size = 0x400

.isr_vector     0x0000000008000000      0x1d8
                0x0000000008000000                . = ALIGN (0x4)
 *(.isr_vector)
 .isr_vector    0x0000000008000000      0x1d8 build/startup_stm32g431xx.o
                0x0000000008000000                g_pfnVectors
                0x00000000080001d8                . = ALIGN (0x4)

.text           0x00000000080001e0     0xec70
                0x00000000080001e0                . = ALIGN (0x4)
 *(.text)
 .text          0x00000000080001e0       0x40 /usr/share/gcc-arm-none-eabi-10-2020-q4-major/bin/../lib/gcc/arm-none-eabi/10.2.1/thumb/v7e-m+fp/hard/crtbegin.o
 .text          0x0000000008000220       0x9a /usr/share/gcc-arm-none-eabi-10-2020-q4-major/bin/../lib/gcc/arm-none-eabi/10.2.1/../../../../arm-none-eabi/lib/thumb/v7e-m+fp/hard/libc_nano.a(lib_a-aeabi_memset-soft.o)
                0x0000000008000220                __aeabi_memset
                0x0000000008000220                __aeabi_memset8
                0x0000000008000220                __aeabi_memset4
 *fill*         0x00000000080002ba        0x2 
 .text          0x00000000080002bc      0x254 /usr/share/gcc-arm-none-eabi-10-2020-q4-major/bin/../lib/gcc/arm-none-eabi/10.2.1/thumb/v7e-m+fp/hard/libgcc.a(_arm_muldf3.o)
                0x00000000080002bc                __aeabi_dmul
                0x00000000080002bc                __muldf3
 .text          0x0000000008000510      0x378 /usr/share/gcc-arm-none-eabi-10-2020-q4-major/bin/../lib/gcc/arm-none-eabi/10.2.1/thumb/v7e-m+fp/hard/libgcc.a(_arm_addsubdf3.o)
                0x0000000008000510                __aeabi_drsub
                0x0000000008000518                __aeabi_dsub
                0x0000000008000518                __subdf3
                0x000000000800051c                __adddf3
                0x000000000800051c                __aeabi_dadd
                0x0000000008000794                __aeabi_ui2d
                0x0000000008000794                __floatunsidf
                0x00000000080007b4                __floatsidf
                0x00000000080007b4                __aeabi_i2d
                0x00000000080007d8                __extendsfdf2
                0x00000000080007d8                __aeabi_f2d
                0x000000000800081c                __aeabi_ul2d
                0x000000000800081c                __floatundidf
                0x000000000800082c                __floatdidf
                0x000000000800082c                __aeabi_l2d
 .text          0x0000000008000888       0xa0 /usr/share/gcc-arm-none-eabi-10-2020-q4-major/bin/../lib/gcc/arm-none-eabi/10.2.1/thumb/v7e-m+fp/hard/libgcc.a(_aeabi_ldivmod.o)
                0x0000000008000888                __aeabi_ldivmod
 .text          0x0000000008000928       0x28 /usr/share/gcc-arm-none-eabi-10-2020-q4-major/bin/../lib/gcc/arm-none-eabi/10.2.1/thumb/v7e-m+fp/hard/libgcc.a(_fixsfdi.o)
                0x0000000008000928                __aeabi_f2lz
                0x0000000008000928                __fixsfdi
 .text          0x0000000008000950       0x40 /usr/share/gcc-arm-none-eabi-10-2020-q4-major/bin/../lib/gcc/arm-none-eabi/10.2.1/thumb/v7e-m+fp/hard/libgcc.a(_fixunssfdi.o)
                0x0000000008000950                __aeabi_f2ulz
                0x0000000008000950                __fixunssfdi
 .text          0x0000000008000990      0x2d0 /usr/share/gcc-arm-none-eabi-10-2020-q4-major/bin/../lib/gcc/arm-none-eabi/10.2.1/thumb/v7e-m+fp/hard/libgcc.a(_udivmoddi4.o)
                0x0000000008000990                __udivmoddi4
 .text          0x0000000008000c60        0x4 /usr/share/gcc-arm-none-eabi-10-2020-q4-major/bin/../lib/gcc/arm-none-eabi/10.2.1/thumb/v7e-m+fp/hard/libgcc.a(_dvmd_tls.o)
                0x0000000008000c60                __aeabi_ldiv0
                0x0000000008000c60                __aeabi_idiv0
 .text          0x0000000008000c64       0x40 /usr/share/gcc-arm-none-eabi-10-2020-q4-major/bin/../lib/gcc/arm-none-eabi/10.2.1/thumb/v7e-m+fp/hard/libgcc.a(_arm_fixunsdfsi.o)
                0x0000000008000c64                __fixunsdfsi
                0x0000000008000c64                __aeabi_d2uiz
 *(.text*)
 .text.NVIC_EncodePriority
                0x0000000008000ca4       0x34 build/main.o
 .text.LL_TIM_SetBreakInputSourcePolarity
                0x0000000008000cd8       0x36 build/main.o
 *fill*         0x0000000008000d0e        0x2 
 .text.SystemClock_Config
                0x0000000008000d10      0x10c build/main.o
                0x0000000008000d10                SystemClock_Config
 .text.main     0x0000000008000e1c      0xfac build/main.o
                0x0000000008000e1c                main
 .text.HAL_TIM_PeriodElapsedCallback
                0x0000000008001dc8       0x18 build/main.o
                0x0000000008001dc8                HAL_TIM_PeriodElapsedCallback
 .text.MX_MotorControl_Init
                0x0000000008001de0       0x14 build/motorcontrol.o
                0x0000000008001de0                MX_MotorControl_Init
 .text.vPortSetupTimerInterrupt
                0x0000000008001df4       0x18 build/motorcontrol.o
                0x0000000008001df4                vPortSetupTimerInterrupt
 .text.startTimers
                0x0000000008001e0c       0x98 build/pwm_common.o
                0x0000000008001e0c                startTimers
 .text.waitForPolarizationEnd
                0x0000000008001ea4       0x46 build/pwm_common.o
                0x0000000008001ea4                waitForPolarizationEnd
 *fill*         0x0000000008001eea        0x2 
 .text.MC_StartMotor1
                0x0000000008001eec       0x10 build/mc_api.o
                0x0000000008001eec                MC_StartMotor1
 .text.MC_StopMotor1
                0x0000000008001efc       0x10 build/mc_api.o
                0x0000000008001efc                MC_StopMotor1
 .text.MC_AcknowledgeFaultMotor1
                0x0000000008001f0c       0x10 build/mc_api.o
                0x0000000008001f0c                MC_AcknowledgeFaultMotor1
 .text.MC_GetSTMStateMotor1
                0x0000000008001f1c       0x10 build/mc_api.o
                0x0000000008001f1c                MC_GetSTMStateMotor1
 .text.MC_ProfilerCommand
                0x0000000008001f2c       0x20 build/mc_api.o
                0x0000000008001f2c                MC_ProfilerCommand
 .text.MCboot   0x0000000008001f4c       0xb4 build/mc_tasks.o
                0x0000000008001f4c                MCboot
 .text.MC_StartMotorOpenLoop
                0x0000000008002000       0x2c build/mc_tasks.o
                0x0000000008002000                MC_StartMotorOpenLoop
 .text.MC_RunMotorControlTasks
                0x000000000800202c       0xa8 build/mc_tasks.o
                0x000000000800202c                MC_RunMotorControlTasks
 .text.TSK_SetChargeBootCapDelayM1
                0x00000000080020d4        0xc build/mc_tasks.o
                0x00000000080020d4                TSK_SetChargeBootCapDelayM1
 .text.TSK_ChargeBootCapDelayHasElapsedM1
                0x00000000080020e0       0x14 build/mc_tasks.o
                0x00000000080020e0                TSK_ChargeBootCapDelayHasElapsedM1
 .text.TSK_SetStopPermanencyTimeM1
                0x00000000080020f4        0xc build/mc_tasks.o
                0x00000000080020f4                TSK_SetStopPermanencyTimeM1
 .text.TSK_StopPermanencyTimeHasElapsedM1
                0x0000000008002100       0x14 build/mc_tasks.o
                0x0000000008002100                TSK_StopPermanencyTimeHasElapsedM1
 .text.TSK_HighFrequencyTask
                0x0000000008002114       0x28 build/mc_tasks.o
                0x0000000008002114                TSK_HighFrequencyTask
 .text.TSK_SafetyTask
                0x000000000800213c       0x20 build/mc_tasks.o
                0x000000000800213c                TSK_SafetyTask
 .text.TSK_HardwareFaultTask
                0x000000000800215c       0x2c build/mc_tasks.o
                0x000000000800215c                TSK_HardwareFaultTask
 .text.startMediumFrequencyTask
                0x0000000008002188       0x26 build/mc_tasks.o
                0x0000000008002188                startMediumFrequencyTask
 .text.StartSafetyTask
                0x00000000080021ae       0x10 build/mc_tasks.o
                0x00000000080021ae                StartSafetyTask
 .text.UI_HandleStartStopButton_cb
                0x00000000080021be       0x14 build/mc_tasks.o
                0x00000000080021be                UI_HandleStartStopButton_cb
 *fill*         0x00000000080021d2        0x2 
 .text.mc_lock_pins
                0x00000000080021d4      0x144 build/mc_tasks.o
                0x00000000080021d4                mc_lock_pins
 .text.FOC_Clear
                0x0000000008002318       0x8c build/mc_tasks_foc.o
                0x0000000008002318                FOC_Clear
 .text.FOC_Init
                0x00000000080023a4      0x180 build/mc_tasks_foc.o
                0x00000000080023a4                FOC_Init
 .text.TSK_MF_StopProcessing
                0x0000000008002524       0x48 build/mc_tasks_foc.o
                0x0000000008002524                TSK_MF_StopProcessing
 .text.FOC_InitAdditionalMethods
                0x000000000800256c       0x1c build/mc_tasks_foc.o
                0x000000000800256c                FOC_InitAdditionalMethods
 .text.FOC_CalcCurrRef
                0x0000000008002588       0x78 build/mc_tasks_foc.o
                0x0000000008002588                FOC_CalcCurrRef
 .text.TSK_MediumFrequencyTaskM1
                0x0000000008002600      0x54c build/mc_tasks_foc.o
                0x0000000008002600                TSK_MediumFrequencyTaskM1
 .text.FOC_HighFrequencyTask
                0x0000000008002b4c      0x158 build/mc_tasks_foc.o
                0x0000000008002b4c                FOC_HighFrequencyTask
 .text.PWMC_Clear
                0x0000000008002ca4       0x14 build/pwm_curr_fdbk.o
                0x0000000008002ca4                PWMC_Clear
 .text.PWMC_SwitchOffPWM
                0x0000000008002cb8        0x8 build/pwm_curr_fdbk.o
                0x0000000008002cb8                PWMC_SwitchOffPWM
 .text.PWMC_SwitchOnPWM
                0x0000000008002cc0        0x8 build/pwm_curr_fdbk.o
                0x0000000008002cc0                PWMC_SwitchOnPWM
 .text.PWMC_CurrentReadingCalibr
                0x0000000008002cc8       0x3c build/pwm_curr_fdbk.o
                0x0000000008002cc8                PWMC_CurrentReadingCalibr
 .text.PWMC_IsFaultOccurred
                0x0000000008002d04       0x36 build/pwm_curr_fdbk.o
                0x0000000008002d04                PWMC_IsFaultOccurred
 .text.PWMC_RLDetectionModeEnable
                0x0000000008002d3a        0x8 build/pwm_curr_fdbk.o
                0x0000000008002d3a                PWMC_RLDetectionModeEnable
 .text.PWMC_RLDetectionModeDisable
                0x0000000008002d42        0x8 build/pwm_curr_fdbk.o
                0x0000000008002d42                PWMC_RLDetectionModeDisable
 .text.PWMC_RLTurnOnLowSidesAndStart
                0x0000000008002d4a        0x8 build/pwm_curr_fdbk.o
                0x0000000008002d4a                PWMC_RLTurnOnLowSidesAndStart
 *fill*         0x0000000008002d52        0x2 
 .text.RCM_RegisterRegConv
                0x0000000008002d54      0x13c build/regular_conversion_manager.o
                0x0000000008002d54                RCM_RegisterRegConv
 .text.MCM_Trig_Functions
                0x0000000008002e90       0x2c build/mc_math.o
                0x0000000008002e90                MCM_Trig_Functions
 .text.MCM_Park
                0x0000000008002ebc       0x84 build/mc_math.o
                0x0000000008002ebc                MCM_Park
 .text.MCM_floatToIntBit
                0x0000000008002f40        0xc build/mc_math.o
                0x0000000008002f40                MCM_floatToIntBit
 .text.MCI_ExecSpeedRamp
                0x0000000008002f4c       0x14 build/mc_interface.o
                0x0000000008002f4c                MCI_ExecSpeedRamp
 .text.MCI_ExecTorqueRamp
                0x0000000008002f60       0x16 build/mc_interface.o
                0x0000000008002f60                MCI_ExecTorqueRamp
 .text.MCI_FaultProcessing
                0x0000000008002f76       0x12 build/mc_interface.o
                0x0000000008002f76                MCI_FaultProcessing
 .text.MCI_ExecBufferedCommands
                0x0000000008002f88       0x7c build/mc_interface.o
                0x0000000008002f88                MCI_ExecBufferedCommands
 .text.MCI_GetSTMState
                0x0000000008003004        0x4 build/mc_interface.o
                0x0000000008003004                MCI_GetSTMState
 .text.MCI_GetOccurredFaults
                0x0000000008003008        0x4 build/mc_interface.o
                0x0000000008003008                MCI_GetOccurredFaults
 .text.MCI_GetCurrentFaults
                0x000000000800300c        0x4 build/mc_interface.o
                0x000000000800300c                MCI_GetCurrentFaults
 .text.MCI_StartMotor
                0x0000000008003010       0x30 build/mc_interface.o
                0x0000000008003010                MCI_StartMotor
 .text.MCI_StopMotor
                0x0000000008003040       0x3a build/mc_interface.o
                0x0000000008003040                MCI_StopMotor
 .text.MCI_FaultAcknowledged
                0x000000000800307a       0x28 build/mc_interface.o
                0x000000000800307a                MCI_FaultAcknowledged
 .text.MCI_GetFaultState
                0x00000000080030a2        0xa build/mc_interface.o
                0x00000000080030a2                MCI_GetFaultState
 .text.MCI_GetControlMode
                0x00000000080030ac        0x6 build/mc_interface.o
                0x00000000080030ac                MCI_GetControlMode
 .text.MCI_GetImposedMotorDirection
                0x00000000080030b2       0x42 build/mc_interface.o
                0x00000000080030b2                MCI_GetImposedMotorDirection
 .text.MCI_GetLastRampFinalSpeed
                0x00000000080030f4        0x6 build/mc_interface.o
                0x00000000080030f4                MCI_GetLastRampFinalSpeed
 .text.MCI_GetLastRampFinalDuration
                0x00000000080030fa        0x4 build/mc_interface.o
                0x00000000080030fa                MCI_GetLastRampFinalDuration
 .text.MCI_StopRamp
                0x00000000080030fe        0xa build/mc_interface.o
                0x00000000080030fe                MCI_StopRamp
 .text.MCI_GetAvrgMecSpeedUnit
                0x0000000008003108        0xc build/mc_interface.o
                0x0000000008003108                MCI_GetAvrgMecSpeedUnit
 .text.MCI_GetMecSpeedRefUnit
                0x0000000008003114        0xa build/mc_interface.o
                0x0000000008003114                MCI_GetMecSpeedRefUnit
 .text.MCI_GetVqd
                0x000000000800311e       0x1c build/mc_interface.o
                0x000000000800311e                MCI_GetVqd
 .text.MCI_GetValphabeta
                0x000000000800313a       0x1c build/mc_interface.o
                0x000000000800313a                MCI_GetValphabeta
 .text.MCI_GetTeref
                0x0000000008003156        0x8 build/mc_interface.o
                0x0000000008003156                MCI_GetTeref
 .text.MCI_Clear_Iqdref
                0x000000000800315e       0x14 build/mc_interface.o
                0x000000000800315e                MCI_Clear_Iqdref
 .text.MCI_Clear_PerfMeasure
                0x0000000008003172        0xa build/mc_interface.o
                0x0000000008003172                MCI_Clear_PerfMeasure
 .text.HardFault_Handler
                0x000000000800317c        0x8 build/stm32_mc_common_it.o
                0x000000000800317c                HardFault_Handler
 .text.EXTI15_10_IRQHandler
                0x0000000008003184       0x20 build/stm32_mc_common_it.o
                0x0000000008003184                EXTI15_10_IRQHandler
 .text.ADC1_2_IRQHandler
                0x00000000080031a4       0x68 build/stm32g4xx_mc_it.o
                0x00000000080031a4                ADC1_2_IRQHandler
 .text.TIM1_UP_TIM16_IRQHandler
                0x000000000800320c       0x1c build/stm32g4xx_mc_it.o
                0x000000000800320c                TIM1_UP_TIM16_IRQHandler
 .text.TIM1_BRK_TIM15_IRQHandler
                0x0000000008003228       0x2c build/stm32g4xx_mc_it.o
                0x0000000008003228                TIM1_BRK_TIM15_IRQHandler
 .text.USART1_IRQHandler
                0x0000000008003254        0x8 build/stm32g4xx_mc_it.o
                0x0000000008003254                USART1_IRQHandler
 .text.DMA1_Channel1_IRQHandler
                0x000000000800325c       0x38 build/stm32g4xx_mc_it.o
                0x000000000800325c                DMA1_Channel1_IRQHandler
 .text.DMA1_Channel2_IRQHandler
                0x0000000008003294       0x40 build/stm32g4xx_mc_it.o
                0x0000000008003294                DMA1_Channel2_IRQHandler
 .text.RI_SetRegisterGlobal
                0x00000000080032d4       0xa0 build/register_interface.o
                0x00000000080032d4                RI_SetRegisterGlobal
 .text.RI_SetRegisterMotor1
                0x0000000008003374      0x51c build/register_interface.o
                0x0000000008003374                RI_SetRegisterMotor1
 .text.RI_GetRegisterGlobal
                0x0000000008003890      0x11c build/register_interface.o
                0x0000000008003890                RI_GetRegisterGlobal
 .text.RI_GetRegisterMotor1
                0x00000000080039ac      0x780 build/register_interface.o
                0x00000000080039ac                RI_GetRegisterMotor1
 .text.RI_SetRegCommandParser
                0x000000000800412c       0xcc build/mcp.o
                0x000000000800412c                RI_SetRegCommandParser
 .text.RI_GetRegCommandParser
                0x00000000080041f8       0x94 build/mcp.o
                0x00000000080041f8                RI_GetRegCommandParser
 .text.MCP_ReceivedPacket
                0x000000000800428c      0x1b4 build/mcp.o
                0x000000000800428c                MCP_ReceivedPacket
 .text.MC_Perf_Measure_Init
                0x0000000008004440       0x48 build/mc_perf.o
                0x0000000008004440                MC_Perf_Measure_Init
 .text.MC_Perf_Clear
                0x0000000008004488       0x1e build/mc_perf.o
                0x0000000008004488                MC_Perf_Clear
 *fill*         0x00000000080044a6        0x2 
 .text.MC_BG_Perf_Measure_Start
                0x00000000080044a8       0x18 build/mc_perf.o
                0x00000000080044a8                MC_BG_Perf_Measure_Start
 .text.MC_BG_Perf_Measure_Stop
                0x00000000080044c0       0x4c build/mc_perf.o
                0x00000000080044c0                MC_BG_Perf_Measure_Stop
 .text.MC_Perf_GetCPU_Load
                0x000000000800450c       0x5c build/mc_perf.o
                0x000000000800450c                MC_Perf_GetCPU_Load
 .text.MC_Perf_GetMaxCPU_Load
                0x0000000008004568       0x68 build/mc_perf.o
                0x0000000008004568                MC_Perf_GetMaxCPU_Load
 .text.MC_Perf_GetMinCPU_Load
                0x00000000080045d0       0x90 build/mc_perf.o
                0x00000000080045d0                MC_Perf_GetMinCPU_Load
 .text.UASPEP_TX_INIT
                0x0000000008004660       0x50 build/usart_aspep_driver.o
                0x0000000008004660                UASPEP_TX_INIT
 .text.UASPEP_RX_INIT
                0x00000000080046b0       0x54 build/usart_aspep_driver.o
                0x00000000080046b0                UASPEP_RX_INIT
 .text.UASPEP_INIT
                0x0000000008004704       0x10 build/usart_aspep_driver.o
                0x0000000008004704                UASPEP_INIT
 .text.UASPEP_CFG_TRANSMISSION
                0x0000000008004714       0x44 build/usart_aspep_driver.o
                0x0000000008004714                UASPEP_CFG_TRANSMISSION
 .text.UASPEP_CFG_RECEPTION
                0x0000000008004758       0x50 build/usart_aspep_driver.o
                0x0000000008004758                UASPEP_CFG_RECEPTION
 .text.UASPEP_IDLE_ENABLE
                0x00000000080047a8       0x1a build/usart_aspep_driver.o
                0x00000000080047a8                UASPEP_IDLE_ENABLE
 .text.ASPEP_CheckBeacon
                0x00000000080047c2       0x8a build/aspep.o
 .text.ASPEP_TXframeProcess
                0x000000000800484c       0xec build/aspep.o
 .text.ASPEP_sendBeacon
                0x0000000008004938       0x38 build/aspep.o
                0x0000000008004938                ASPEP_sendBeacon
 .text.ASPEP_sendPing
                0x0000000008004970       0x3c build/aspep.o
                0x0000000008004970                ASPEP_sendPing
 .text.ASPEP_getBuffer
                0x00000000080049ac       0x60 build/aspep.o
                0x00000000080049ac                ASPEP_getBuffer
 .text.ASPEP_sendPacket
                0x0000000008004a0c       0x58 build/aspep.o
                0x0000000008004a0c                ASPEP_sendPacket
 .text.ASPEP_RXframeProcess
                0x0000000008004a64      0x148 build/aspep.o
                0x0000000008004a64                ASPEP_RXframeProcess
 .text.MC_APP_BootHook
                0x0000000008004bac        0x2 build/mc_app_hooks.o
                0x0000000008004bac                MC_APP_BootHook
 .text.MC_APP_PostMediumFrequencyHook_M1
                0x0000000008004bae        0x2 build/mc_app_hooks.o
                0x0000000008004bae                MC_APP_PostMediumFrequencyHook_M1
 .text.TIM6_DAC_IRQHandler
                0x0000000008004bb0       0x10 build/stm32g4xx_it.o
                0x0000000008004bb0                TIM6_DAC_IRQHandler
 .text.HAL_MspInit
                0x0000000008004bc0       0x44 build/stm32g4xx_hal_msp.o
                0x0000000008004bc0                HAL_MspInit
 .text.HAL_InitTick
                0x0000000008004c04       0x94 build/stm32g4xx_hal_timebase_tim.o
                0x0000000008004c04                HAL_InitTick
 .text.VESC_UART_Init
                0x0000000008004c98      0x124 build/vesc_uart.o
                0x0000000008004c98                VESC_UART_Init
 .text.VESC_UART_IRQHandler
                0x0000000008004dbc       0x70 build/vesc_uart.o
                0x0000000008004dbc                VESC_UART_IRQHandler
 .text.HAL_TIM_Base_MspInit
                0x0000000008004e2c       0x64 build/tim.o
                0x0000000008004e2c                HAL_TIM_Base_MspInit
 .text.our_arm_cos_f32
                0x0000000008004e90       0x90 build/arm_cos_f32.o
                0x0000000008004e90                our_arm_cos_f32
 .text.our_arm_sin_f32
                0x0000000008004f20       0x88 build/arm_sin_f32.o
                0x0000000008004f20                our_arm_sin_f32
 .text.copy_data_to_uart_buffer
                0x0000000008004fa8       0x40 build/interface_uart.o
                0x0000000008004fa8                copy_data_to_uart_buffer
 .text.start_uart_server
                0x0000000008004fe8       0x30 build/interface_uart.o
                0x0000000008004fe8                start_uart_server
 .text._Z15UART_PushFrame_hhthPh
                0x0000000008005018       0xbc build/interface_uart.o
                0x0000000008005018                UART_PushFrame_(unsigned char, unsigned char, unsigned short, unsigned char, unsigned char*)
 .text._Z16UART_ParseFrame_Ph
                0x00000000080050d4      0x1c8 build/interface_uart.o
                0x00000000080050d4                UART_ParseFrame_(unsigned char*)
 .text._Z17parse_uart_frame_P15uart_recv_buf_t
                0x000000000800529c       0xb0 build/interface_uart.o
                0x000000000800529c                parse_uart_frame_(uart_recv_buf_t*)
 .text._ZL18uart_server_threadPKv
                0x000000000800534c       0x28 build/interface_uart.o
 .text.MX_FREERTOS_Init
                0x0000000008005374       0x40 build/freertos_var.o
                0x0000000008005374                MX_FREERTOS_Init
 .text.LL_SetSystemCoreClock
                0x00000000080053b4        0xc build/stm32g4xx_ll_utils.o
                0x00000000080053b4                LL_SetSystemCoreClock
 .text.LL_EXTI_Init
                0x00000000080053c0      0x1a0 build/stm32g4xx_ll_exti.o
                0x00000000080053c0                LL_EXTI_Init
 .text.LL_GPIO_Init
                0x0000000008005560      0x186 build/stm32g4xx_ll_gpio.o
                0x0000000008005560                LL_GPIO_Init
 *fill*         0x00000000080056e6        0x2 
 .text.LL_ADC_CommonInit
                0x00000000080056e8       0x50 build/stm32g4xx_ll_adc.o
                0x00000000080056e8                LL_ADC_CommonInit
 .text.LL_ADC_Init
                0x0000000008005738       0x2e build/stm32g4xx_ll_adc.o
                0x0000000008005738                LL_ADC_Init
 *fill*         0x0000000008005766        0x2 
 .text.LL_ADC_REG_Init
                0x0000000008005768       0x5c build/stm32g4xx_ll_adc.o
                0x0000000008005768                LL_ADC_REG_Init
 .text.LL_ADC_INJ_Init
                0x00000000080057c4       0x46 build/stm32g4xx_ll_adc.o
                0x00000000080057c4                LL_ADC_INJ_Init
 *fill*         0x000000000800580a        0x2 
 .text.HAL_Init
                0x000000000800580c       0x2c build/stm32g4xx_hal.o
                0x000000000800580c                HAL_Init
 .text.HAL_IncTick
                0x0000000008005838       0x18 build/stm32g4xx_hal.o
                0x0000000008005838                HAL_IncTick
 .text.HAL_RCC_GetHCLKFreq
                0x0000000008005850        0xc build/stm32g4xx_hal_rcc.o
                0x0000000008005850                HAL_RCC_GetHCLKFreq
 .text.HAL_RCC_GetPCLK1Freq
                0x000000000800585c       0x24 build/stm32g4xx_hal_rcc.o
                0x000000000800585c                HAL_RCC_GetPCLK1Freq
 .text.HAL_RCC_GetClockConfig
                0x0000000008005880       0x3c build/stm32g4xx_hal_rcc.o
                0x0000000008005880                HAL_RCC_GetClockConfig
 .text.HAL_GPIO_Init
                0x00000000080058bc      0x1c8 build/stm32g4xx_hal_gpio.o
                0x00000000080058bc                HAL_GPIO_Init
 .text.HAL_PWREx_DisableUCPDDeadBattery
                0x0000000008005a84       0x10 build/stm32g4xx_hal_pwr_ex.o
                0x0000000008005a84                HAL_PWREx_DisableUCPDDeadBattery
 .text.HAL_NVIC_SetPriorityGrouping
                0x0000000008005a94       0x24 build/stm32g4xx_hal_cortex.o
                0x0000000008005a94                HAL_NVIC_SetPriorityGrouping
 .text.HAL_NVIC_SetPriority
                0x0000000008005ab8       0x6c build/stm32g4xx_hal_cortex.o
                0x0000000008005ab8                HAL_NVIC_SetPriority
 .text.HAL_NVIC_EnableIRQ
                0x0000000008005b24       0x1c build/stm32g4xx_hal_cortex.o
                0x0000000008005b24                HAL_NVIC_EnableIRQ
 .text.HAL_NVIC_SystemReset
                0x0000000008005b40       0x24 build/stm32g4xx_hal_cortex.o
                0x0000000008005b40                HAL_NVIC_SystemReset
 .text.HAL_SYSTICK_Config
                0x0000000008005b64       0x28 build/stm32g4xx_hal_cortex.o
                0x0000000008005b64                HAL_SYSTICK_Config
 .text.LL_COMP_Init
                0x0000000008005b8c       0x34 build/stm32g4xx_ll_comp.o
                0x0000000008005b8c                LL_COMP_Init
 .text.RCC_GetHCLKClockFreq
                0x0000000008005bc0       0x1c build/stm32g4xx_ll_rcc.o
 .text.RCC_GetPCLK1ClockFreq
                0x0000000008005bdc       0x1c build/stm32g4xx_ll_rcc.o
 .text.RCC_GetSystemClockFreq
                0x0000000008005bf8       0x60 build/stm32g4xx_ll_rcc.o
 .text.LL_RCC_GetSystemClocksFreq
                0x0000000008005c58       0x38 build/stm32g4xx_ll_rcc.o
                0x0000000008005c58                LL_RCC_GetSystemClocksFreq
 .text.LL_RCC_GetUSARTClockFreq
                0x0000000008005c90      0x13c build/stm32g4xx_ll_rcc.o
                0x0000000008005c90                LL_RCC_GetUSARTClockFreq
 .text.LL_RCC_GetUARTClockFreq
                0x0000000008005dcc       0x6c build/stm32g4xx_ll_rcc.o
                0x0000000008005dcc                LL_RCC_GetUARTClockFreq
 .text.LL_DAC_Init
                0x0000000008005e38       0xb4 build/stm32g4xx_ll_dac.o
                0x0000000008005e38                LL_DAC_Init
 .text.LL_I2C_Init
                0x0000000008005eec       0x70 build/stm32g4xx_ll_i2c.o
                0x0000000008005eec                LL_I2C_Init
 .text.LL_OPAMP_Init
                0x0000000008005f5c       0x4a build/stm32g4xx_ll_opamp.o
                0x0000000008005f5c                LL_OPAMP_Init
 *fill*         0x0000000008005fa6        0x2 
 .text.HAL_TIM_Base_Start_IT
                0x0000000008005fa8       0x84 build/stm32g4xx_hal_tim.o
                0x0000000008005fa8                HAL_TIM_Base_Start_IT
 .text.HAL_TIM_OC_DelayElapsedCallback
                0x000000000800602c        0x2 build/stm32g4xx_hal_tim.o
                0x000000000800602c                HAL_TIM_OC_DelayElapsedCallback
 .text.HAL_TIM_IC_CaptureCallback
                0x000000000800602e        0x2 build/stm32g4xx_hal_tim.o
                0x000000000800602e                HAL_TIM_IC_CaptureCallback
 .text.HAL_TIM_PWM_PulseFinishedCallback
                0x0000000008006030        0x2 build/stm32g4xx_hal_tim.o
                0x0000000008006030                HAL_TIM_PWM_PulseFinishedCallback
 .text.HAL_TIM_TriggerCallback
                0x0000000008006032        0x2 build/stm32g4xx_hal_tim.o
                0x0000000008006032                HAL_TIM_TriggerCallback
 .text.HAL_TIM_IRQHandler
                0x0000000008006034      0x1f0 build/stm32g4xx_hal_tim.o
                0x0000000008006034                HAL_TIM_IRQHandler
 .text.TIM_Base_SetConfig
                0x0000000008006224      0x148 build/stm32g4xx_hal_tim.o
                0x0000000008006224                TIM_Base_SetConfig
 .text.HAL_TIM_Base_Init
                0x000000000800636c       0x60 build/stm32g4xx_hal_tim.o
                0x000000000800636c                HAL_TIM_Base_Init
 .text.HAL_TIMEx_CommutCallback
                0x00000000080063cc        0x2 build/stm32g4xx_hal_tim_ex.o
                0x00000000080063cc                HAL_TIMEx_CommutCallback
 .text.HAL_TIMEx_BreakCallback
                0x00000000080063ce        0x2 build/stm32g4xx_hal_tim_ex.o
                0x00000000080063ce                HAL_TIMEx_BreakCallback
 .text.HAL_TIMEx_Break2Callback
                0x00000000080063d0        0x2 build/stm32g4xx_hal_tim_ex.o
                0x00000000080063d0                HAL_TIMEx_Break2Callback
 .text.HAL_TIMEx_EncoderIndexCallback
                0x00000000080063d2        0x2 build/stm32g4xx_hal_tim_ex.o
                0x00000000080063d2                HAL_TIMEx_EncoderIndexCallback
 .text.HAL_TIMEx_DirectionChangeCallback
                0x00000000080063d4        0x2 build/stm32g4xx_hal_tim_ex.o
                0x00000000080063d4                HAL_TIMEx_DirectionChangeCallback
 .text.HAL_TIMEx_IndexErrorCallback
                0x00000000080063d6        0x2 build/stm32g4xx_hal_tim_ex.o
                0x00000000080063d6                HAL_TIMEx_IndexErrorCallback
 .text.HAL_TIMEx_TransitionErrorCallback
                0x00000000080063d8        0x2 build/stm32g4xx_hal_tim_ex.o
                0x00000000080063d8                HAL_TIMEx_TransitionErrorCallback
 *fill*         0x00000000080063da        0x2 
 .text.LL_TIM_Init
                0x00000000080063dc      0x100 build/stm32g4xx_ll_tim.o
                0x00000000080063dc                LL_TIM_Init
 .text.LL_TIM_OC_Init
                0x00000000080064dc      0x344 build/stm32g4xx_ll_tim.o
                0x00000000080064dc                LL_TIM_OC_Init
 .text.LL_TIM_BDTR_Init
                0x0000000008006820       0x78 build/stm32g4xx_ll_tim.o
                0x0000000008006820                LL_TIM_BDTR_Init
 .text.LL_USART_Init
                0x0000000008006898      0x108 build/stm32g4xx_ll_usart.o
                0x0000000008006898                LL_USART_Init
 .text.LL_SPI_Init
                0x00000000080069a0       0x88 build/stm32g4xx_ll_spi.o
                0x00000000080069a0                LL_SPI_Init
 .text.SystemInit
                0x0000000008006a28       0x14 build/system_stm32g4xx.o
                0x0000000008006a28                SystemInit
 .text.vListInitialise
                0x0000000008006a3c       0x16 build/list.o
                0x0000000008006a3c                vListInitialise
 .text.vListInitialiseItem
                0x0000000008006a52        0x6 build/list.o
                0x0000000008006a52                vListInitialiseItem
 .text.vListInsertEnd
                0x0000000008006a58       0x16 build/list.o
                0x0000000008006a58                vListInsertEnd
 .text.vListInsert
                0x0000000008006a6e       0x32 build/list.o
                0x0000000008006a6e                vListInsert
 .text.uxListRemove
                0x0000000008006aa0       0x24 build/list.o
                0x0000000008006aa0                uxListRemove
 .text.prvIsQueueEmpty
                0x0000000008006ac4       0x16 build/queue.o
 .text.prvCopyDataToQueue
                0x0000000008006ada       0x76 build/queue.o
 .text.prvCopyDataFromQueue
                0x0000000008006b50       0x24 build/queue.o
 .text.prvUnlockQueue
                0x0000000008006b74       0x76 build/queue.o
 .text.xQueueGenericReset
                0x0000000008006bea       0x84 build/queue.o
                0x0000000008006bea                xQueueGenericReset
 .text.xQueueGenericCreate
                0x0000000008006c6e       0x44 build/queue.o
                0x0000000008006c6e                xQueueGenericCreate
 .text.xQueueGenericSend
                0x0000000008006cb2      0x198 build/queue.o
                0x0000000008006cb2                xQueueGenericSend
 .text.xQueueGiveFromISR
                0x0000000008006e4a       0xb2 build/queue.o
                0x0000000008006e4a                xQueueGiveFromISR
 .text.xQueueSemaphoreTake
                0x0000000008006efc      0x1a6 build/queue.o
                0x0000000008006efc                xQueueSemaphoreTake
 .text.xQueueReceiveFromISR
                0x00000000080070a2       0xa8 build/queue.o
                0x00000000080070a2                xQueueReceiveFromISR
 *fill*         0x000000000800714a        0x2 
 .text.prvResetNextTaskUnblockTime
                0x000000000800714c       0x2c build/tasks.o
 .text.prvIdleTask
                0x0000000008007178       0x70 build/tasks.o
 .text.prvAddCurrentTaskToDelayedList
                0x00000000080071e8       0x98 build/tasks.o
 .text.xTaskCreate
                0x0000000008007280      0x1bc build/tasks.o
                0x0000000008007280                xTaskCreate
 .text.vTaskStartScheduler
                0x000000000800743c       0x7c build/tasks.o
                0x000000000800743c                vTaskStartScheduler
 .text.vTaskSuspendAll
                0x00000000080074b8       0x10 build/tasks.o
                0x00000000080074b8                vTaskSuspendAll
 .text.xTaskIncrementTick
                0x00000000080074c8      0x138 build/tasks.o
                0x00000000080074c8                xTaskIncrementTick
 .text.xTaskResumeAll
                0x0000000008007600      0x108 build/tasks.o
                0x0000000008007600                xTaskResumeAll
 .text.vTaskDelay
                0x0000000008007708       0x4c build/tasks.o
                0x0000000008007708                vTaskDelay
 .text.vTaskSwitchContext
                0x0000000008007754       0x94 build/tasks.o
                0x0000000008007754                vTaskSwitchContext
 .text.vTaskPlaceOnEventList
                0x00000000080077e8       0x30 build/tasks.o
                0x00000000080077e8                vTaskPlaceOnEventList
 .text.xTaskRemoveFromEventList
                0x0000000008007818       0x88 build/tasks.o
                0x0000000008007818                xTaskRemoveFromEventList
 .text.vTaskInternalSetTimeOutState
                0x00000000080078a0       0x18 build/tasks.o
                0x00000000080078a0                vTaskInternalSetTimeOutState
 .text.xTaskCheckForTimeOut
                0x00000000080078b8       0x84 build/tasks.o
                0x00000000080078b8                xTaskCheckForTimeOut
 .text.vTaskMissedYield
                0x000000000800793c        0xc build/tasks.o
                0x000000000800793c                vTaskMissedYield
 .text.xTaskGetSchedulerState
                0x0000000008007948       0x20 build/tasks.o
                0x0000000008007948                xTaskGetSchedulerState
 .text.xTaskPriorityInherit
                0x0000000008007968       0xa8 build/tasks.o
                0x0000000008007968                xTaskPriorityInherit
 .text.xTaskPriorityDisinherit
                0x0000000008007a10       0xb0 build/tasks.o
                0x0000000008007a10                xTaskPriorityDisinherit
 .text.vTaskPriorityDisinheritAfterTimeout
                0x0000000008007ac0       0xb4 build/tasks.o
                0x0000000008007ac0                vTaskPriorityDisinheritAfterTimeout
 .text.pvTaskIncrementMutexHeldCount
                0x0000000008007b74       0x1c build/tasks.o
                0x0000000008007b74                pvTaskIncrementMutexHeldCount
 .text.osKernelStart
                0x0000000008007b90        0xa build/cmsis_os.o
                0x0000000008007b90                osKernelStart
 .text.osThreadCreate
                0x0000000008007b9a       0x38 build/cmsis_os.o
                0x0000000008007b9a                osThreadCreate
 .text.osDelay  0x0000000008007bd2       0x10 build/cmsis_os.o
                0x0000000008007bd2                osDelay
 .text.osSemaphoreCreate
                0x0000000008007be2       0x28 build/cmsis_os.o
                0x0000000008007be2                osSemaphoreCreate
 .text.osSemaphoreWait
                0x0000000008007c0a       0x52 build/cmsis_os.o
                0x0000000008007c0a                osSemaphoreWait
 .text.osSemaphoreRelease
                0x0000000008007c5c       0x52 build/cmsis_os.o
                0x0000000008007c5c                osSemaphoreRelease
 *fill*         0x0000000008007cae        0x2 
 .text.prvInsertBlockIntoFreeList
                0x0000000008007cb0       0x60 build/heap_4.o
 .text.pvPortMalloc
                0x0000000008007d10      0x138 build/heap_4.o
                0x0000000008007d10                pvPortMalloc
 .text.vPortFree
                0x0000000008007e48       0x7c build/heap_4.o
                0x0000000008007e48                vPortFree
 .text.prvTaskExitError
                0x0000000008007ec4       0x40 build/port.o
 .text.prvPortStartFirstTask
                0x0000000008007f04       0x28 build/port.o
 .text.vPortEnableVFP
                0x0000000008007f2c       0x14 build/port.o
 .text.pxPortInitialiseStack
                0x0000000008007f40       0x2c build/port.o
                0x0000000008007f40                pxPortInitialiseStack
 *fill*         0x0000000008007f6c        0x4 
 .text.SVC_Handler
                0x0000000008007f70       0x24 build/port.o
                0x0000000008007f70                SVC_Handler
 .text.vPortEnterCritical
                0x0000000008007f94       0x44 build/port.o
                0x0000000008007f94                vPortEnterCritical
 .text.vPortExitCritical
                0x0000000008007fd8       0x2c build/port.o
                0x0000000008007fd8                vPortExitCritical
 *fill*         0x0000000008008004        0xc 
 .text.PendSV_Handler
                0x0000000008008010       0x64 build/port.o
                0x0000000008008010                PendSV_Handler
 .text.SysTick_Handler
                0x0000000008008074       0x2c build/port.o
                0x0000000008008074                SysTick_Handler
 .text.xPortStartScheduler
                0x00000000080080a0      0x11c build/port.o
                0x00000000080080a0                xPortStartScheduler
 .text.vPortValidateInterruptPriority
                0x00000000080081bc       0x5c build/port.o
                0x00000000080081bc                vPortValidateInterruptPriority
 .text.STSPIN32G4_init
                0x0000000008008218       0x14 build/stspin32g4.o
                0x0000000008008218                STSPIN32G4_init
 .text.STSPIN32G4_readReg
                0x000000000800822c      0x168 build/stspin32g4.o
                0x000000000800822c                STSPIN32G4_readReg
 .text.STSPIN32G4_writeReg
                0x0000000008008394      0x168 build/stspin32g4.o
                0x0000000008008394                STSPIN32G4_writeReg
 .text.STSPIN32G4_clearFaults
                0x00000000080084fc       0x12 build/stspin32g4.o
                0x00000000080084fc                STSPIN32G4_clearFaults
 *fill*         0x000000000800850e        0x2 
 .text.STSPIN32G4_wakeup
                0x0000000008008510       0x84 build/stspin32g4.o
                0x0000000008008510                STSPIN32G4_wakeup
 .text.STSPIN32G4_getStatus
                0x0000000008008594       0x18 build/stspin32g4.o
                0x0000000008008594                STSPIN32G4_getStatus
 .text.STSPIN32G4_lockReg
                0x00000000080085ac       0x3a build/stspin32g4.o
                0x00000000080085ac                STSPIN32G4_lockReg
 .text.STSPIN32G4_unlockReg
                0x00000000080085e6       0x36 build/stspin32g4.o
                0x00000000080085e6                STSPIN32G4_unlockReg
 .text.STSPIN32G4_setVCC
                0x000000000800861c      0x12e build/stspin32g4.o
                0x000000000800861c                STSPIN32G4_setVCC
 .text.STSPIN32G4_setVDSP
                0x000000000800874a       0xca build/stspin32g4.o
                0x000000000800874a                STSPIN32G4_setVDSP
 .text.STSPIN32G4_reset
                0x0000000008008814       0x1e build/stspin32g4.o
                0x0000000008008814                STSPIN32G4_reset
 .text.VBS_GetAvBusVoltage_V
                0x0000000008008832        0xc build/bus_voltage_sensor.o
                0x0000000008008832                VBS_GetAvBusVoltage_V
 .text.FF_Init  0x000000000800883e       0x1a build/feed_forward_ctrl.o
                0x000000000800883e                FF_Init
 .text.FF_Clear
                0x0000000008008858        0x8 build/feed_forward_ctrl.o
                0x0000000008008858                FF_Clear
 .text.FF_VqdffComputation
                0x0000000008008860       0xa4 build/feed_forward_ctrl.o
                0x0000000008008860                FF_VqdffComputation
 .text.FF_InitFOCAdditionalMethods
                0x0000000008008904       0x1c build/feed_forward_ctrl.o
                0x0000000008008904                FF_InitFOCAdditionalMethods
 .text.FF_GetVqdff
                0x0000000008008920       0x16 build/feed_forward_ctrl.o
                0x0000000008008920                FF_GetVqdff
 .text.FF_GetVqdAvPIout
                0x0000000008008936       0x16 build/feed_forward_ctrl.o
                0x0000000008008936                FF_GetVqdAvPIout
 .text.NTC_Init
                0x000000000800894c       0x20 build/ntc_temperature_sensor.o
                0x000000000800894c                NTC_Init
 .text.NTC_GetAvTemp_C
                0x000000000800896c       0x20 build/ntc_temperature_sensor.o
                0x000000000800896c                NTC_GetAvTemp_C
 .text.PID_HandleInit
                0x000000000800898c       0x14 build/pid_regulator.o
                0x000000000800898c                PID_HandleInit
 .text.PID_SetKP
                0x00000000080089a0        0x4 build/pid_regulator.o
                0x00000000080089a0                PID_SetKP
 .text.PID_SetKI
                0x00000000080089a4        0x4 build/pid_regulator.o
                0x00000000080089a4                PID_SetKI
 .text.PID_GetKP
                0x00000000080089a8        0x6 build/pid_regulator.o
                0x00000000080089a8                PID_GetKP
 .text.PID_GetKI
                0x00000000080089ae        0x6 build/pid_regulator.o
                0x00000000080089ae                PID_GetKI
 .text.PID_SetIntegralTerm
                0x00000000080089b4        0x4 build/pid_regulator.o
                0x00000000080089b4                PID_SetIntegralTerm
 .text.PID_SetKPDivisorPOW2
                0x00000000080089b8        0xc build/pid_regulator.o
                0x00000000080089b8                PID_SetKPDivisorPOW2
 .text.PID_GetKIDivisor
                0x00000000080089c4        0x4 build/pid_regulator.o
                0x00000000080089c4                PID_GetKIDivisor
 .text.PID_SetLowerIntegralTermLimit
                0x00000000080089c8        0x4 build/pid_regulator.o
                0x00000000080089c8                PID_SetLowerIntegralTermLimit
 .text.PID_SetUpperIntegralTermLimit
                0x00000000080089cc        0x4 build/pid_regulator.o
                0x00000000080089cc                PID_SetUpperIntegralTermLimit
 .text.PID_SetKIDivisorPOW2
                0x00000000080089d0       0x28 build/pid_regulator.o
                0x00000000080089d0                PID_SetKIDivisorPOW2
 .text.PID_SetKD
                0x00000000080089f8        0x4 build/pid_regulator.o
                0x00000000080089f8                PID_SetKD
 .text.PID_GetKD
                0x00000000080089fc        0x6 build/pid_regulator.o
                0x00000000080089fc                PID_GetKD
 *fill*         0x0000000008008a02        0x2 
 .text.PI_Controller
                0x0000000008008a04       0x98 build/pid_regulator.o
                0x0000000008008a04                PI_Controller
 .text.PQD_GetAvrgElMotorPowerW
                0x0000000008008a9c       0x34 build/pqd_motor_power_measurement.o
                0x0000000008008a9c                PQD_GetAvrgElMotorPowerW
 .text.RVBS_Clear
                0x0000000008008ad0       0x32 build/r_divider_bus_voltage_sensor.o
                0x0000000008008ad0                RVBS_Clear
 .text.RVBS_Init
                0x0000000008008b02        0x8 build/r_divider_bus_voltage_sensor.o
                0x0000000008008b02                RVBS_Init
 .text.REMNG_Init
                0x0000000008008b0a       0x10 build/ramp_ext_mngr.o
                0x0000000008008b0a                REMNG_Init
 .text.REMNG_Calc
                0x0000000008008b1a       0x2c build/ramp_ext_mngr.o
                0x0000000008008b1a                REMNG_Calc
 .text.REMNG_RampCompleted
                0x0000000008008b46        0xa build/ramp_ext_mngr.o
                0x0000000008008b46                REMNG_RampCompleted
 .text.getScalingFactor
                0x0000000008008b50       0x32 build/ramp_ext_mngr.o
                0x0000000008008b50                getScalingFactor
 *fill*         0x0000000008008b82        0x2 
 .text.REMNG_ExecRamp
                0x0000000008008b84       0x88 build/ramp_ext_mngr.o
                0x0000000008008b84                REMNG_ExecRamp
 .text.RUC_Init
                0x0000000008008c0c       0x5c build/revup_ctrl.o
                0x0000000008008c0c                RUC_Init
 .text.RUC_Clear
                0x0000000008008c68       0x94 build/revup_ctrl.o
                0x0000000008008c68                RUC_Clear
 .text.RUC_Exec
                0x0000000008008cfc       0x70 build/revup_ctrl.o
                0x0000000008008cfc                RUC_Exec
 .text.RUC_SetPhaseDurationms
                0x0000000008008d6c        0xc build/revup_ctrl.o
                0x0000000008008d6c                RUC_SetPhaseDurationms
 .text.RUC_SetPhaseFinalMecSpeedUnit
                0x0000000008008d78        0xc build/revup_ctrl.o
                0x0000000008008d78                RUC_SetPhaseFinalMecSpeedUnit
 .text.RUC_SetPhaseFinalTorque
                0x0000000008008d84        0xc build/revup_ctrl.o
                0x0000000008008d84                RUC_SetPhaseFinalTorque
 .text.SPD_GetAvrgMecSpeedUnit
                0x0000000008008d90        0x6 build/speed_pos_fdbk.o
                0x0000000008008d90                SPD_GetAvrgMecSpeedUnit
 .text.SPD_GetElSpeedDpp
                0x0000000008008d96        0x6 build/speed_pos_fdbk.o
                0x0000000008008d96                SPD_GetElSpeedDpp
 .text.SPD_IsMecSpeedReliable
                0x0000000008008d9c       0x5e build/speed_pos_fdbk.o
                0x0000000008008d9c                SPD_IsMecSpeedReliable
 .text.SPD_GetS16Speed
                0x0000000008008dfa       0x14 build/speed_pos_fdbk.o
                0x0000000008008dfa                SPD_GetS16Speed
 .text.SPD_GetElToMecRatio
                0x0000000008008e0e        0x4 build/speed_pos_fdbk.o
                0x0000000008008e0e                SPD_GetElToMecRatio
 .text.SPD_SetElToMecRatio
                0x0000000008008e12        0x4 build/speed_pos_fdbk.o
                0x0000000008008e12                SPD_SetElToMecRatio
 .text.STC_Init
                0x0000000008008e16       0x24 build/speed_torq_ctrl.o
                0x0000000008008e16                STC_Init
 .text.STC_SetSpeedSensor
                0x0000000008008e3a        0x4 build/speed_torq_ctrl.o
                0x0000000008008e3a                STC_SetSpeedSensor
 .text.STC_Clear
                0x0000000008008e3e       0x14 build/speed_torq_ctrl.o
                0x0000000008008e3e                STC_Clear
 .text.STC_GetMecSpeedRefUnit
                0x0000000008008e52        0x6 build/speed_torq_ctrl.o
                0x0000000008008e52                STC_GetMecSpeedRefUnit
 .text.STC_SetControlMode
                0x0000000008008e58        0x8 build/speed_torq_ctrl.o
                0x0000000008008e58                STC_SetControlMode
 .text.STC_ExecRamp
                0x0000000008008e60       0x9c build/speed_torq_ctrl.o
                0x0000000008008e60                STC_ExecRamp
 .text.STC_CalcTorqueReference
                0x0000000008008efc       0x50 build/speed_torq_ctrl.o
                0x0000000008008efc                STC_CalcTorqueReference
 .text.STC_GetDefaultIqdref
                0x0000000008008f4c       0x1a build/speed_torq_ctrl.o
                0x0000000008008f4c                STC_GetDefaultIqdref
 .text.STC_ForceSpeedReferenceToCurrentSpeed
                0x0000000008008f66       0x10 build/speed_torq_ctrl.o
                0x0000000008008f66                STC_ForceSpeedReferenceToCurrentSpeed
 .text.STO_PLL_Clear
                0x0000000008008f76       0x66 build/sto_pll_speed_pos_fdbk.o
                0x0000000008008f76                STO_PLL_Clear
 .text.STO_PLL_Init
                0x0000000008008fdc       0x70 build/sto_pll_speed_pos_fdbk.o
                0x0000000008008fdc                STO_PLL_Init
 .text.STO_PLL_IsObserverConverged
                0x000000000800904c       0xd0 build/sto_pll_speed_pos_fdbk.o
                0x000000000800904c                STO_PLL_IsObserverConverged
 .text.STO_PLL_GetEstimatedBemf
                0x000000000800911c       0x1c build/sto_pll_speed_pos_fdbk.o
                0x000000000800911c                STO_PLL_GetEstimatedBemf
 .text.STO_PLL_GetObserverGains
                0x0000000008009138        0xe build/sto_pll_speed_pos_fdbk.o
                0x0000000008009138                STO_PLL_GetObserverGains
 .text.STO_PLL_SetObserverGains
                0x0000000008009146        0x6 build/sto_pll_speed_pos_fdbk.o
                0x0000000008009146                STO_PLL_SetObserverGains
 .text.STO_OTF_ResetPLL
                0x000000000800914c        0xe build/sto_pll_speed_pos_fdbk.o
                0x000000000800914c                STO_OTF_ResetPLL
 .text.STO_PLL_IsVarianceTight
                0x000000000800915a        0x8 build/sto_pll_speed_pos_fdbk.o
                0x000000000800915a                STO_PLL_IsVarianceTight
 .text.STO_PLL_ForceConvergency1
                0x0000000008009162        0xa build/sto_pll_speed_pos_fdbk.o
                0x0000000008009162                STO_PLL_ForceConvergency1
 .text.STO_PLL_ForceConvergency2
                0x000000000800916c        0xa build/sto_pll_speed_pos_fdbk.o
                0x000000000800916c                STO_PLL_ForceConvergency2
 .text.STO_SetDirection
                0x0000000008009176        0x6 build/sto_pll_speed_pos_fdbk.o
                0x0000000008009176                STO_SetDirection
 .text.VSS_Clear
                0x000000000800917c       0x2c build/virtual_speed_sensor.o
                0x000000000800917c                VSS_Clear
 .text.VSS_Init
                0x00000000080091a8        0x8 build/virtual_speed_sensor.o
                0x00000000080091a8                VSS_Init
 .text.VSS_CalcAvrgMecSpeedUnit
                0x00000000080091b0       0x82 build/virtual_speed_sensor.o
                0x00000000080091b0                VSS_CalcAvrgMecSpeedUnit
 *fill*         0x0000000008009232        0x2 
 .text.VSS_SetMecAcceleration
                0x0000000008009234       0x94 build/virtual_speed_sensor.o
                0x0000000008009234                VSS_SetMecAcceleration
 .text.VSS_SetStartTransition
                0x00000000080092c8       0x24 build/virtual_speed_sensor.o
                0x00000000080092c8                VSS_SetStartTransition
 .text.VSS_TransitionEnded
                0x00000000080092ec        0x6 build/virtual_speed_sensor.o
                0x00000000080092ec                VSS_TransitionEnded
 *fill*         0x00000000080092f2        0x2 
 .text.R3_2_ADCxInit
                0x00000000080092f4       0xd4 build/r3_2_g4xx_pwm_curr_fdbk.o
 .text.R3_2_GetPhaseCurrents
                0x00000000080093c8      0x11e build/r3_2_g4xx_pwm_curr_fdbk.o
                0x00000000080093c8                R3_2_GetPhaseCurrents
 .text.R3_2_HFCurrentsPolarizationAB
                0x00000000080094e6       0x4e build/r3_2_g4xx_pwm_curr_fdbk.o
 .text.R3_2_HFCurrentsPolarizationC
                0x0000000008009534       0x3a build/r3_2_g4xx_pwm_curr_fdbk.o
 .text.R3_2_TurnOnLowSides
                0x000000000800956e       0x50 build/r3_2_g4xx_pwm_curr_fdbk.o
                0x000000000800956e                R3_2_TurnOnLowSides
 .text.R3_2_SwitchOnPWM
                0x00000000080095be       0xac build/r3_2_g4xx_pwm_curr_fdbk.o
                0x00000000080095be                R3_2_SwitchOnPWM
 .text.R3_2_SwitchOffPWM
                0x000000000800966a       0x60 build/r3_2_g4xx_pwm_curr_fdbk.o
                0x000000000800966a                R3_2_SwitchOffPWM
 *fill*         0x00000000080096ca        0x2 
 .text.R3_2_SetAOReferenceVoltage
                0x00000000080096cc       0x98 build/r3_2_g4xx_pwm_curr_fdbk.o
 .text.R3_2_RLGetPhaseCurrents
                0x0000000008009764       0x3c build/r3_2_g4xx_pwm_curr_fdbk.o
 .text.R3_2_RLTurnOnLowSides
                0x00000000080097a0       0x4a build/r3_2_g4xx_pwm_curr_fdbk.o
 .text.R3_2_RLSwitchOnPWM
                0x00000000080097ea       0xc4 build/r3_2_g4xx_pwm_curr_fdbk.o
 *fill*         0x00000000080098ae        0x2 
 .text.R3_2_SetADCSampPointPolarization
                0x00000000080098b0       0x3c build/r3_2_g4xx_pwm_curr_fdbk.o
                0x00000000080098b0                R3_2_SetADCSampPointPolarization
 .text.R3_2_Init
                0x00000000080098ec      0x294 build/r3_2_g4xx_pwm_curr_fdbk.o
                0x00000000080098ec                R3_2_Init
 .text.R3_2_SetOffsetCalib
                0x0000000008009b80       0x1a build/r3_2_g4xx_pwm_curr_fdbk.o
                0x0000000008009b80                R3_2_SetOffsetCalib
 .text.R3_2_GetOffsetCalib
                0x0000000008009b9a       0x14 build/r3_2_g4xx_pwm_curr_fdbk.o
                0x0000000008009b9a                R3_2_GetOffsetCalib
 *fill*         0x0000000008009bae        0x2 
 .text.R3_2_CurrentReadingPolarization
                0x0000000008009bb0      0x174 build/r3_2_g4xx_pwm_curr_fdbk.o
                0x0000000008009bb0                R3_2_CurrentReadingPolarization
 .text.R3_2_GetPhaseCurrents_OVM
                0x0000000008009d24      0x26a build/r3_2_g4xx_pwm_curr_fdbk.o
                0x0000000008009d24                R3_2_GetPhaseCurrents_OVM
 *fill*         0x0000000008009f8e        0x2 
 .text.R3_2_SetADCSampPointSectX_OVM
                0x0000000008009f90       0xa0 build/r3_2_g4xx_pwm_curr_fdbk.o
                0x0000000008009f90                R3_2_SetADCSampPointSectX_OVM
 .text.R3_2_TIMx_UP_IRQHandler
                0x000000000800a030       0x70 build/r3_2_g4xx_pwm_curr_fdbk.o
                0x000000000800a030                R3_2_TIMx_UP_IRQHandler
 .text.R3_2_RLDetectionModeEnable
                0x000000000800a0a0       0xd8 build/r3_2_g4xx_pwm_curr_fdbk.o
                0x000000000800a0a0                R3_2_RLDetectionModeEnable
 .text.R3_2_RLDetectionModeDisable
                0x000000000800a178       0xfc build/r3_2_g4xx_pwm_curr_fdbk.o
                0x000000000800a178                R3_2_RLDetectionModeDisable
 .text.R3_2_RLDetectionModeSetDuty
                0x000000000800a274       0x7c build/r3_2_g4xx_pwm_curr_fdbk.o
                0x000000000800a274                R3_2_RLDetectionModeSetDuty
 .text.R3_2_RLTurnOnLowSidesAndStart
                0x000000000800a2f0       0x82 build/r3_2_g4xx_pwm_curr_fdbk.o
                0x000000000800a2f0                R3_2_RLTurnOnLowSidesAndStart
 .text._getpid  0x000000000800a372        0x4 build/syscalls.o
                0x000000000800a372                _getpid
 .text._kill    0x000000000800a376       0x10 build/syscalls.o
                0x000000000800a376                _kill
 .text._exit    0x000000000800a386        0xc build/syscalls.o
                0x000000000800a386                _exit
 *fill*         0x000000000800a392        0x2 
 .text.Reset_Handler
                0x000000000800a394       0x50 build/startup_stm32g431xx.o
                0x000000000800a394                Reset_Handler
 .text.Default_Handler
                0x000000000800a3e4        0x2 build/startup_stm32g431xx.o
                0x000000000800a3e4                RTC_Alarm_IRQHandler
                0x000000000800a3e4                EXTI2_IRQHandler
                0x000000000800a3e4                TIM8_TRG_COM_IRQHandler
                0x000000000800a3e4                TIM8_CC_IRQHandler
                0x000000000800a3e4                DebugMon_Handler
                0x000000000800a3e4                TIM1_CC_IRQHandler
                0x000000000800a3e4                USB_HP_IRQHandler
                0x000000000800a3e4                CORDIC_IRQHandler
                0x000000000800a3e4                NMI_Handler
                0x000000000800a3e4                EXTI3_IRQHandler
                0x000000000800a3e4                I2C3_ER_IRQHandler
                0x000000000800a3e4                EXTI0_IRQHandler
                0x000000000800a3e4                I2C2_EV_IRQHandler
                0x000000000800a3e4                FPU_IRQHandler
                0x000000000800a3e4                FDCAN1_IT1_IRQHandler
                0x000000000800a3e4                UsageFault_Handler
                0x000000000800a3e4                SPI1_IRQHandler
                0x000000000800a3e4                TIM8_UP_IRQHandler
                0x000000000800a3e4                DMA2_Channel2_IRQHandler
                0x000000000800a3e4                DMA1_Channel4_IRQHandler
                0x000000000800a3e4                USART3_IRQHandler
                0x000000000800a3e4                TIM4_IRQHandler
                0x000000000800a3e4                DMA2_Channel1_IRQHandler
                0x000000000800a3e4                I2C1_EV_IRQHandler
                0x000000000800a3e4                DMA1_Channel6_IRQHandler
                0x000000000800a3e4                UART4_IRQHandler
                0x000000000800a3e4                DMA2_Channel4_IRQHandler
                0x000000000800a3e4                TIM3_IRQHandler
                0x000000000800a3e4                RCC_IRQHandler
                0x000000000800a3e4                Default_Handler
                0x000000000800a3e4                RTC_TAMP_LSECSS_IRQHandler
                0x000000000800a3e4                FMAC_IRQHandler
                0x000000000800a3e4                TIM7_IRQHandler
                0x000000000800a3e4                UCPD1_IRQHandler
                0x000000000800a3e4                I2C3_EV_IRQHandler
                0x000000000800a3e4                EXTI9_5_IRQHandler
                0x000000000800a3e4                RTC_WKUP_IRQHandler
                0x000000000800a3e4                PVD_PVM_IRQHandler
                0x000000000800a3e4                SPI2_IRQHandler
                0x000000000800a3e4                MemManage_Handler
                0x000000000800a3e4                DMA2_Channel5_IRQHandler
                0x000000000800a3e4                CRS_IRQHandler
                0x000000000800a3e4                DMA1_Channel5_IRQHandler
                0x000000000800a3e4                USB_LP_IRQHandler
                0x000000000800a3e4                EXTI4_IRQHandler
                0x000000000800a3e4                RNG_IRQHandler
                0x000000000800a3e4                TIM1_TRG_COM_TIM17_IRQHandler
                0x000000000800a3e4                DMA1_Channel3_IRQHandler
                0x000000000800a3e4                WWDG_IRQHandler
                0x000000000800a3e4                LPUART1_IRQHandler
                0x000000000800a3e4                DMA2_Channel6_IRQHandler
                0x000000000800a3e4                FDCAN1_IT0_IRQHandler
                0x000000000800a3e4                TIM2_IRQHandler
                0x000000000800a3e4                COMP1_2_3_IRQHandler
                0x000000000800a3e4                EXTI1_IRQHandler
                0x000000000800a3e4                USART2_IRQHandler
                0x000000000800a3e4                I2C2_ER_IRQHandler
                0x000000000800a3e4                TIM8_BRK_IRQHandler
                0x000000000800a3e4                FLASH_IRQHandler
                0x000000000800a3e4                BusFault_Handler
                0x000000000800a3e4                SPI3_IRQHandler
                0x000000000800a3e4                I2C1_ER_IRQHandler
                0x000000000800a3e4                LPTIM1_IRQHandler
                0x000000000800a3e4                DMAMUX_OVR_IRQHandler
                0x000000000800a3e4                USBWakeUp_IRQHandler
                0x000000000800a3e4                SAI1_IRQHandler
                0x000000000800a3e4                DMA2_Channel3_IRQHandler
                0x000000000800a3e4                COMP4_IRQHandler
 .text._ZN31ResistanceMeasurementControlLaw5resetEv
                0x000000000800a3e6       0x12 build/motor.o
                0x000000000800a3e6                ResistanceMeasurementControlLaw::reset()
 .text._ZN31ResistanceMeasurementControlLaw14on_measurementESt8optionalIfES0_ISt4pairIffEEm
                0x000000000800a3f8       0xcc build/motor.o
                0x000000000800a3f8                ResistanceMeasurementControlLaw::on_measurement(std::optional<float>, std::optional<std::pair<float, float> >, unsigned long)
 .text._ZN31ResistanceMeasurementControlLaw21get_alpha_beta_outputEmPSt8optionalISt4pairIffEEPS0_IfE
                0x000000000800a4c4       0x42 build/motor.o
                0x000000000800a4c4                ResistanceMeasurementControlLaw::get_alpha_beta_output(unsigned long, std::optional<std::pair<float, float> >*, std::optional<float>*)
 .text._ZN31InductanceMeasurementControlLaw5resetEv
                0x000000000800a506        0x6 build/motor.o
                0x000000000800a506                InductanceMeasurementControlLaw::reset()
 .text._ZN31InductanceMeasurementControlLaw14on_measurementESt8optionalIfES0_ISt4pairIffEEm
                0x000000000800a50c       0x6c build/motor.o
                0x000000000800a50c                InductanceMeasurementControlLaw::on_measurement(std::optional<float>, std::optional<std::pair<float, float> >, unsigned long)
 .text._ZN31InductanceMeasurementControlLaw21get_alpha_beta_outputEmPSt8optionalISt4pairIffEEPS0_IfE
                0x000000000800a578       0x54 build/motor.o
                0x000000000800a578                InductanceMeasurementControlLaw::get_alpha_beta_output(unsigned long, std::optional<std::pair<float, float> >*, std::optional<float>*)
 .text._ZN5Motor3armEP15PhaseControlLawILj3EE
                0x000000000800a5cc       0x40 build/motor.o
                0x000000000800a5cc                Motor::arm(PhaseControlLaw<3u>*)
 .text._ZN5Motor6disarmEv
                0x000000000800a60c       0x3c build/motor.o
                0x000000000800a60c                Motor::disarm()
 .text._ZN5Motor31update_current_controller_gainsEv
                0x000000000800a648       0x3a build/motor.o
                0x000000000800a648                Motor::update_current_controller_gains()
 *fill*         0x000000000800a682        0x2 
 .text._ZN5MotorC2ERK21MotorHardwareConfig_tRNS_8Config_tE
                0x000000000800a684      0x24c build/motor.o
                0x000000000800a684                Motor::Motor(MotorHardwareConfig_t const&, Motor::Config_t&)
                0x000000000800a684                Motor::Motor(MotorHardwareConfig_t const&, Motor::Config_t&)
 .text._ZN5Motor9set_errorEN10ODriveIntf9MotorIntf5ErrorE
                0x000000000800a8d0       0x1a build/motor.o
                0x000000000800a8d0                Motor::set_error(ODriveIntf::MotorIntf::Error)
 *fill*         0x000000000800a8ea        0x2 
 .text._ZN5Motor24measure_phase_resistanceEff
                0x000000000800a8ec       0xe0 build/motor.o
                0x000000000800a8ec                Motor::measure_phase_resistance(float, float)
 .text._ZN5Motor24measure_phase_inductanceEf
                0x000000000800a9cc       0xc8 build/motor.o
                0x000000000800a9cc                Motor::measure_phase_inductance(float)
 .text._ZN5Motor15run_calibrationEv
                0x000000000800aa94       0x54 build/motor.o
                0x000000000800aa94                Motor::run_calibration()
 .text._ZN24AlphaBetaFrameController14on_measurementESt8optionalIfES0_ISt5arrayIfLj3EEEm
                0x000000000800aae8       0x70 build/foc.o
                0x000000000800aae8                AlphaBetaFrameController::on_measurement(std::optional<float>, std::optional<std::array<float, 3u> >, unsigned long)
 .text._ZN23FieldOrientedController5resetEv
                0x000000000800ab58       0x2a build/foc.o
                0x000000000800ab58                FieldOrientedController::reset()
 .text._ZN23FieldOrientedController14on_measurementESt8optionalIfES0_ISt4pairIffEEm
                0x000000000800ab82       0x64 build/foc.o
                0x000000000800ab82                FieldOrientedController::on_measurement(std::optional<float>, std::optional<std::pair<float, float> >, unsigned long)
 .text._ZN24AlphaBetaFrameController10get_outputEmRA3_fPSt8optionalIfE
                0x000000000800abe6       0x70 build/foc.o
                0x000000000800abe6                AlphaBetaFrameController::get_output(unsigned long, float (&) [3], std::optional<float>*)
 *fill*         0x000000000800ac56        0x2 
 .text._ZN23FieldOrientedController21get_alpha_beta_outputEmPSt8optionalISt4pairIffEEPS0_IfE
                0x000000000800ac58      0x2b4 build/foc.o
                0x000000000800ac58                FieldOrientedController::get_alpha_beta_output(unsigned long, std::optional<std::pair<float, float> >*, std::optional<float>*)
 .text._ZN23FieldOrientedController6updateEm
                0x000000000800af0c      0x1b0 build/foc.o
                0x000000000800af0c                FieldOrientedController::update(unsigned long)
 .text._ZThn4_N23FieldOrientedController6updateEm
                0x000000000800b0bc        0x8 build/foc.o
                0x000000000800b0bc                non-virtual thunk to FieldOrientedController::update(unsigned long)
 .text.SVM      0x000000000800b0c4      0x248 build/utils.o
                0x000000000800b0c4                SVM
 .text.test_svm
                0x000000000800b30c       0xc0 build/utils.o
                0x000000000800b30c                test_svm
 .text.clark_park
                0x000000000800b3cc       0x98 build/utils.o
                0x000000000800b3cc                clark_park
 .text._ZL21analog_polling_threadPKv
                0x000000000800b464        0xc build/low_level.o
 .text.safety_critical_disarm_motor_pwm
                0x000000000800b470       0x2c build/low_level.o
                0x000000000800b470                safety_critical_disarm_motor_pwm
 .text.update_brake_current
                0x000000000800b49c        0x2 build/low_level.o
                0x000000000800b49c                update_brake_current
 *fill*         0x000000000800b49e        0x2 
 .text.start_analog_thread
                0x000000000800b4a0       0x28 build/low_level.o
                0x000000000800b4a0                start_analog_thread
 .text.axis_loop
                0x000000000800b4c8       0x10 build/low_level.o
                0x000000000800b4c8                axis_loop
 .text._ZN31OnboardThermistorCurrentLimiterD2Ev
                0x000000000800b4d8        0x2 build/main_.o
                0x000000000800b4d8                OnboardThermistorCurrentLimiter::~OnboardThermistorCurrentLimiter()
                0x000000000800b4d8                OnboardThermistorCurrentLimiter::~OnboardThermistorCurrentLimiter()
 .text._ZN32OffboardThermistorCurrentLimiterD2Ev
                0x000000000800b4da        0x2 build/main_.o
                0x000000000800b4da                OffboardThermistorCurrentLimiter::~OffboardThermistorCurrentLimiter()
                0x000000000800b4da                OffboardThermistorCurrentLimiter::~OffboardThermistorCurrentLimiter()
 .text._ZN31OnboardThermistorCurrentLimiterD0Ev
                0x000000000800b4dc        0xc build/main_.o
                0x000000000800b4dc                OnboardThermistorCurrentLimiter::~OnboardThermistorCurrentLimiter()
 .text._ZN32OffboardThermistorCurrentLimiterD0Ev
                0x000000000800b4e8        0xc build/main_.o
                0x000000000800b4e8                OffboardThermistorCurrentLimiter::~OffboardThermistorCurrentLimiter()
 .text._GLOBAL__sub_I_board_config
                0x000000000800b4f4      0x2d8 build/main_.o
 .text._ZN4Axis19default_calibrationEv
                0x000000000800b7cc       0x34 build/axis.o
                0x000000000800b7cc                Axis::default_calibration()
 .text._ZN4Axis18default_sensorlessEv
                0x000000000800b800       0x38 build/axis.o
                0x000000000800b800                Axis::default_sensorless()
 .text._ZN4Axis26wait_for_control_iterationEv
                0x000000000800b838       0x2e build/axis.o
                0x000000000800b838                Axis::wait_for_control_iteration()
 .text._ZN4Axis19set_step_dir_activeEb
                0x000000000800b866       0x30 build/axis.o
                0x000000000800b866                Axis::set_step_dir_active(bool)
 *fill*         0x000000000800b896        0x2 
 .text._ZN4Axis13watchdog_feedEv
                0x000000000800b898       0x48 build/axis.o
                0x000000000800b898                Axis::watchdog_feed()
 .text._ZN4AxisC2EiRNS_8Config_tER7EncoderR10ControllerR31OnboardThermistorCurrentLimiterR32OffboardThermistorCurrentLimiterR5Motor
                0x000000000800b8e0      0x20c build/axis.o
                0x000000000800b8e0                Axis::Axis(int, Axis::Config_t&, Encoder&, Controller&, OnboardThermistorCurrentLimiter&, OffboardThermistorCurrentLimiter&, Motor&)
                0x000000000800b8e0                Axis::Axis(int, Axis::Config_t&, Encoder&, Controller&, OnboardThermistorCurrentLimiter&, OffboardThermistorCurrentLimiter&, Motor&)
 .text._ZN4Axis15run_lockin_spinERKNS_14LockinConfig_tEbSt8functionIFbbEE
                0x000000000800baec      0x200 build/axis.o
                0x000000000800baec                Axis::run_lockin_spin(Axis::LockinConfig_t const&, bool, std::function<bool (bool)>)
 .text._ZN4Axis27run_sensorless_control_loopEv
                0x000000000800bcec       0x44 build/axis.o
                0x000000000800bcec                Axis::run_sensorless_control_loop()
 .text._ZN4Axis25start_closed_loop_controlEv
                0x000000000800bd30      0x1f0 build/axis.o
                0x000000000800bd30                Axis::start_closed_loop_control()
 .text._ZN4Axis24stop_closed_loop_controlEv
                0x000000000800bf20       0x16 build/axis.o
                0x000000000800bf20                Axis::stop_closed_loop_control()
 .text._ZN4Axis28run_closed_loop_control_loopEv
                0x000000000800bf36       0x50 build/axis.o
                0x000000000800bf36                Axis::run_closed_loop_control_loop()
 .text._ZN4Axis13run_idle_loopEv
                0x000000000800bf86       0x2c build/axis.o
                0x000000000800bf86                Axis::run_idle_loop()
 .text._ZNSt3_V28__rotateIPN10ODriveIntf8AxisIntf9AxisStateEEET_S5_S5_S5_St26random_access_iterator_tag
                0x000000000800bfb2       0xe6 build/axis.o
                0x000000000800bfb2                ODriveIntf::AxisIntf::AxisState* std::_V2::__rotate<ODriveIntf::AxisIntf::AxisState*>(ODriveIntf::AxisIntf::AxisState*, ODriveIntf::AxisIntf::AxisState*, ODriveIntf::AxisIntf::AxisState*, std::random_access_iterator_tag)
 .text._ZN4Axis22run_state_machine_loopEv
                0x000000000800c098      0x258 build/axis.o
                0x000000000800c098                Axis::run_state_machine_loop()
 .text._ZN10Controller5resetEv
                0x000000000800c2f0        0xc build/controller.o
                0x000000000800c2f0                Controller::reset()
 .text._ZN10Controller23set_input_pos_and_stepsEf
                0x000000000800c2fc       0x70 build/controller.o
                0x000000000800c2fc                Controller::set_input_pos_and_steps(float)
 .text._ZN10Controller20control_mode_updatedEv
                0x000000000800c36c       0x56 build/controller.o
                0x000000000800c36c                Controller::control_mode_updated()
 *fill*         0x000000000800c3c2        0x2 
 .text._ZN10Controller19update_filter_gainsEv
                0x000000000800c3c4       0x38 build/controller.o
                0x000000000800c3c4                Controller::update_filter_gains()
 .text._ZN10ControllerC2ERNS_8Config_tE
                0x000000000800c3fc       0x50 build/controller.o
                0x000000000800c3fc                Controller::Controller(Controller::Config_t&)
                0x000000000800c3fc                Controller::Controller(Controller::Config_t&)
 .text._ZN7Encoder9set_errorEN10ODriveIntf11EncoderIntf5ErrorE
                0x000000000800c44c       0x20 build/encoder.o
                0x000000000800c44c                Encoder::set_error(ODriveIntf::EncoderIntf::Error)
 .text._ZN7Encoder17set_idx_subscribeEb
                0x000000000800c46c        0x2 build/encoder.o
                0x000000000800c46c                Encoder::set_idx_subscribe(bool)
 *fill*         0x000000000800c46e        0x2 
 .text._ZN7Encoder16update_pll_gainsEv
                0x000000000800c470       0x60 build/encoder.o
                0x000000000800c470                Encoder::update_pll_gains()
 .text._ZN7EncoderC2ERK23EncoderHardwareConfig_tRNS_8Config_tE
                0x000000000800c4d0       0xf0 build/encoder.o
                0x000000000800c4d0                Encoder::Encoder(EncoderHardwareConfig_t const&, Encoder::Config_t&)
                0x000000000800c4d0                Encoder::Encoder(EncoderHardwareConfig_t const&, Encoder::Config_t&)
 .text._ZN7Encoder16run_index_searchEv
                0x000000000800c5c0       0x48 build/encoder.o
                0x000000000800c5c0                Encoder::run_index_search()
 .text._ZN7Encoder18run_direction_findEv
                0x000000000800c608       0x98 build/encoder.o
                0x000000000800c608                Encoder::run_direction_find()
 .text._ZN7Encoder22run_offset_calibrationEv
                0x000000000800c6a0      0x38c build/encoder.o
                0x000000000800c6a0                Encoder::run_offset_calibration()
 .text._ZNK24ThermistorCurrentLimiter17get_current_limitEf
                0x000000000800ca2c       0x60 build/thermistor.o
                0x000000000800ca2c                ThermistorCurrentLimiter::get_current_limit(float) const
 .text._ZN24ThermistorCurrentLimiterD2Ev
                0x000000000800ca8c        0x2 build/thermistor.o
                0x000000000800ca8c                ThermistorCurrentLimiter::~ThermistorCurrentLimiter()
                0x000000000800ca8c                ThermistorCurrentLimiter::~ThermistorCurrentLimiter()
 .text._ZN24ThermistorCurrentLimiterD0Ev
                0x000000000800ca8e        0xc build/thermistor.o
                0x000000000800ca8e                ThermistorCurrentLimiter::~ThermistorCurrentLimiter()
 *fill*         0x000000000800ca9a        0x2 
 .text._ZN24ThermistorCurrentLimiterC2EtPKfS1_jRS0_S2_RKb
                0x000000000800ca9c       0x38 build/thermistor.o
                0x000000000800ca9c                ThermistorCurrentLimiter::ThermistorCurrentLimiter(unsigned short, float const*, float const*, unsigned int, float const&, float const&, bool const&)
                0x000000000800ca9c                ThermistorCurrentLimiter::ThermistorCurrentLimiter(unsigned short, float const*, float const*, unsigned int, float const&, float const&, bool const&)
 .text._ZN31OnboardThermistorCurrentLimiterC2ERK26ThermistorHardwareConfig_tRNS_8Config_tE
                0x000000000800cad4       0x34 build/thermistor.o
                0x000000000800cad4                OnboardThermistorCurrentLimiter::OnboardThermistorCurrentLimiter(ThermistorHardwareConfig_t const&, OnboardThermistorCurrentLimiter::Config_t&)
                0x000000000800cad4                OnboardThermistorCurrentLimiter::OnboardThermistorCurrentLimiter(ThermistorHardwareConfig_t const&, OnboardThermistorCurrentLimiter::Config_t&)
 .text._ZN32OffboardThermistorCurrentLimiterC2ERNS_8Config_tE
                0x000000000800cb08       0x3c build/thermistor.o
                0x000000000800cb08                OffboardThermistorCurrentLimiter::OffboardThermistorCurrentLimiter(OffboardThermistorCurrentLimiter::Config_t&)
                0x000000000800cb08                OffboardThermistorCurrentLimiter::OffboardThermistorCurrentLimiter(OffboardThermistorCurrentLimiter::Config_t&)
 .text._ZN18OpenLoopController6updateEm
                0x000000000800cb44      0x16c build/open_loop_controller.o
                0x000000000800cb44                OpenLoopController::update(unsigned long)
 .text._Z12OD_FindEntryth
                0x000000000800ccb0       0x24 build/canopen.o
                0x000000000800ccb0                OD_FindEntry(unsigned short, unsigned char)
 .text._Z7OD_ReadttPt
                0x000000000800ccd4       0x58 build/canopen.o
                0x000000000800ccd4                OD_Read(unsigned short, unsigned short, unsigned short*)
 .text._Z8OD_Writettl
                0x000000000800cd2c       0x44 build/canopen.o
                0x000000000800cd2c                OD_Write(unsigned short, unsigned short, long)
 .text._Z8PDO_ReadhPt
                0x000000000800cd70       0x5c build/canopen.o
                0x000000000800cd70                PDO_Read(unsigned char, unsigned short*)
 .text.OTT_Init
                0x000000000800cdcc       0xc8 MCSDK_v6.3.2-Full/MotorControl/libMP/libmp-G4-MDK-ARM_ARMv7-M.a(mp_one_touch_tuning.o)
                0x000000000800cdcc                OTT_Init
 .text.OTT_Stop
                0x000000000800ce94        0x8 MCSDK_v6.3.2-Full/MotorControl/libMP/libmp-G4-MDK-ARM_ARMv7-M.a(mp_one_touch_tuning.o)
                0x000000000800ce94                OTT_Stop
 .text.OTT_MF   0x000000000800ce9c      0x6d0 MCSDK_v6.3.2-Full/MotorControl/libMP/libmp-G4-MDK-ARM_ARMv7-M.a(mp_one_touch_tuning.o)
                0x000000000800ce9c                OTT_MF
 .text.OTT_SpeedCtrl
                0x000000000800d56c      0x12e MCSDK_v6.3.2-Full/MotorControl/libMP/libmp-G4-MDK-ARM_ARMv7-M.a(mp_one_touch_tuning.o)
 *fill*         0x000000000800d69a        0x2 
 .text.OTT_SR   0x000000000800d69c       0x3e MCSDK_v6.3.2-Full/MotorControl/libMP/libmp-G4-MDK-ARM_ARMv7-M.a(mp_one_touch_tuning.o)
                0x000000000800d69c                OTT_SR
 *fill*         0x000000000800d6da        0x2 
 .text.OTT_ForceTuning
                0x000000000800d6dc        0x8 MCSDK_v6.3.2-Full/MotorControl/libMP/libmp-G4-MDK-ARM_ARMv7-M.a(mp_one_touch_tuning.o)
                0x000000000800d6dc                OTT_ForceTuning
 .text.SCC_Init
                0x000000000800d6e4      0x11c MCSDK_v6.3.2-Full/MotorControl/libMP/libmp-G4-MDK-ARM_ARMv7-M.a(mp_self_com_ctrl.o)
                0x000000000800d6e4                SCC_Init
 .text.SCC_CMD  0x000000000800d800      0x128 MCSDK_v6.3.2-Full/MotorControl/libMP/libmp-G4-MDK-ARM_ARMv7-M.a(mp_self_com_ctrl.o)
                0x000000000800d800                SCC_CMD
 .text.SCC_Stop
                0x000000000800d928       0x28 MCSDK_v6.3.2-Full/MotorControl/libMP/libmp-G4-MDK-ARM_ARMv7-M.a(mp_self_com_ctrl.o)
                0x000000000800d928                SCC_Stop
 .text.SCC_Start
                0x000000000800d950       0x70 MCSDK_v6.3.2-Full/MotorControl/libMP/libmp-G4-MDK-ARM_ARMv7-M.a(mp_self_com_ctrl.o)
                0x000000000800d950                SCC_Start
 .text.SCC_CheckOC_RL
                0x000000000800d9c0      0x2d8 MCSDK_v6.3.2-Full/MotorControl/libMP/libmp-G4-MDK-ARM_ARMv7-M.a(mp_self_com_ctrl.o)
                0x000000000800d9c0                SCC_CheckOC_RL
 .text.SCC_SetNominalCurrent
                0x000000000800dc98       0x5c MCSDK_v6.3.2-Full/MotorControl/libMP/libmp-G4-MDK-ARM_ARMv7-M.a(mp_self_com_ctrl.o)
                0x000000000800dc98                SCC_SetNominalCurrent
 .text.SCC_UpdateRevup
                0x000000000800dcf4       0xe4 MCSDK_v6.3.2-Full/MotorControl/libMP/libmp-G4-MDK-ARM_ARMv7-M.a(mp_self_com_ctrl.o)
                0x000000000800dcf4                SCC_UpdateRevup
 .text.SCC_MF   0x000000000800ddd8      0x8d4 MCSDK_v6.3.2-Full/MotorControl/libMP/libmp-G4-MDK-ARM_ARMv7-M.a(mp_self_com_ctrl.o)
                0x000000000800ddd8                SCC_MF
 .text.SCC_DetectBemf
                0x000000000800e6ac      0x2b8 MCSDK_v6.3.2-Full/MotorControl/libMP/libmp-G4-MDK-ARM_ARMv7-M.a(mp_self_com_ctrl.o)
                0x000000000800e6ac                SCC_DetectBemf
 .text.SCC_GetState
                0x000000000800e964       0x70 MCSDK_v6.3.2-Full/MotorControl/libMP/libmp-G4-MDK-ARM_ARMv7-M.a(mp_self_com_ctrl.o)
                0x000000000800e964                SCC_GetState
 .text.SCC_SetNominalSpeed
                0x000000000800e9d4       0x38 MCSDK_v6.3.2-Full/MotorControl/libMP/libmp-G4-MDK-ARM_ARMv7-M.a(mp_self_com_ctrl.o)
                0x000000000800e9d4                SCC_SetNominalSpeed
 .text.SCC_GetResistorOffset
                0x000000000800ea0c        0xa MCSDK_v6.3.2-Full/MotorControl/libMP/libmp-G4-MDK-ARM_ARMv7-M.a(mp_self_com_ctrl.o)
                0x000000000800ea0c                SCC_GetResistorOffset
 *fill*         0x000000000800ea16        0x2 
 .text.SCC_SetPBCharacterization
                0x000000000800ea18        0xa MCSDK_v6.3.2-Full/MotorControl/libMP/libmp-G4-MDK-ARM_ARMv7-M.a(mp_self_com_ctrl.o)
                0x000000000800ea18                SCC_SetPBCharacterization
 *fill*         0x000000000800ea22        0x2 
 .text.SCC_SetResistorOffset
                0x000000000800ea24        0xa MCSDK_v6.3.2-Full/MotorControl/libMP/libmp-G4-MDK-ARM_ARMv7-M.a(mp_self_com_ctrl.o)
                0x000000000800ea24                SCC_SetResistorOffset
 .text.__aeabi_atexit
                0x000000000800ea2e        0xa /usr/share/gcc-arm-none-eabi-10-2020-q4-major/bin/../lib/gcc/arm-none-eabi/10.2.1/../../../../arm-none-eabi/lib/thumb/v7e-m+fp/hard/libstdc++_nano.a(atexit_arm.o)
                0x000000000800ea2e                __aeabi_atexit
 .text._ZdlPv   0x000000000800ea38        0x4 /usr/share/gcc-arm-none-eabi-10-2020-q4-major/bin/../lib/gcc/arm-none-eabi/10.2.1/../../../../arm-none-eabi/lib/thumb/v7e-m+fp/hard/libstdc++_nano.a(del_op.o)
                0x000000000800ea38                operator delete(void*)
 .text.fmodf    0x000000000800ea3c       0x54 /usr/share/gcc-arm-none-eabi-10-2020-q4-major/bin/../lib/gcc/arm-none-eabi/10.2.1/../../../../arm-none-eabi/lib/thumb/v7e-m+fp/hard/libm.a(lib_a-wf_fmod.o)
                0x000000000800ea3c                fmodf
 .text.sqrtf    0x000000000800ea90       0x50 /usr/share/gcc-arm-none-eabi-10-2020-q4-major/bin/../lib/gcc/arm-none-eabi/10.2.1/../../../../arm-none-eabi/lib/thumb/v7e-m+fp/hard/libm.a(lib_a-wf_sqrt.o)
                0x000000000800ea90                sqrtf
 .text.__ieee754_fmodf
                0x000000000800eae0      0x120 /usr/share/gcc-arm-none-eabi-10-2020-q4-major/bin/../lib/gcc/arm-none-eabi/10.2.1/../../../../arm-none-eabi/lib/thumb/v7e-m+fp/hard/libm.a(lib_a-ef_fmod.o)
                0x000000000800eae0                __ieee754_fmodf
 .text.__ieee754_sqrtf
                0x000000000800ec00        0x8 /usr/share/gcc-arm-none-eabi-10-2020-q4-major/bin/../lib/gcc/arm-none-eabi/10.2.1/../../../../arm-none-eabi/lib/thumb/v7e-m+fp/hard/libm.a(lib_a-ef_sqrt.o)
                0x000000000800ec00                __ieee754_sqrtf
 .text.abort    0x000000000800ec08        0xe /usr/share/gcc-arm-none-eabi-10-2020-q4-major/bin/../lib/gcc/arm-none-eabi/10.2.1/../../../../arm-none-eabi/lib/thumb/v7e-m+fp/hard/libc_nano.a(lib_a-abort.o)
                0x000000000800ec08                abort
 .text.__aeabi_memclr
                0x000000000800ec16        0x6 /usr/share/gcc-arm-none-eabi-10-2020-q4-major/bin/../lib/gcc/arm-none-eabi/10.2.1/../../../../arm-none-eabi/lib/thumb/v7e-m+fp/hard/libc_nano.a(lib_a-aeabi_memclr.o)
                0x000000000800ec16                __aeabi_memclr8
                0x000000000800ec16                __aeabi_memclr
                0x000000000800ec16                __aeabi_memclr4
 .text.__cxa_atexit
                0x000000000800ec1c       0x1c /usr/share/gcc-arm-none-eabi-10-2020-q4-major/bin/../lib/gcc/arm-none-eabi/10.2.1/../../../../arm-none-eabi/lib/thumb/v7e-m+fp/hard/libc_nano.a(lib_a-cxa_atexit.o)
                0x000000000800ec1c                __cxa_atexit
 .text.__errno  0x000000000800ec38        0xc /usr/share/gcc-arm-none-eabi-10-2020-q4-major/bin/../lib/gcc/arm-none-eabi/10.2.1/../../../../arm-none-eabi/lib/thumb/v7e-m+fp/hard/libc_nano.a(lib_a-errno.o)
                0x000000000800ec38                __errno
 .text.__libc_init_array
                0x000000000800ec44       0x48 /usr/share/gcc-arm-none-eabi-10-2020-q4-major/bin/../lib/gcc/arm-none-eabi/10.2.1/../../../../arm-none-eabi/lib/thumb/v7e-m+fp/hard/libc_nano.a(lib_a-init.o)
                0x000000000800ec44                __libc_init_array
 .text.free     0x000000000800ec8c       0x10 /usr/share/gcc-arm-none-eabi-10-2020-q4-major/bin/../lib/gcc/arm-none-eabi/10.2.1/../../../../arm-none-eabi/lib/thumb/v7e-m+fp/hard/libc_nano.a(lib_a-malloc.o)
                0x000000000800ec8c                free
 .text.memcpy   0x000000000800ec9c       0x1c /usr/share/gcc-arm-none-eabi-10-2020-q4-major/bin/../lib/gcc/arm-none-eabi/10.2.1/../../../../arm-none-eabi/lib/thumb/v7e-m+fp/hard/libc_nano.a(lib_a-memcpy-stub.o)
                0x000000000800ec9c                memcpy
 .text.memmove  0x000000000800ecb8       0x34 /usr/share/gcc-arm-none-eabi-10-2020-q4-major/bin/../lib/gcc/arm-none-eabi/10.2.1/../../../../arm-none-eabi/lib/thumb/v7e-m+fp/hard/libc_nano.a(lib_a-memmove.o)
                0x000000000800ecb8                memmove
 .text.memset   0x000000000800ecec       0x10 /usr/share/gcc-arm-none-eabi-10-2020-q4-major/bin/../lib/gcc/arm-none-eabi/10.2.1/../../../../arm-none-eabi/lib/thumb/v7e-m+fp/hard/libc_nano.a(lib_a-memset.o)
                0x000000000800ecec                memset
 .text._free_r  0x000000000800ecfc       0x98 /usr/share/gcc-arm-none-eabi-10-2020-q4-major/bin/../lib/gcc/arm-none-eabi/10.2.1/../../../../arm-none-eabi/lib/thumb/v7e-m+fp/hard/libc_nano.a(lib_a-nano-freer.o)
                0x000000000800ecfc                _free_r
 .text._raise_r
                0x000000000800ed94       0x50 /usr/share/gcc-arm-none-eabi-10-2020-q4-major/bin/../lib/gcc/arm-none-eabi/10.2.1/../../../../arm-none-eabi/lib/thumb/v7e-m+fp/hard/libc_nano.a(lib_a-signal.o)
                0x000000000800ed94                _raise_r