Archive member included to satisfy reference by file (symbol)

Drivers/CMSIS/DSP/Lib/GCC/libarm_cortexM4lf_math.a(arm_common_tables.o)
                              build/arm_cos_f32.o (sinTable_f32)
MCSDK_v6.3.2-Full/MotorControl/libMP/libmp-G4-MDK-ARM_ARMv7-M.a(mp_one_touch_tuning.o)
                              build/mc_tasks_foc.o (OTT_Init)
MCSDK_v6.3.2-Full/MotorControl/libMP/libmp-G4-MDK-ARM_ARMv7-M.a(mp_self_com_ctrl.o)
                              build/mc_tasks_foc.o (SCC_Init)
/usr/share/gcc-arm-none-eabi-10-2020-q4-major/bin/../lib/gcc/arm-none-eabi/10.2.1/../../../../arm-none-eabi/lib/thumb/v7e-m+fp/hard/libstdc++_nano.a(del_op.o)
                              build/thermistor.o (operator delete(void*))
/usr/share/gcc-arm-none-eabi-10-2020-q4-major/bin/../lib/gcc/arm-none-eabi/10.2.1/../../../../arm-none-eabi/lib/thumb/v7e-m+fp/hard/libstdc++_nano.a(guard.o)
                              build/controller.o (__cxa_guard_acquire)
/usr/share/gcc-arm-none-eabi-10-2020-q4-major/bin/../lib/gcc/arm-none-eabi/10.2.1/../../../../arm-none-eabi/lib/thumb/v7e-m+fp/hard/libstdc++_nano.a(pure.o)
                              build/foc.o (__cxa_pure_virtual)
/usr/share/gcc-arm-none-eabi-10-2020-q4-major/bin/../lib/gcc/arm-none-eabi/10.2.1/../../../../arm-none-eabi/lib/thumb/v7e-m+fp/hard/libstdc++_nano.a(eh_terminate.o)
                              /usr/share/gcc-arm-none-eabi-10-2020-q4-major/bin/../lib/gcc/arm-none-eabi/10.2.1/../../../../arm-none-eabi/lib/thumb/v7e-m+fp/hard/libstdc++_nano.a(pure.o) (std::terminate())
/usr/share/gcc-arm-none-eabi-10-2020-q4-major/bin/../lib/gcc/arm-none-eabi/10.2.1/../../../../arm-none-eabi/lib/thumb/v7e-m+fp/hard/libstdc++_nano.a(eh_unex_handler.o)
                              /usr/share/gcc-arm-none-eabi-10-2020-q4-major/bin/../lib/gcc/arm-none-eabi/10.2.1/../../../../arm-none-eabi/lib/thumb/v7e-m+fp/hard/libstdc++_nano.a(eh_terminate.o) (__cxxabiv1::__unexpected_handler)
/usr/share/gcc-arm-none-eabi-10-2020-q4-major/bin/../lib/gcc/arm-none-eabi/10.2.1/../../../../arm-none-eabi/lib/thumb/v7e-m+fp/hard/libstdc++_nano.a(eh_term_handler.o)
                              /usr/share/gcc-arm-none-eabi-10-2020-q4-major/bin/../lib/gcc/arm-none-eabi/10.2.1/../../../../arm-none-eabi/lib/thumb/v7e-m+fp/hard/libstdc++_nano.a(eh_terminate.o) (__cxxabiv1::__terminate_handler)
/usr/share/gcc-arm-none-eabi-10-2020-q4-major/bin/../lib/gcc/arm-none-eabi/10.2.1/../../../../arm-none-eabi/lib/thumb/v7e-m+fp/hard/libm.a(lib_a-sf_floor.o)
                              build/encoder.o (floorf)
/usr/share/gcc-arm-none-eabi-10-2020-q4-major/bin/../lib/gcc/arm-none-eabi/10.2.1/../../../../arm-none-eabi/lib/thumb/v7e-m+fp/hard/libm.a(lib_a-wf_fmod.o)
                              build/motor.o (fmodf)
/usr/share/gcc-arm-none-eabi-10-2020-q4-major/bin/../lib/gcc/arm-none-eabi/10.2.1/../../../../arm-none-eabi/lib/thumb/v7e-m+fp/hard/libm.a(lib_a-wf_sqrt.o)
                              build/motor.o (sqrtf)
/usr/share/gcc-arm-none-eabi-10-2020-q4-major/bin/../lib/gcc/arm-none-eabi/10.2.1/../../../../arm-none-eabi/lib/thumb/v7e-m+fp/hard/libm.a(lib_a-ef_fmod.o)
                              /usr/share/gcc-arm-none-eabi-10-2020-q4-major/bin/../lib/gcc/arm-none-eabi/10.2.1/../../../../arm-none-eabi/lib/thumb/v7e-m+fp/hard/libm.a(lib_a-wf_fmod.o) (__ieee754_fmodf)
/usr/share/gcc-arm-none-eabi-10-2020-q4-major/bin/../lib/gcc/arm-none-eabi/10.2.1/../../../../arm-none-eabi/lib/thumb/v7e-m+fp/hard/libm.a(lib_a-ef_sqrt.o)
                              /usr/share/gcc-arm-none-eabi-10-2020-q4-major/bin/../lib/gcc/arm-none-eabi/10.2.1/../../../../arm-none-eabi/lib/thumb/v7e-m+fp/hard/libm.a(lib_a-wf_sqrt.o) (__ieee754_sqrtf)
/usr/share/gcc-arm-none-eabi-10-2020-q4-major/bin/../lib/gcc/arm-none-eabi/10.2.1/../../../../arm-none-eabi/lib/thumb/v7e-m+fp/hard/libm.a(lib_a-s_lib_ver.o)
                              /usr/share/gcc-arm-none-eabi-10-2020-q4-major/bin/../lib/gcc/arm-none-eabi/10.2.1/../../../../arm-none-eabi/lib/thumb/v7e-m+fp/hard/libm.a(lib_a-wf_fmod.o) (__fdlib_version)
/usr/share/gcc-arm-none-eabi-10-2020-q4-major/bin/../lib/gcc/arm-none-eabi/10.2.1/../../../../arm-none-eabi/lib/thumb/v7e-m+fp/hard/libc_nano.a(lib_a-abort.o)
                              build/motor.o (abort)
/usr/share/gcc-arm-none-eabi-10-2020-q4-major/bin/../lib/gcc/arm-none-eabi/10.2.1/../../../../arm-none-eabi/lib/thumb/v7e-m+fp/hard/libc_nano.a(lib_a-aeabi_memclr.o)
                              MCSDK_v6.3.2-Full/MotorControl/libMP/libmp-G4-MDK-ARM_ARMv7-M.a(mp_self_com_ctrl.o) (__aeabi_memclr4)
/usr/share/gcc-arm-none-eabi-10-2020-q4-major/bin/../lib/gcc/arm-none-eabi/10.2.1/../../../../arm-none-eabi/lib/thumb/v7e-m+fp/hard/libc_nano.a(lib_a-aeabi_memset-soft.o)
                              /usr/share/gcc-arm-none-eabi-10-2020-q4-major/bin/../lib/gcc/arm-none-eabi/10.2.1/../../../../arm-none-eabi/lib/thumb/v7e-m+fp/hard/libc_nano.a(lib_a-aeabi_memclr.o) (__aeabi_memset)
[...]
Memory Configuration

Name             Origin             Length             Attributes
RAM              0x0000000020000000 0x0000000000008000 xrw
FLASH            0x0000000008000000 0x0000000000020000 xr
*default*        0x0000000000000000 0xffffffffffffffff

Linker script and memory map

LOAD /usr/share/gcc-arm-none-eabi-10-2020-q4-major/bin/../lib/gcc/arm-none-eabi/10.2.1/thumb/v7e-m+fp/hard/crti.o
LOAD /usr/share/gcc-arm-none-eabi-10-2020-q4-major/bin/../lib/gcc/arm-none-eabi/10.2.1/thumb/v7e-m+fp/hard/crtbegin.o
LOAD /usr/share/gcc-arm-none-eabi-10-2020-q4-major/bin/../lib/gcc/arm-none-eabi/10.2.1/../../../../arm-none-eabi/lib/thumb/v7e-m+fp/hard/crt0.o
LOAD build/main.o
LOAD build/app_freertos.o
LOAD build/motorcontrol.o
LOAD build/pwm_common.o
LOAD build/mc_api.o
LOAD build/mc_config.o
LOAD build/mc_config_common.o
LOAD build/mcp_config.o
LOAD build/mc_tasks.o
LOAD build/mc_tasks_foc.o
LOAD build/pwm_curr_fdbk.o
LOAD build/regular_conversion_manager.o
LOAD build/mc_math.o
LOAD build/mc_interface.o
LOAD build/stm32_mc_common_it.o
LOAD build/stm32g4xx_mc_it.o
LOAD build/mc_parameters.o
LOAD build/register_interface.o
LOAD build/mcp.o
LOAD build/mc_perf.o
LOAD build/usart_aspep_driver.o
LOAD build/mc_configuration_registers.o
LOAD build/aspep.o
LOAD build/mc_app_hooks.o
LOAD build/stm32g4xx_it.o
LOAD build/stm32g4xx_hal_msp.o
LOAD build/stm32g4xx_hal_timebase_tim.o
LOAD build/vesc_commands.o
LOAD build/vesc_uart.o
LOAD build/tim.o
LOAD build/nvm.o
LOAD build/spi.o
LOAD build/dma.o
LOAD build/arm_cos_f32.o
LOAD build/arm_sin_f32.o
LOAD build/stm32g4xx_ll_utils.o
LOAD build/stm32g4xx_ll_exti.o
LOAD build/stm32g4xx_ll_gpio.o
LOAD build/stm32g4xx_ll_adc.o
LOAD build/stm32g4xx_ll_dma.o
LOAD build/stm32g4xx_hal.o
LOAD build/stm32g4xx_hal_rcc.o
LOAD build/stm32g4xx_hal_rcc_ex.o
LOAD build/stm32g4xx_hal_flash.o
LOAD build/stm32g4xx_hal_flash_ex.o
LOAD build/stm32g4xx_hal_flash_ramfunc.o
LOAD build/stm32g4xx_hal_gpio.o
LOAD build/stm32g4xx_hal_exti.o
LOAD build/stm32g4xx_hal_dma.o
LOAD build/stm32g4xx_hal_dma_ex.o
LOAD build/stm32g4xx_hal_pwr.o
LOAD build/stm32g4xx_hal_pwr_ex.o
LOAD build/stm32g4xx_hal_cortex.o
LOAD build/stm32g4xx_ll_comp.o
LOAD build/stm32g4xx_ll_rcc.o
LOAD build/stm32g4xx_ll_cordic.o
LOAD build/stm32g4xx_ll_dac.o
LOAD build/stm32g4xx_ll_i2c.o
LOAD build/stm32g4xx_ll_opamp.o
LOAD build/stm32g4xx_hal_tim.o
LOAD build/stm32g4xx_hal_tim_ex.o
LOAD build/stm32g4xx_ll_tim.o
LOAD build/stm32g4xx_ll_usart.o
LOAD build/system_stm32g4xx.o
LOAD build/croutine.o
LOAD build/event_groups.o
LOAD build/list.o
LOAD build/queue.o
LOAD build/stream_buffer.o
LOAD build/tasks.o
LOAD build/timers.o
LOAD build/cmsis_os.o
LOAD build/heap_4.o
LOAD build/port.o
LOAD build/stspin32g4.o
LOAD build/bus_voltage_sensor.o
LOAD build/circle_limitation.o
LOAD build/digital_output.o
LOAD build/feed_forward_ctrl.o
LOAD build/pwm_curr_fdbk_ovm.o
LOAD build/ntc_temperature_sensor.o
LOAD build/open_loop.o
LOAD build/pid_regulator.o
LOAD build/pqd_motor_power_measurement.o
LOAD build/r_divider_bus_voltage_sensor.o
LOAD build/ramp_ext_mngr.o
LOAD build/revup_ctrl.o
LOAD build/speed_pos_fdbk.o
LOAD build/speed_torq_ctrl.o
LOAD build/sto_pll_speed_pos_fdbk.o
LOAD build/virtual_speed_sensor.o
LOAD build/r3_2_g4xx_pwm_curr_fdbk.o
LOAD build/mcpa.o
LOAD build/sysmem.o
LOAD build/syscalls.o
LOAD build/div.o
LOAD build/startup_stm32g431xx.o
LOAD build/config_system.o
LOAD build/motor.o
LOAD build/foc.o
LOAD build/utils.o
LOAD build/low_level.o
LOAD build/interface_can.o
LOAD build/main_.o
LOAD build/can_encos.o
LOAD build/axis.o
LOAD build/controller.o
LOAD build/encoder.o
LOAD build/thermistor.o
LOAD build/open_loop_controller.o
LOAD /usr/share/gcc-arm-none-eabi-10-2020-q4-major/bin/../lib/gcc/arm-none-eabi/10.2.1/../../../../arm-none-eabi/lib/thumb/v7e-m+fp/hard/libnosys.a
LOAD Drivers/CMSIS/DSP/Lib/GCC/libarm_cortexM4lf_math.a
LOAD MCSDK_v6.3.2-Full/MotorControl/libMP/libmp-G4-MDK-ARM_ARMv7-M.a
LOAD /usr/share/gcc-arm-none-eabi-10-2020-q4-major/bin/../lib/gcc/arm-none-eabi/10.2.1/../../../../arm-none-eabi/lib/thumb/v7e-m+fp/hard/libstdc++_nano.a
LOAD /usr/share/gcc-arm-none-eabi-10-2020-q4-major/bin/../lib/gcc/arm-none-eabi/10.2.1/../../../../arm-none-eabi/lib/thumb/v7e-m+fp/hard/libm.a
LOAD /usr/share/gcc-arm-none-eabi-10-2020-q4-major/bin/../lib/gcc/arm-none-eabi/10.2.1/../../../../arm-none-eabi/lib/thumb/v7e-m+fp/hard/libc_nano.a
START GROUP
LOAD /usr/share/gcc-arm-none-eabi-10-2020-q4-major/bin/../lib/gcc/arm-none-eabi/10.2.1/thumb/v7e-m+fp/hard/libgcc.a
LOAD /usr/share/gcc-arm-none-eabi-10-2020-q4-major/bin/../lib/gcc/arm-none-eabi/10.2.1/../../../../arm-none-eabi/lib/thumb/v7e-m+fp/hard/libc_nano.a
END GROUP
START GROUP
LOAD /usr/share/gcc-arm-none-eabi-10-2020-q4-major/bin/../lib/gcc/arm-none-eabi/10.2.1/thumb/v7e-m+fp/hard/libgcc.a
LOAD /usr/share/gcc-arm-none-eabi-10-2020-q4-major/bin/../lib/gcc/arm-none-eabi/10.2.1/../../../../arm-none-eabi/lib/thumb/v7e-m+fp/hard/libc_nano.a
END GROUP
LOAD /usr/share/gcc-arm-none-eabi-10-2020-q4-major/bin/../lib/gcc/arm-none-eabi/10.2.1/thumb/v7e-m+fp/hard/crtend.o
LOAD /usr/share/gcc-arm-none-eabi-10-2020-q4-major/bin/../lib/gcc/arm-none-eabi/10.2.1/thumb/v7e-m+fp/hard/crtn.o
                0x0000000020008000                _estack = (ORIGIN (RAM) + LENGTH (RAM))
                0x0000000000000000                _Min_Heap_Size = 0x0
                0x0000000000000400                _Min_Stack_Size = 0x400

.isr_vector     0x0000000008000000      0x1d8
                0x0000000008000000                . = ALIGN (0x4)
 *(.isr_vector)
 .isr_vector    0x0000000008000000      0x1d8 build/startup_stm32g431xx.o
                0x0000000008000000                g_pfnVectors
                0x00000000080001d8                . = ALIGN (0x4)

.text           0x00000000080001e0     0xd188
                0x00000000080001e0                . = ALIGN (0x4)
 *(.text)
 .text          0x00000000080001e0       0x40 /usr/share/gcc-arm-none-eabi-10-2020-q4-major/bin/../lib/gcc/arm-none-eabi/10.2.1/thumb/v7e-m+fp/hard/crtbegin.o
 .text          0x0000000008000220       0x9a /usr/share/gcc-arm-none-eabi-10-2020-q4-major/bin/../lib/gcc/arm-none-eabi/10.2.1/../../../../arm-none-eabi/lib/thumb/v7e-m+fp/hard/libc_nano.a(lib_a-aeabi_memset-soft.o)
                0x0000000008000220                __aeabi_memset
                0x0000000008000220                __aeabi_memset8
                0x0000000008000220                __aeabi_memset4
 .text          0x00000000080002ba       0x10 /usr/share/gcc-arm-none-eabi-10-2020-q4-major/bin/../lib/gcc/arm-none-eabi/10.2.1/../../../../arm-none-eabi/lib/thumb/v7e-m+fp/hard/libc_nano.a(lib_a-strlen.o)
                0x00000000080002ba                strlen
 *fill*         0x00000000080002ca        0x2 
 .text          0x00000000080002cc      0x254 /usr/share/gcc-arm-none-eabi-10-2020-q4-major/bin/../lib/gcc/arm-none-eabi/10.2.1/thumb/v7e-m+fp/hard/libgcc.a(_arm_muldf3.o)
                0x00000000080002cc                __aeabi_dmul
                0x00000000080002cc                __muldf3
 .text          0x0000000008000520      0x378 /usr/share/gcc-arm-none-eabi-10-2020-q4-major/bin/../lib/gcc/arm-none-eabi/10.2.1/thumb/v7e-m+fp/hard/libgcc.a(_arm_addsubdf3.o)
                0x0000000008000520                __aeabi_drsub
                0x0000000008000528                __aeabi_dsub
                0x0000000008000528                __subdf3
                0x000000000800052c                __adddf3
                0x000000000800052c                __aeabi_dadd
                0x00000000080007a4                __aeabi_ui2d
                0x00000000080007a4                __floatunsidf
                0x00000000080007c4                __floatsidf
                0x00000000080007c4                __aeabi_i2d
                0x00000000080007e8                __extendsfdf2
                0x00000000080007e8                __aeabi_f2d
                0x000000000800082c                __aeabi_ul2d
                0x000000000800082c                __floatundidf
                0x000000000800083c                __floatdidf
                0x000000000800083c                __aeabi_l2d
 .text          0x0000000008000898       0x50 /usr/share/gcc-arm-none-eabi-10-2020-q4-major/bin/../lib/gcc/arm-none-eabi/10.2.1/thumb/v7e-m+fp/hard/libgcc.a(_arm_fixdfsi.o)
                0x0000000008000898                __fixdfsi
                0x0000000008000898                __aeabi_d2iz
 *(.text*)
 .text.NVIC_EncodePriority
                0x00000000080008e8       0x34 build/main.o
 .text.LL_TIM_SetBreakInputSourcePolarity
                0x000000000800091c       0x36 build/main.o
 *fill*         0x0000000008000952        0x2 
 .text.SystemClock_Config
                0x0000000008000954      0x10c build/main.o
                0x0000000008000954                SystemClock_Config
 .text.main     0x0000000008000a60      0xe74 build/main.o
                0x0000000008000a60                main
 .text.HAL_TIM_PeriodElapsedCallback
                0x00000000080018d4       0x18 build/main.o
                0x00000000080018d4                HAL_TIM_PeriodElapsedCallback
 .text.MX_MotorControl_Init
                0x00000000080018ec       0x14 build/motorcontrol.o
                0x00000000080018ec                MX_MotorControl_Init
 .text.vPortSetupTimerInterrupt
                0x0000000008001900       0x18 build/motorcontrol.o
                0x0000000008001900                vPortSetupTimerInterrupt
 .text.startTimers
                0x0000000008001918       0x98 build/pwm_common.o
                0x0000000008001918                startTimers
 .text.waitForPolarizationEnd
                0x00000000080019b0       0x46 build/pwm_common.o
                0x00000000080019b0                waitForPolarizationEnd
 *fill*         0x00000000080019f6        0x2 
 .text.MC_StartMotor1
                0x00000000080019f8       0x10 build/mc_api.o
                0x00000000080019f8                MC_StartMotor1
 .text.MC_StopMotor1
                0x0000000008001a08       0x10 build/mc_api.o
                0x0000000008001a08                MC_StopMotor1
 .text.MC_AcknowledgeFaultMotor1
                0x0000000008001a18       0x10 build/mc_api.o
                0x0000000008001a18                MC_AcknowledgeFaultMotor1
 .text.MC_GetSTMStateMotor1
                0x0000000008001a28       0x10 build/mc_api.o
                0x0000000008001a28                MC_GetSTMStateMotor1
 .text.MC_ProfilerCommand
                0x0000000008001a38       0x20 build/mc_api.o
                0x0000000008001a38                MC_ProfilerCommand
 .text.MCboot   0x0000000008001a58       0xbc build/mc_tasks.o
                0x0000000008001a58                MCboot
 .text.MC_StartMotorOpenLoop
                0x0000000008001b14       0x2c build/mc_tasks.o
                0x0000000008001b14                MC_StartMotorOpenLoop
 .text.MC_RunMotorControlTasks
                0x0000000008001b40       0xa8 build/mc_tasks.o
                0x0000000008001b40                MC_RunMotorControlTasks
 .text.TSK_SetChargeBootCapDelayM1
                0x0000000008001be8        0xc build/mc_tasks.o
                0x0000000008001be8                TSK_SetChargeBootCapDelayM1
 .text.TSK_ChargeBootCapDelayHasElapsedM1
                0x0000000008001bf4       0x14 build/mc_tasks.o
                0x0000000008001bf4                TSK_ChargeBootCapDelayHasElapsedM1
 .text.TSK_SetStopPermanencyTimeM1
                0x0000000008001c08        0xc build/mc_tasks.o
                0x0000000008001c08                TSK_SetStopPermanencyTimeM1
 .text.TSK_StopPermanencyTimeHasElapsedM1
                0x0000000008001c14       0x14 build/mc_tasks.o
                0x0000000008001c14                TSK_StopPermanencyTimeHasElapsedM1
 .text.TSK_HighFrequencyTask
                0x0000000008001c28       0x44 build/mc_tasks.o
                0x0000000008001c28                TSK_HighFrequencyTask
 .text.TSK_SafetyTask_PWMOFF
                0x0000000008001c6c       0xb8 build/mc_tasks.o
                0x0000000008001c6c                TSK_SafetyTask_PWMOFF
 .text.TSK_SafetyTask
                0x0000000008001d24       0x28 build/mc_tasks.o
                0x0000000008001d24                TSK_SafetyTask
 .text.TSK_HardwareFaultTask
                0x0000000008001d4c       0x2c build/mc_tasks.o
                0x0000000008001d4c                TSK_HardwareFaultTask
 .text.startMediumFrequencyTask
                0x0000000008001d78       0x22 build/mc_tasks.o
                0x0000000008001d78                startMediumFrequencyTask
 .text.StartSafetyTask
                0x0000000008001d9a       0x10 build/mc_tasks.o
                0x0000000008001d9a                StartSafetyTask
 .text.UI_HandleStartStopButton_cb
                0x0000000008001daa       0x14 build/mc_tasks.o
                0x0000000008001daa                UI_HandleStartStopButton_cb
 *fill*         0x0000000008001dbe        0x2 
 .text.mc_lock_pins
                0x0000000008001dc0      0x144 build/mc_tasks.o
                0x0000000008001dc0                mc_lock_pins
 .text.FOC_Clear
                0x0000000008001f04       0x8c build/mc_tasks_foc.o
                0x0000000008001f04                FOC_Clear
 .text.FOC_Init
                0x0000000008001f90      0x180 build/mc_tasks_foc.o
                0x0000000008001f90                FOC_Init
 .text.TSK_MF_StopProcessing
                0x0000000008002110       0x48 build/mc_tasks_foc.o
                0x0000000008002110                TSK_MF_StopProcessing
 .text.FOC_InitAdditionalMethods
                0x0000000008002158       0x1c build/mc_tasks_foc.o
                0x0000000008002158                FOC_InitAdditionalMethods
 .text.FOC_CalcCurrRef
                0x0000000008002174       0x78 build/mc_tasks_foc.o
                0x0000000008002174                FOC_CalcCurrRef
 .text.TSK_MediumFrequencyTaskM1
                0x00000000080021ec      0x3c4 build/mc_tasks_foc.o
                0x00000000080021ec                TSK_MediumFrequencyTaskM1
 .text.FOC_HighFrequencyTask
                0x00000000080025b0       0x60 build/mc_tasks_foc.o
                0x00000000080025b0                FOC_HighFrequencyTask
 .text.PWMC_Clear
                0x0000000008002610       0x14 build/pwm_curr_fdbk.o
                0x0000000008002610                PWMC_Clear
 .text.PWMC_SetPhaseVoltage
                0x0000000008002624      0x2e2 build/pwm_curr_fdbk.o
                0x0000000008002624                PWMC_SetPhaseVoltage
 .text.PWMC_SwitchOffPWM
                0x0000000008002906        0x8 build/pwm_curr_fdbk.o
                0x0000000008002906                PWMC_SwitchOffPWM
 .text.PWMC_SwitchOnPWM
                0x000000000800290e        0x8 build/pwm_curr_fdbk.o
                0x000000000800290e                PWMC_SwitchOnPWM
 .text.PWMC_CurrentReadingCalibr
                0x0000000008002916       0x3c build/pwm_curr_fdbk.o
                0x0000000008002916                PWMC_CurrentReadingCalibr
 .text.PWMC_OCP_Handler
                0x0000000008002952       0x32 build/pwm_curr_fdbk.o
                0x0000000008002952                PWMC_OCP_Handler
 .text.PWMC_OVP_Handler
                0x0000000008002984       0x16 build/pwm_curr_fdbk.o
                0x0000000008002984                PWMC_OVP_Handler
 .text.PWMC_IsFaultOccurred
                0x000000000800299a       0x36 build/pwm_curr_fdbk.o
                0x000000000800299a                PWMC_IsFaultOccurred
 .text.PWMC_RLDetectionModeEnable
                0x00000000080029d0        0x8 build/pwm_curr_fdbk.o
                0x00000000080029d0                PWMC_RLDetectionModeEnable
 .text.PWMC_RLDetectionModeDisable
                0x00000000080029d8        0x8 build/pwm_curr_fdbk.o
                0x00000000080029d8                PWMC_RLDetectionModeDisable
 .text.PWMC_RLDetectionModeSetDuty
                0x00000000080029e0        0x8 build/pwm_curr_fdbk.o
                0x00000000080029e0                PWMC_RLDetectionModeSetDuty
 .text.PWMC_RLTurnOnLowSidesAndStart
                0x00000000080029e8        0x8 build/pwm_curr_fdbk.o
                0x00000000080029e8                PWMC_RLTurnOnLowSidesAndStart
 .text.RCM_RegisterRegConv
                0x00000000080029f0      0x13c build/regular_conversion_manager.o
                0x00000000080029f0                RCM_RegisterRegConv
 .text.RCM_ExecRegularConv
                0x0000000008002b2c      0x178 build/regular_conversion_manager.o
                0x0000000008002b2c                RCM_ExecRegularConv
 .text.RCM_ExecUserConv
                0x0000000008002ca4       0x68 build/regular_conversion_manager.o
                0x0000000008002ca4                RCM_ExecUserConv
 .text.RCM_ExecNextConv
                0x0000000008002d0c       0xa0 build/regular_conversion_manager.o
                0x0000000008002d0c                RCM_ExecNextConv
 .text.RCM_ReadOngoingConv
                0x0000000008002dac       0x6c build/regular_conversion_manager.o
                0x0000000008002dac                RCM_ReadOngoingConv
 .text.MCM_Clarke
                0x0000000008002e18       0x54 build/mc_math.o
                0x0000000008002e18                MCM_Clarke
 .text.MCM_Trig_Functions
                0x0000000008002e6c       0x2c build/mc_math.o
                0x0000000008002e6c                MCM_Trig_Functions
 .text.MCM_Park
                0x0000000008002e98       0x84 build/mc_math.o
                0x0000000008002e98                MCM_Park
 .text.MCM_Rev_Park
                0x0000000008002f1c       0x3a build/mc_math.o
                0x0000000008002f1c                MCM_Rev_Park
 *fill*         0x0000000008002f56        0x2 
 .text.MCM_Sqrt
                0x0000000008002f58       0x20 build/mc_math.o
                0x0000000008002f58                MCM_Sqrt
 .text.MCM_floatToIntBit
                0x0000000008002f78        0xc build/mc_math.o
                0x0000000008002f78                MCM_floatToIntBit
 .text.MCI_ExecSpeedRamp
                0x0000000008002f84       0x14 build/mc_interface.o
                0x0000000008002f84                MCI_ExecSpeedRamp
 .text.MCI_ExecTorqueRamp
                0x0000000008002f98       0x16 build/mc_interface.o
                0x0000000008002f98                MCI_ExecTorqueRamp
 .text.MCI_FaultProcessing
                0x0000000008002fae       0x12 build/mc_interface.o
                0x0000000008002fae                MCI_FaultProcessing
 .text.MCI_ExecBufferedCommands
                0x0000000008002fc0       0x7c build/mc_interface.o
                0x0000000008002fc0                MCI_ExecBufferedCommands
 .text.MCI_GetSTMState
                0x000000000800303c        0x4 build/mc_interface.o
                0x000000000800303c                MCI_GetSTMState
 .text.MCI_GetOccurredFaults
                0x0000000008003040        0x4 build/mc_interface.o
                0x0000000008003040                MCI_GetOccurredFaults
 .text.MCI_GetCurrentFaults
                0x0000000008003044        0x4 build/mc_interface.o
                0x0000000008003044                MCI_GetCurrentFaults
 .text.MCI_StartMotor
                0x0000000008003048       0x30 build/mc_interface.o
                0x0000000008003048                MCI_StartMotor
 .text.MCI_StopMotor
                0x0000000008003078       0x3a build/mc_interface.o
                0x0000000008003078                MCI_StopMotor
 .text.MCI_FaultAcknowledged
                0x00000000080030b2       0x28 build/mc_interface.o
                0x00000000080030b2                MCI_FaultAcknowledged
 .text.MCI_GetFaultState
                0x00000000080030da        0xa build/mc_interface.o
                0x00000000080030da                MCI_GetFaultState
 .text.MCI_GetControlMode
                0x00000000080030e4        0x6 build/mc_interface.o
                0x00000000080030e4                MCI_GetControlMode
 .text.MCI_GetImposedMotorDirection
                0x00000000080030ea       0x42 build/mc_interface.o
                0x00000000080030ea                MCI_GetImposedMotorDirection
 .text.MCI_GetLastRampFinalSpeed
                0x000000000800312c        0x6 build/mc_interface.o
                0x000000000800312c                MCI_GetLastRampFinalSpeed
 .text.MCI_GetLastRampFinalDuration
                0x0000000008003132        0x4 build/mc_interface.o
                0x0000000008003132                MCI_GetLastRampFinalDuration
 .text.MCI_StopRamp
                0x0000000008003136        0xa build/mc_interface.o
                0x0000000008003136                MCI_StopRamp
 .text.MCI_GetAvrgMecSpeedUnit
                0x0000000008003140        0xc build/mc_interface.o
                0x0000000008003140                MCI_GetAvrgMecSpeedUnit
 .text.MCI_GetMecSpeedRefUnit
                0x000000000800314c        0xa build/mc_interface.o
                0x000000000800314c                MCI_GetMecSpeedRefUnit
 .text.MCI_GetVqd
                0x0000000008003156       0x1c build/mc_interface.o
                0x0000000008003156                MCI_GetVqd
 .text.MCI_GetValphabeta
                0x0000000008003172       0x1c build/mc_interface.o
                0x0000000008003172                MCI_GetValphabeta
 .text.MCI_GetTeref
                0x000000000800318e        0x8 build/mc_interface.o
                0x000000000800318e                MCI_GetTeref
 .text.MCI_Clear_Iqdref
                0x0000000008003196       0x14 build/mc_interface.o
                0x0000000008003196                MCI_Clear_Iqdref
 .text.MCI_Clear_PerfMeasure
                0x00000000080031aa        0xa build/mc_interface.o
                0x00000000080031aa                MCI_Clear_PerfMeasure
 .text.HardFault_Handler
                0x00000000080031b4        0x8 build/stm32_mc_common_it.o
                0x00000000080031b4                HardFault_Handler
 .text.EXTI15_10_IRQHandler
                0x00000000080031bc       0x20 build/stm32_mc_common_it.o
                0x00000000080031bc                EXTI15_10_IRQHandler
 .text.ADC1_2_IRQHandler
                0x00000000080031dc       0x10 build/stm32g4xx_mc_it.o
                0x00000000080031dc                ADC1_2_IRQHandler
 .text.TIM1_UP_TIM16_IRQHandler
                0x00000000080031ec       0x1c build/stm32g4xx_mc_it.o
                0x00000000080031ec                TIM1_UP_TIM16_IRQHandler
 .text.TIM1_BRK_TIM15_IRQHandler
                0x0000000008003208       0x40 build/stm32g4xx_mc_it.o
                0x0000000008003208                TIM1_BRK_TIM15_IRQHandler
 .text.USART1_IRQHandler
                0x0000000008003248        0x8 build/stm32g4xx_mc_it.o
                0x0000000008003248                USART1_IRQHandler
 .text.DMA1_Channel1_IRQHandler
                0x0000000008003250       0x38 build/stm32g4xx_mc_it.o
                0x0000000008003250                DMA1_Channel1_IRQHandler
 .text.DMA1_Channel2_IRQHandler
                0x0000000008003288       0x40 build/stm32g4xx_mc_it.o
                0x0000000008003288                DMA1_Channel2_IRQHandler
 .text.RI_SetRegisterGlobal
                0x00000000080032c8       0xa0 build/register_interface.o
                0x00000000080032c8                RI_SetRegisterGlobal
 .text.RI_SetRegisterMotor1
                0x0000000008003368      0x51c build/register_interface.o
                0x0000000008003368                RI_SetRegisterMotor1
 .text.RI_GetRegisterGlobal
                0x0000000008003884      0x11c build/register_interface.o
                0x0000000008003884                RI_GetRegisterGlobal
 .text.RI_GetRegisterMotor1
                0x00000000080039a0      0x780 build/register_interface.o
                0x00000000080039a0                RI_GetRegisterMotor1
 .text.RI_SetRegCommandParser
                0x0000000008004120       0xcc build/mcp.o
                0x0000000008004120                RI_SetRegCommandParser
 .text.RI_GetRegCommandParser
                0x00000000080041ec       0x94 build/mcp.o
                0x00000000080041ec                RI_GetRegCommandParser
 .text.MCP_ReceivedPacket
                0x0000000008004280      0x1b4 build/mcp.o
                0x0000000008004280                MCP_ReceivedPacket
 .text.MC_Perf_Measure_Init
                0x0000000008004434       0x48 build/mc_perf.o
                0x0000000008004434                MC_Perf_Measure_Init
 .text.MC_Perf_Clear
                0x000000000800447c       0x1e build/mc_perf.o
                0x000000000800447c                MC_Perf_Clear
 *fill*         0x000000000800449a        0x2 
 .text.MC_BG_Perf_Measure_Start
                0x000000000800449c       0x18 build/mc_perf.o
                0x000000000800449c                MC_BG_Perf_Measure_Start
 .text.MC_Perf_Measure_Stop
                0x00000000080044b4       0x40 build/mc_perf.o
                0x00000000080044b4                MC_Perf_Measure_Stop
 .text.MC_BG_Perf_Measure_Stop
                0x00000000080044f4       0x4c build/mc_perf.o
                0x00000000080044f4                MC_BG_Perf_Measure_Stop
 .text.MC_Perf_GetCPU_Load
                0x0000000008004540       0x5c build/mc_perf.o
                0x0000000008004540                MC_Perf_GetCPU_Load
 .text.MC_Perf_GetMaxCPU_Load
                0x000000000800459c       0x68 build/mc_perf.o
                0x000000000800459c                MC_Perf_GetMaxCPU_Load
 .text.MC_Perf_GetMinCPU_Load
                0x0000000008004604       0x90 build/mc_perf.o
                0x0000000008004604                MC_Perf_GetMinCPU_Load
 .text.UASPEP_TX_INIT
                0x0000000008004694       0x50 build/usart_aspep_driver.o
                0x0000000008004694                UASPEP_TX_INIT
 .text.UASPEP_RX_INIT
                0x00000000080046e4       0x54 build/usart_aspep_driver.o
                0x00000000080046e4                UASPEP_RX_INIT
 .text.UASPEP_INIT
                0x0000000008004738       0x10 build/usart_aspep_driver.o
                0x0000000008004738                UASPEP_INIT
 .text.UASPEP_CFG_TRANSMISSION
                0x0000000008004748       0x44 build/usart_aspep_driver.o
                0x0000000008004748                UASPEP_CFG_TRANSMISSION
 .text.UASPEP_CFG_RECEPTION
                0x000000000800478c       0x50 build/usart_aspep_driver.o
                0x000000000800478c                UASPEP_CFG_RECEPTION
 .text.UASPEP_IDLE_ENABLE
                0x00000000080047dc       0x1a build/usart_aspep_driver.o
                0x00000000080047dc                UASPEP_IDLE_ENABLE
 .text.ASPEP_CheckBeacon
                0x00000000080047f6       0x8a build/aspep.o
 .text.ASPEP_TXframeProcess
                0x0000000008004880       0xec build/aspep.o
 .text.ASPEP_start
                0x000000000800496c       0x26 build/aspep.o
                0x000000000800496c                ASPEP_start
 .text.ASPEP_sendBeacon
                0x0000000008004992       0x38 build/aspep.o
                0x0000000008004992                ASPEP_sendBeacon
 .text.ASPEP_sendPing
                0x00000000080049ca       0x3c build/aspep.o
                0x00000000080049ca                ASPEP_sendPing
 .text.ASPEP_getBuffer
                0x0000000008004a06       0x60 build/aspep.o
                0x0000000008004a06                ASPEP_getBuffer
 .text.ASPEP_sendPacket
                0x0000000008004a66       0x58 build/aspep.o
                0x0000000008004a66                ASPEP_sendPacket
 .text.ASPEP_RXframeProcess
                0x0000000008004abe      0x148 build/aspep.o
                0x0000000008004abe                ASPEP_RXframeProcess
 .text.MC_APP_BootHook
                0x0000000008004c06        0x2 build/mc_app_hooks.o
                0x0000000008004c06                MC_APP_BootHook
 .text.MC_APP_PostMediumFrequencyHook_M1
                0x0000000008004c08        0x2 build/mc_app_hooks.o
                0x0000000008004c08                MC_APP_PostMediumFrequencyHook_M1
 *fill*         0x0000000008004c0a        0x2 
 .text.TIM6_DAC_IRQHandler
                0x0000000008004c0c       0x10 build/stm32g4xx_it.o
                0x0000000008004c0c                TIM6_DAC_IRQHandler
 .text.HAL_MspInit
                0x0000000008004c1c       0x44 build/stm32g4xx_hal_msp.o
                0x0000000008004c1c                HAL_MspInit
 .text.HAL_InitTick
                0x0000000008004c60       0x94 build/stm32g4xx_hal_timebase_tim.o
                0x0000000008004c60                HAL_InitTick
 .text.FindParameter
                0x0000000008004cf4       0x44 build/vesc_commands.o
 .text.SendParameterList
                0x0000000008004d38       0x34 build/vesc_commands.o
                0x0000000008004d38                SendParameterList
 .text.SendParameterInfo
                0x0000000008004d6c       0x70 build/vesc_commands.o
                0x0000000008004d6c                SendParameterInfo
 .text.SendParameterValue
                0x0000000008004ddc       0x78 build/vesc_commands.o
                0x0000000008004ddc                SendParameterValue
 .text.HandleParameterSet
                0x0000000008004e54       0xe4 build/vesc_commands.o
                0x0000000008004e54                HandleParameterSet
 .text.VESC_ExecuteCommand
                0x0000000008004f38       0xdc build/vesc_commands.o
                0x0000000008004f38                VESC_ExecuteCommand
 .text.CalculateCRC16
                0x0000000008005014       0x38 build/vesc_uart.o
 .text.VESC_UART_Init
                0x000000000800504c      0x1b0 build/vesc_uart.o
                0x000000000800504c                VESC_UART_Init
 .text.VESC_ProcessPacket
                0x00000000080051fc       0xd0 build/vesc_uart.o
                0x00000000080051fc                VESC_ProcessPacket
 .text.VESC_SendPacket
                0x00000000080052cc       0x84 build/vesc_uart.o
                0x00000000080052cc                VESC_SendPacket
 .text.VESC_UART_IRQHandler
                0x0000000008005350       0x8c build/vesc_uart.o
                0x0000000008005350                VESC_UART_IRQHandler
 .text.HAL_TIM_Base_MspInit
                0x00000000080053dc       0x64 build/tim.o
                0x00000000080053dc                HAL_TIM_Base_MspInit
 .text.LL_SetSystemCoreClock
                0x0000000008005440        0xc build/stm32g4xx_ll_utils.o
                0x0000000008005440                LL_SetSystemCoreClock
 .text.LL_EXTI_Init
                0x000000000800544c      0x1a0 build/stm32g4xx_ll_exti.o
                0x000000000800544c                LL_EXTI_Init
 .text.LL_GPIO_Init
                0x00000000080055ec      0x186 build/stm32g4xx_ll_gpio.o
                0x00000000080055ec                LL_GPIO_Init
 *fill*         0x0000000008005772        0x2 
 .text.LL_ADC_CommonInit
                0x0000000008005774       0x50 build/stm32g4xx_ll_adc.o
                0x0000000008005774                LL_ADC_CommonInit
 .text.LL_ADC_Init
                0x00000000080057c4       0x2e build/stm32g4xx_ll_adc.o
                0x00000000080057c4                LL_ADC_Init
 *fill*         0x00000000080057f2        0x2 
 .text.LL_ADC_REG_Init
                0x00000000080057f4       0x5c build/stm32g4xx_ll_adc.o
                0x00000000080057f4                LL_ADC_REG_Init
 .text.LL_ADC_INJ_Init
                0x0000000008005850       0x46 build/stm32g4xx_ll_adc.o
                0x0000000008005850                LL_ADC_INJ_Init
 *fill*         0x0000000008005896        0x2 
 .text.HAL_Init
                0x0000000008005898       0x2c build/stm32g4xx_hal.o
                0x0000000008005898                HAL_Init
 .text.HAL_IncTick
                0x00000000080058c4       0x18 build/stm32g4xx_hal.o
                0x00000000080058c4                HAL_IncTick
 .text.HAL_RCC_GetHCLKFreq
                0x00000000080058dc        0xc build/stm32g4xx_hal_rcc.o
                0x00000000080058dc                HAL_RCC_GetHCLKFreq
 .text.HAL_RCC_GetPCLK1Freq
                0x00000000080058e8       0x24 build/stm32g4xx_hal_rcc.o
                0x00000000080058e8                HAL_RCC_GetPCLK1Freq
 .text.HAL_RCC_GetClockConfig
                0x000000000800590c       0x3c build/stm32g4xx_hal_rcc.o
                0x000000000800590c                HAL_RCC_GetClockConfig
 .text.HAL_PWREx_DisableUCPDDeadBattery
                0x0000000008005948       0x10 build/stm32g4xx_hal_pwr_ex.o
                0x0000000008005948                HAL_PWREx_DisableUCPDDeadBattery
 .text.HAL_NVIC_SetPriorityGrouping
                0x0000000008005958       0x24 build/stm32g4xx_hal_cortex.o
                0x0000000008005958                HAL_NVIC_SetPriorityGrouping
 .text.HAL_NVIC_SetPriority
                0x000000000800597c       0x6c build/stm32g4xx_hal_cortex.o
                0x000000000800597c                HAL_NVIC_SetPriority
 .text.HAL_NVIC_EnableIRQ
                0x00000000080059e8       0x1c build/stm32g4xx_hal_cortex.o
                0x00000000080059e8                HAL_NVIC_EnableIRQ
 .text.HAL_NVIC_SystemReset
                0x0000000008005a04       0x24 build/stm32g4xx_hal_cortex.o
                0x0000000008005a04                HAL_NVIC_SystemReset
 .text.HAL_SYSTICK_Config
                0x0000000008005a28       0x28 build/stm32g4xx_hal_cortex.o
                0x0000000008005a28                HAL_SYSTICK_Config
 .text.LL_COMP_Init
                0x0000000008005a50       0x34 build/stm32g4xx_ll_comp.o
                0x0000000008005a50                LL_COMP_Init
 .text.RCC_GetHCLKClockFreq
                0x0000000008005a84       0x1c build/stm32g4xx_ll_rcc.o
 .text.RCC_GetPCLK1ClockFreq
                0x0000000008005aa0       0x1c build/stm32g4xx_ll_rcc.o
 .text.RCC_GetSystemClockFreq
                0x0000000008005abc       0x60 build/stm32g4xx_ll_rcc.o
 .text.LL_RCC_GetSystemClocksFreq
                0x0000000008005b1c       0x38 build/stm32g4xx_ll_rcc.o
                0x0000000008005b1c                LL_RCC_GetSystemClocksFreq
 .text.LL_RCC_GetUSARTClockFreq
                0x0000000008005b54      0x13c build/stm32g4xx_ll_rcc.o
                0x0000000008005b54                LL_RCC_GetUSARTClockFreq
 .text.LL_RCC_GetUARTClockFreq
                0x0000000008005c90       0x6c build/stm32g4xx_ll_rcc.o
                0x0000000008005c90                LL_RCC_GetUARTClockFreq
 .text.LL_DAC_Init
                0x0000000008005cfc       0xb4 build/stm32g4xx_ll_dac.o
                0x0000000008005cfc                LL_DAC_Init
 .text.LL_I2C_Init
                0x0000000008005db0       0x70 build/stm32g4xx_ll_i2c.o
                0x0000000008005db0                LL_I2C_Init
 .text.LL_OPAMP_Init
                0x0000000008005e20       0x4a build/stm32g4xx_ll_opamp.o
                0x0000000008005e20                LL_OPAMP_Init
 *fill*         0x0000000008005e6a        0x2 
 .text.HAL_TIM_Base_Start_IT
                0x0000000008005e6c       0x84 build/stm32g4xx_hal_tim.o
                0x0000000008005e6c                HAL_TIM_Base_Start_IT
 .text.HAL_TIM_OC_DelayElapsedCallback
                0x0000000008005ef0        0x2 build/stm32g4xx_hal_tim.o
                0x0000000008005ef0                HAL_TIM_OC_DelayElapsedCallback
 .text.HAL_TIM_IC_CaptureCallback
                0x0000000008005ef2        0x2 build/stm32g4xx_hal_tim.o
                0x0000000008005ef2                HAL_TIM_IC_CaptureCallback
 .text.HAL_TIM_PWM_PulseFinishedCallback
                0x0000000008005ef4        0x2 build/stm32g4xx_hal_tim.o
                0x0000000008005ef4                HAL_TIM_PWM_PulseFinishedCallback
 .text.HAL_TIM_TriggerCallback
                0x0000000008005ef6        0x2 build/stm32g4xx_hal_tim.o
                0x0000000008005ef6                HAL_TIM_TriggerCallback
 .text.HAL_TIM_IRQHandler
                0x0000000008005ef8      0x1f0 build/stm32g4xx_hal_tim.o
                0x0000000008005ef8                HAL_TIM_IRQHandler
 .text.TIM_Base_SetConfig
                0x00000000080060e8      0x148 build/stm32g4xx_hal_tim.o
                0x00000000080060e8                TIM_Base_SetConfig
 .text.HAL_TIM_Base_Init
                0x0000000008006230       0x60 build/stm32g4xx_hal_tim.o
                0x0000000008006230                HAL_TIM_Base_Init
 .text.HAL_TIMEx_CommutCallback
                0x0000000008006290        0x2 build/stm32g4xx_hal_tim_ex.o
                0x0000000008006290                HAL_TIMEx_CommutCallback
 .text.HAL_TIMEx_BreakCallback
                0x0000000008006292        0x2 build/stm32g4xx_hal_tim_ex.o
                0x0000000008006292                HAL_TIMEx_BreakCallback
 .text.HAL_TIMEx_Break2Callback
                0x0000000008006294        0x2 build/stm32g4xx_hal_tim_ex.o
                0x0000000008006294                HAL_TIMEx_Break2Callback
 .text.HAL_TIMEx_EncoderIndexCallback
                0x0000000008006296        0x2 build/stm32g4xx_hal_tim_ex.o
                0x0000000008006296                HAL_TIMEx_EncoderIndexCallback
 .text.HAL_TIMEx_DirectionChangeCallback
                0x0000000008006298        0x2 build/stm32g4xx_hal_tim_ex.o
                0x0000000008006298                HAL_TIMEx_DirectionChangeCallback
 .text.HAL_TIMEx_IndexErrorCallback
                0x000000000800629a        0x2 build/stm32g4xx_hal_tim_ex.o
                0x000000000800629a                HAL_TIMEx_IndexErrorCallback
 .text.HAL_TIMEx_TransitionErrorCallback
                0x000000000800629c        0x2 build/stm32g4xx_hal_tim_ex.o
                0x000000000800629c                HAL_TIMEx_TransitionErrorCallback
 *fill*         0x000000000800629e        0x2 
 .text.LL_TIM_Init
                0x00000000080062a0      0x100 build/stm32g4xx_ll_tim.o
                0x00000000080062a0                LL_TIM_Init
 .text.LL_TIM_OC_Init
                0x00000000080063a0      0x344 build/stm32g4xx_ll_tim.o
                0x00000000080063a0                LL_TIM_OC_Init
 .text.LL_TIM_BDTR_Init
                0x00000000080066e4       0x78 build/stm32g4xx_ll_tim.o
                0x00000000080066e4                LL_TIM_BDTR_Init
 .text.LL_USART_Init
                0x000000000800675c      0x108 build/stm32g4xx_ll_usart.o
                0x000000000800675c                LL_USART_Init
 .text.SystemInit
                0x0000000008006864       0x14 build/system_stm32g4xx.o
                0x0000000008006864                SystemInit
 .text.vListInitialise
                0x0000000008006878       0x16 build/list.o
                0x0000000008006878                vListInitialise
 .text.vListInitialiseItem
                0x000000000800688e        0x6 build/list.o
                0x000000000800688e                vListInitialiseItem
 .text.vListInsertEnd
                0x0000000008006894       0x16 build/list.o
                0x0000000008006894                vListInsertEnd
 .text.vListInsert
                0x00000000080068aa       0x32 build/list.o
                0x00000000080068aa                vListInsert
 .text.uxListRemove
                0x00000000080068dc       0x24 build/list.o
                0x00000000080068dc                uxListRemove
 .text.prvResetNextTaskUnblockTime
                0x0000000008006900       0x2c build/tasks.o
 .text.prvIdleTask
                0x000000000800692c       0x70 build/tasks.o
 .text.prvAddCurrentTaskToDelayedList
                0x000000000800699c       0x98 build/tasks.o
 .text.xTaskCreate
                0x0000000008006a34      0x1bc build/tasks.o
                0x0000000008006a34                xTaskCreate
 .text.vTaskStartScheduler
                0x0000000008006bf0       0x7c build/tasks.o
                0x0000000008006bf0                vTaskStartScheduler
 .text.vTaskSuspendAll
                0x0000000008006c6c       0x10 build/tasks.o
                0x0000000008006c6c                vTaskSuspendAll
 .text.xTaskIncrementTick
                0x0000000008006c7c      0x138 build/tasks.o
                0x0000000008006c7c                xTaskIncrementTick
 .text.xTaskResumeAll
                0x0000000008006db4      0x108 build/tasks.o
                0x0000000008006db4                xTaskResumeAll
 .text.vTaskDelay
                0x0000000008006ebc       0x4c build/tasks.o
                0x0000000008006ebc                vTaskDelay
 .text.vTaskSwitchContext
                0x0000000008006f08       0x94 build/tasks.o
                0x0000000008006f08                vTaskSwitchContext
 .text.osKernelStart
                0x0000000008006f9c        0xa build/cmsis_os.o
                0x0000000008006f9c                osKernelStart
 .text.osThreadCreate
                0x0000000008006fa6       0x38 build/cmsis_os.o
                0x0000000008006fa6                osThreadCreate
 *fill*         0x0000000008006fde        0x2 
 .text.prvInsertBlockIntoFreeList
                0x0000000008006fe0       0x60 build/heap_4.o
 .text.pvPortMalloc
                0x0000000008007040      0x138 build/heap_4.o
                0x0000000008007040                pvPortMalloc
 .text.vPortFree
                0x0000000008007178       0x7c build/heap_4.o
                0x0000000008007178                vPortFree
 .text.prvTaskExitError
                0x00000000080071f4       0x40 build/port.o
 .text.prvPortStartFirstTask
                0x0000000008007234       0x28 build/port.o
 .text.vPortEnableVFP
                0x000000000800725c       0x14 build/port.o
 .text.pxPortInitialiseStack
                0x0000000008007270       0x2c build/port.o
                0x0000000008007270                pxPortInitialiseStack
 *fill*         0x000000000800729c        0x4 
 .text.SVC_Handler
                0x00000000080072a0       0x24 build/port.o
                0x00000000080072a0                SVC_Handler
 .text.vPortEnterCritical
                0x00000000080072c4       0x44 build/port.o
                0x00000000080072c4                vPortEnterCritical
 .text.vPortExitCritical
                0x0000000008007308       0x2c build/port.o
                0x0000000008007308                vPortExitCritical
 *fill*         0x0000000008007334        0xc 
 .text.PendSV_Handler
                0x0000000008007340       0x64 build/port.o
                0x0000000008007340                PendSV_Handler
 .text.SysTick_Handler
                0x00000000080073a4       0x2c build/port.o
                0x00000000080073a4                SysTick_Handler
 .text.xPortStartScheduler
                0x00000000080073d0      0x11c build/port.o
                0x00000000080073d0                xPortStartScheduler
 .text.STSPIN32G4_init
                0x00000000080074ec       0x14 build/stspin32g4.o
                0x00000000080074ec                STSPIN32G4_init
 .text.STSPIN32G4_readReg
                0x0000000008007500      0x168 build/stspin32g4.o
                0x0000000008007500                STSPIN32G4_readReg
 .text.STSPIN32G4_writeReg
                0x0000000008007668      0x168 build/stspin32g4.o
                0x0000000008007668                STSPIN32G4_writeReg
 .text.STSPIN32G4_clearFaults
                0x00000000080077d0       0x12 build/stspin32g4.o
                0x00000000080077d0                STSPIN32G4_clearFaults
 .text.STSPIN32G4_getStatus
                0x00000000080077e2       0x18 build/stspin32g4.o
                0x00000000080077e2                STSPIN32G4_getStatus
 .text.STSPIN32G4_lockReg
                0x00000000080077fa       0x3a build/stspin32g4.o
                0x00000000080077fa                STSPIN32G4_lockReg
 .text.STSPIN32G4_unlockReg
                0x0000000008007834       0x36 build/stspin32g4.o
                0x0000000008007834                STSPIN32G4_unlockReg
 .text.STSPIN32G4_setVCC
                0x000000000800786a      0x12e build/stspin32g4.o
                0x000000000800786a                STSPIN32G4_setVCC
 .text.STSPIN32G4_setVDSP
                0x0000000008007998       0xca build/stspin32g4.o
                0x0000000008007998                STSPIN32G4_setVDSP
 .text.STSPIN32G4_reset
                0x0000000008007a62       0x1e build/stspin32g4.o
                0x0000000008007a62                STSPIN32G4_reset
 .text.VBS_GetAvBusVoltage_V
                0x0000000008007a80        0xc build/bus_voltage_sensor.o
                0x0000000008007a80                VBS_GetAvBusVoltage_V
 .text.Circle_Limitation
                0x0000000008007a8c       0x66 build/circle_limitation.o
                0x0000000008007a8c                Circle_Limitation
 .text.FF_Init  0x0000000008007af2       0x1a build/feed_forward_ctrl.o
                0x0000000008007af2                FF_Init
 .text.FF_Clear
                0x0000000008007b0c        0x8 build/feed_forward_ctrl.o
                0x0000000008007b0c                FF_Clear
 .text.FF_VqdffComputation
                0x0000000008007b14       0xa4 build/feed_forward_ctrl.o
                0x0000000008007b14                FF_VqdffComputation
 .text.FF_InitFOCAdditionalMethods
                0x0000000008007bb8       0x1c build/feed_forward_ctrl.o
                0x0000000008007bb8                FF_InitFOCAdditionalMethods
 .text.FF_GetVqdff
                0x0000000008007bd4       0x16 build/feed_forward_ctrl.o
                0x0000000008007bd4                FF_GetVqdff
 .text.FF_GetVqdAvPIout
                0x0000000008007bea       0x16 build/feed_forward_ctrl.o
                0x0000000008007bea                FF_GetVqdAvPIout
 .text.NTC_SetFaultState
                0x0000000008007c00       0x3c build/ntc_temperature_sensor.o
                0x0000000008007c00                NTC_SetFaultState
 .text.NTC_Init
                0x0000000008007c3c       0x20 build/ntc_temperature_sensor.o
                0x0000000008007c3c                NTC_Init
 .text.NTC_CalcAvTemp
                0x0000000008007c5c       0x32 build/ntc_temperature_sensor.o
                0x0000000008007c5c                NTC_CalcAvTemp
 .text.NTC_GetAvTemp_C
                0x0000000008007c8e       0x20 build/ntc_temperature_sensor.o
                0x0000000008007c8e                NTC_GetAvTemp_C
 .text.PID_HandleInit
                0x0000000008007cae       0x14 build/pid_regulator.o
                0x0000000008007cae                PID_HandleInit
 .text.PID_SetKP
                0x0000000008007cc2        0x4 build/pid_regulator.o
                0x0000000008007cc2                PID_SetKP
 .text.PID_SetKI
                0x0000000008007cc6        0x4 build/pid_regulator.o
                0x0000000008007cc6                PID_SetKI
 .text.PID_GetKP
                0x0000000008007cca        0x6 build/pid_regulator.o
                0x0000000008007cca                PID_GetKP
 .text.PID_GetKI
                0x0000000008007cd0        0x6 build/pid_regulator.o
                0x0000000008007cd0                PID_GetKI
 .text.PID_SetIntegralTerm
                0x0000000008007cd6        0x4 build/pid_regulator.o
                0x0000000008007cd6                PID_SetIntegralTerm
 .text.PID_SetKPDivisorPOW2
                0x0000000008007cda        0xc build/pid_regulator.o
                0x0000000008007cda                PID_SetKPDivisorPOW2
 .text.PID_GetKIDivisor
                0x0000000008007ce6        0x4 build/pid_regulator.o
                0x0000000008007ce6                PID_GetKIDivisor
 .text.PID_SetLowerIntegralTermLimit
                0x0000000008007cea        0x4 build/pid_regulator.o
                0x0000000008007cea                PID_SetLowerIntegralTermLimit
 .text.PID_SetUpperIntegralTermLimit
                0x0000000008007cee        0x4 build/pid_regulator.o
                0x0000000008007cee                PID_SetUpperIntegralTermLimit
 *fill*         0x0000000008007cf2        0x2 
 .text.PID_SetKIDivisorPOW2
                0x0000000008007cf4       0x28 build/pid_regulator.o
                0x0000000008007cf4                PID_SetKIDivisorPOW2
 .text.PID_SetKD
                0x0000000008007d1c        0x4 build/pid_regulator.o
                0x0000000008007d1c                PID_SetKD
 .text.PID_GetKD
                0x0000000008007d20        0x6 build/pid_regulator.o
                0x0000000008007d20                PID_GetKD
 *fill*         0x0000000008007d26        0x2 
 .text.PI_Controller
                0x0000000008007d28       0x98 build/pid_regulator.o
                0x0000000008007d28                PI_Controller
 .text.PQD_CalcElMotorPower
                0x0000000008007dc0       0x3a build/pqd_motor_power_measurement.o
                0x0000000008007dc0                PQD_CalcElMotorPower
 .text.PQD_GetAvrgElMotorPowerW
                0x0000000008007dfa       0x34 build/pqd_motor_power_measurement.o
                0x0000000008007dfa                PQD_GetAvrgElMotorPowerW
 .text.RVBS_Clear
                0x0000000008007e2e       0x32 build/r_divider_bus_voltage_sensor.o
                0x0000000008007e2e                RVBS_Clear
 .text.RVBS_Init
                0x0000000008007e60        0x8 build/r_divider_bus_voltage_sensor.o
                0x0000000008007e60                RVBS_Init
 .text.RVBS_CheckFaultState
                0x0000000008007e68       0x56 build/r_divider_bus_voltage_sensor.o
                0x0000000008007e68                RVBS_CheckFaultState
 .text.RVBS_CalcAvVbus
                0x0000000008007ebe       0x5c build/r_divider_bus_voltage_sensor.o
                0x0000000008007ebe                RVBS_CalcAvVbus
 .text.REMNG_Init
                0x0000000008007f1a       0x10 build/ramp_ext_mngr.o
                0x0000000008007f1a                REMNG_Init
 .text.REMNG_Calc
                0x0000000008007f2a       0x2c build/ramp_ext_mngr.o
                0x0000000008007f2a                REMNG_Calc
 .text.REMNG_RampCompleted
                0x0000000008007f56        0xa build/ramp_ext_mngr.o
                0x0000000008007f56                REMNG_RampCompleted
 .text.REMNG_StopRamp
                0x0000000008007f60        0x8 build/ramp_ext_mngr.o
                0x0000000008007f60                REMNG_StopRamp
 .text.getScalingFactor
                0x0000000008007f68       0x32 build/ramp_ext_mngr.o
                0x0000000008007f68                getScalingFactor
 *fill*         0x0000000008007f9a        0x2 
 .text.REMNG_ExecRamp
                0x0000000008007f9c       0x88 build/ramp_ext_mngr.o
                0x0000000008007f9c                REMNG_ExecRamp
 .text.RUC_Init
                0x0000000008008024       0x5c build/revup_ctrl.o
                0x0000000008008024                RUC_Init
 .text.RUC_Clear
                0x0000000008008080       0x94 build/revup_ctrl.o
                0x0000000008008080                RUC_Clear
 .text.RUC_Exec
                0x0000000008008114       0x70 build/revup_ctrl.o
                0x0000000008008114                RUC_Exec
 .text.RUC_FirstAccelerationStageReached
                0x0000000008008184       0x12 build/revup_ctrl.o
                0x0000000008008184                RUC_FirstAccelerationStageReached
 .text.RUC_SetPhaseDurationms
                0x0000000008008196        0xc build/revup_ctrl.o
                0x0000000008008196                RUC_SetPhaseDurationms
 .text.RUC_SetPhaseFinalMecSpeedUnit
                0x00000000080081a2        0xc build/revup_ctrl.o
                0x00000000080081a2                RUC_SetPhaseFinalMecSpeedUnit
 .text.RUC_SetPhaseFinalTorque
                0x00000000080081ae        0xc build/revup_ctrl.o
                0x00000000080081ae                RUC_SetPhaseFinalTorque
 .text.SPD_GetAvrgMecSpeedUnit
                0x00000000080081ba        0x6 build/speed_pos_fdbk.o
                0x00000000080081ba                SPD_GetAvrgMecSpeedUnit
 .text.SPD_GetElSpeedDpp
                0x00000000080081c0        0x6 build/speed_pos_fdbk.o
                0x00000000080081c0                SPD_GetElSpeedDpp
 .text.SPD_IsMecSpeedReliable
                0x00000000080081c6       0x5e build/speed_pos_fdbk.o
                0x00000000080081c6                SPD_IsMecSpeedReliable
 .text.SPD_GetS16Speed
                0x0000000008008224       0x14 build/speed_pos_fdbk.o
                0x0000000008008224                SPD_GetS16Speed
 .text.SPD_GetElToMecRatio
                0x0000000008008238        0x4 build/speed_pos_fdbk.o
                0x0000000008008238                SPD_GetElToMecRatio
 .text.SPD_SetElToMecRatio
                0x000000000800823c        0x4 build/speed_pos_fdbk.o
                0x000000000800823c                SPD_SetElToMecRatio
 .text.STC_Init
                0x0000000008008240       0x24 build/speed_torq_ctrl.o
                0x0000000008008240                STC_Init
 .text.STC_SetSpeedSensor
                0x0000000008008264        0x4 build/speed_torq_ctrl.o
                0x0000000008008264                STC_SetSpeedSensor
 .text.STC_Clear
                0x0000000008008268       0x14 build/speed_torq_ctrl.o
                0x0000000008008268                STC_Clear
 .text.STC_GetMecSpeedRefUnit
                0x000000000800827c        0x6 build/speed_torq_ctrl.o
                0x000000000800827c                STC_GetMecSpeedRefUnit
 .text.STC_SetControlMode
                0x0000000008008282        0x8 build/speed_torq_ctrl.o
                0x0000000008008282                STC_SetControlMode
 *fill*         0x000000000800828a        0x2 
 .text.STC_ExecRamp
                0x000000000800828c       0x9c build/speed_torq_ctrl.o
                0x000000000800828c                STC_ExecRamp
 .text.STC_CalcTorqueReference
                0x0000000008008328       0x50 build/speed_torq_ctrl.o
                0x0000000008008328                STC_CalcTorqueReference
 .text.STC_GetDefaultIqdref
                0x0000000008008378       0x1a build/speed_torq_ctrl.o
                0x0000000008008378                STC_GetDefaultIqdref
 .text.STC_ForceSpeedReferenceToCurrentSpeed
                0x0000000008008392       0x10 build/speed_torq_ctrl.o
                0x0000000008008392                STC_ForceSpeedReferenceToCurrentSpeed
 .text.STO_PLL_CalcElAngle
                0x00000000080083a2      0x1de build/sto_pll_speed_pos_fdbk.o
                0x00000000080083a2                STO_PLL_CalcElAngle
 .text.STO_PLL_CalcAvrgMecSpeedUnit
                0x0000000008008580      0x160 build/sto_pll_speed_pos_fdbk.o
                0x0000000008008580                STO_PLL_CalcAvrgMecSpeedUnit
 .text.STO_PLL_CalcAvrgElSpeedDpp
                0x00000000080086e0       0x68 build/sto_pll_speed_pos_fdbk.o
                0x00000000080086e0                STO_PLL_CalcAvrgElSpeedDpp
 .text.STO_PLL_Clear
                0x0000000008008748       0x66 build/sto_pll_speed_pos_fdbk.o
                0x0000000008008748                STO_PLL_Clear
 *fill*         0x00000000080087ae        0x2 
 .text.STO_PLL_Init
                0x00000000080087b0       0x70 build/sto_pll_speed_pos_fdbk.o
                0x00000000080087b0                STO_PLL_Init
 .text.STO_PLL_IsObserverConverged
                0x0000000008008820       0xd0 build/sto_pll_speed_pos_fdbk.o
                0x0000000008008820                STO_PLL_IsObserverConverged
 .text.STO_PLL_GetEstimatedBemf
                0x00000000080088f0       0x1c build/sto_pll_speed_pos_fdbk.o
                0x00000000080088f0                STO_PLL_GetEstimatedBemf
 .text.STO_PLL_GetObserverGains
                0x000000000800890c        0xe build/sto_pll_speed_pos_fdbk.o
                0x000000000800890c                STO_PLL_GetObserverGains
 .text.STO_PLL_SetObserverGains
                0x000000000800891a        0x6 build/sto_pll_speed_pos_fdbk.o
                0x000000000800891a                STO_PLL_SetObserverGains
 .text.STO_OTF_ResetPLL
                0x0000000008008920        0xe build/sto_pll_speed_pos_fdbk.o
                0x0000000008008920                STO_OTF_ResetPLL
 .text.STO_PLL_IsVarianceTight
                0x000000000800892e        0x8 build/sto_pll_speed_pos_fdbk.o
                0x000000000800892e                STO_PLL_IsVarianceTight
 .text.STO_PLL_ForceConvergency1
                0x0000000008008936        0xa build/sto_pll_speed_pos_fdbk.o
                0x0000000008008936                STO_PLL_ForceConvergency1
 .text.STO_PLL_ForceConvergency2
                0x0000000008008940        0xa build/sto_pll_speed_pos_fdbk.o
                0x0000000008008940                STO_PLL_ForceConvergency2
 .text.STO_SetDirection
                0x000000000800894a        0x6 build/sto_pll_speed_pos_fdbk.o
                0x000000000800894a                STO_SetDirection
 .text.VSS_Clear
                0x0000000008008950       0x2c build/virtual_speed_sensor.o
                0x0000000008008950                VSS_Clear
 .text.VSS_Init
                0x000000000800897c        0x8 build/virtual_speed_sensor.o
                0x000000000800897c                VSS_Init
 .text.VSS_CalcElAngle
                0x0000000008008984       0xaa build/virtual_speed_sensor.o
                0x0000000008008984                VSS_CalcElAngle
 .text.VSS_CalcAvrgMecSpeedUnit
                0x0000000008008a2e       0x82 build/virtual_speed_sensor.o
                0x0000000008008a2e                VSS_CalcAvrgMecSpeedUnit
 .text.VSS_SetMecAcceleration
                0x0000000008008ab0       0x94 build/virtual_speed_sensor.o
                0x0000000008008ab0                VSS_SetMecAcceleration
 .text.VSS_SetStartTransition
                0x0000000008008b44       0x24 build/virtual_speed_sensor.o
                0x0000000008008b44                VSS_SetStartTransition
 .text.VSS_TransitionEnded
                0x0000000008008b68        0x6 build/virtual_speed_sensor.o
                0x0000000008008b68                VSS_TransitionEnded
 *fill*         0x0000000008008b6e        0x2 
 .text.R3_2_ADCxInit
                0x0000000008008b70       0xd4 build/r3_2_g4xx_pwm_curr_fdbk.o
 .text.R3_2_GetPhaseCurrents
                0x0000000008008c44      0x130 build/r3_2_g4xx_pwm_curr_fdbk.o
                0x0000000008008c44                R3_2_GetPhaseCurrents
 .text.R3_2_HFCurrentsPolarizationAB
                0x0000000008008d74       0x5c build/r3_2_g4xx_pwm_curr_fdbk.o
 .text.R3_2_HFCurrentsPolarizationC
                0x0000000008008dd0       0x4e build/r3_2_g4xx_pwm_curr_fdbk.o
 .text.R3_2_TurnOnLowSides
                0x0000000008008e1e       0x54 build/r3_2_g4xx_pwm_curr_fdbk.o
                0x0000000008008e1e                R3_2_TurnOnLowSides
 .text.R3_2_SwitchOnPWM
                0x0000000008008e72       0xac build/r3_2_g4xx_pwm_curr_fdbk.o
                0x0000000008008e72                R3_2_SwitchOnPWM
 .text.R3_2_SwitchOffPWM
                0x0000000008008f1e       0x60 build/r3_2_g4xx_pwm_curr_fdbk.o
                0x0000000008008f1e                R3_2_SwitchOffPWM
 *fill*         0x0000000008008f7e        0x2 
 .text.R3_2_SetAOReferenceVoltage
                0x0000000008008f80       0x98 build/r3_2_g4xx_pwm_curr_fdbk.o
 .text.R3_2_RLGetPhaseCurrents
                0x0000000008009018       0x50 build/r3_2_g4xx_pwm_curr_fdbk.o
 .text.R3_2_RLTurnOnLowSides
                0x0000000008009068       0x4a build/r3_2_g4xx_pwm_curr_fdbk.o
 .text.R3_2_RLSwitchOnPWM
                0x00000000080090b2       0xc4 build/r3_2_g4xx_pwm_curr_fdbk.o
 *fill*         0x0000000008009176        0x2 
 .text.R3_2_SetADCSampPointPolarization
                0x0000000008009178       0x3c build/r3_2_g4xx_pwm_curr_fdbk.o
                0x0000000008009178                R3_2_SetADCSampPointPolarization
 .text.R3_2_Init
                0x00000000080091b4      0x294 build/r3_2_g4xx_pwm_curr_fdbk.o
                0x00000000080091b4                R3_2_Init
 .text.R3_2_SetOffsetCalib
                0x0000000008009448       0x1a build/r3_2_g4xx_pwm_curr_fdbk.o
                0x0000000008009448                R3_2_SetOffsetCalib
 .text.R3_2_GetOffsetCalib
                0x0000000008009462       0x14 build/r3_2_g4xx_pwm_curr_fdbk.o
                0x0000000008009462                R3_2_GetOffsetCalib
 *fill*         0x0000000008009476        0x2 
 .text.R3_2_CurrentReadingPolarization
                0x0000000008009478      0x174 build/r3_2_g4xx_pwm_curr_fdbk.o
                0x0000000008009478                R3_2_CurrentReadingPolarization
 .text.R3_2_GetPhaseCurrents_OVM
                0x00000000080095ec      0x27c build/r3_2_g4xx_pwm_curr_fdbk.o
                0x00000000080095ec                R3_2_GetPhaseCurrents_OVM
 .text.R3_2_SetADCSampPointSectX_OVM
                0x0000000008009868       0xa0 build/r3_2_g4xx_pwm_curr_fdbk.o
                0x0000000008009868                R3_2_SetADCSampPointSectX_OVM
 .text.R3_2_TIMx_UP_IRQHandler
                0x0000000008009908       0xa2 build/r3_2_g4xx_pwm_curr_fdbk.o
                0x0000000008009908                R3_2_TIMx_UP_IRQHandler
 *fill*         0x00000000080099aa        0x2 
 .text.R3_2_RLDetectionModeEnable
                0x00000000080099ac       0xd8 build/r3_2_g4xx_pwm_curr_fdbk.o
                0x00000000080099ac                R3_2_RLDetectionModeEnable
 .text.R3_2_RLDetectionModeDisable
                0x0000000008009a84       0xfc build/r3_2_g4xx_pwm_curr_fdbk.o
                0x0000000008009a84                R3_2_RLDetectionModeDisable
 .text.R3_2_RLDetectionModeSetDuty
                0x0000000008009b80       0x7c build/r3_2_g4xx_pwm_curr_fdbk.o
                0x0000000008009b80                R3_2_RLDetectionModeSetDuty
 .text.R3_2_RLTurnOnLowSidesAndStart
                0x0000000008009bfc       0x82 build/r3_2_g4xx_pwm_curr_fdbk.o
                0x0000000008009bfc                R3_2_RLTurnOnLowSidesAndStart
 *fill*         0x0000000008009c7e        0x2 
 .text.MCPA_dataLog
                0x0000000008009c80      0x1a8 build/mcpa.o
                0x0000000008009c80                MCPA_dataLog
 .text.MCPA_flushDataLog
                0x0000000008009e28       0x68 build/mcpa.o
                0x0000000008009e28                MCPA_flushDataLog
 .text.Reset_Handler
                0x0000000008009e90       0x50 build/startup_stm32g431xx.o
                0x0000000008009e90                Reset_Handler
 .text.Default_Handler
                0x0000000008009ee0        0x2 build/startup_stm32g431xx.o
                0x0000000008009ee0                RTC_Alarm_IRQHandler
                0x0000000008009ee0                EXTI2_IRQHandler
                0x0000000008009ee0                TIM8_TRG_COM_IRQHandler
                0x0000000008009ee0                TIM8_CC_IRQHandler
                0x0000000008009ee0                DebugMon_Handler
                0x0000000008009ee0                TIM1_CC_IRQHandler
                0x0000000008009ee0                USB_HP_IRQHandler
                0x0000000008009ee0                CORDIC_IRQHandler
                0x0000000008009ee0                NMI_Handler
                0x0000000008009ee0                EXTI3_IRQHandler
                0x0000000008009ee0                I2C3_ER_IRQHandler
                0x0000000008009ee0                EXTI0_IRQHandler
                0x0000000008009ee0                I2C2_EV_IRQHandler
                0x0000000008009ee0                FPU_IRQHandler
                0x0000000008009ee0                FDCAN1_IT1_IRQHandler
                0x0000000008009ee0                UsageFault_Handler
                0x0000000008009ee0                SPI1_IRQHandler
                0x0000000008009ee0                TIM8_UP_IRQHandler
                0x0000000008009ee0                DMA2_Channel2_IRQHandler
                0x0000000008009ee0                DMA1_Channel4_IRQHandler
                0x0000000008009ee0                USART3_IRQHandler
                0x0000000008009ee0                TIM4_IRQHandler
                0x0000000008009ee0                DMA2_Channel1_IRQHandler
                0x0000000008009ee0                I2C1_EV_IRQHandler
                0x0000000008009ee0                DMA1_Channel6_IRQHandler
                0x0000000008009ee0                UART4_IRQHandler
                0x0000000008009ee0                DMA2_Channel4_IRQHandler
                0x0000000008009ee0                TIM3_IRQHandler
                0x0000000008009ee0                RCC_IRQHandler
                0x0000000008009ee0                Default_Handler
                0x0000000008009ee0                RTC_TAMP_LSECSS_IRQHandler
                0x0000000008009ee0                FMAC_IRQHandler
                0x0000000008009ee0                TIM7_IRQHandler
                0x0000000008009ee0                UCPD1_IRQHandler
                0x0000000008009ee0                I2C3_EV_IRQHandler
                0x0000000008009ee0                EXTI9_5_IRQHandler
                0x0000000008009ee0                RTC_WKUP_IRQHandler
                0x0000000008009ee0                PVD_PVM_IRQHandler
                0x0000000008009ee0                SPI2_IRQHandler
                0x0000000008009ee0                MemManage_Handler
                0x0000000008009ee0                DMA2_Channel5_IRQHandler
                0x0000000008009ee0                CRS_IRQHandler
                0x0000000008009ee0                DMA1_Channel5_IRQHandler
                0x0000000008009ee0                USB_LP_IRQHandler
                0x0000000008009ee0                EXTI4_IRQHandler
                0x0000000008009ee0                RNG_IRQHandler
                0x0000000008009ee0                TIM1_TRG_COM_TIM17_IRQHandler
                0x0000000008009ee0                DMA1_Channel3_IRQHandler
                0x0000000008009ee0                WWDG_IRQHandler
                0x0000000008009ee0                LPUART1_IRQHandler
                0x0000000008009ee0                DMA2_Channel6_IRQHandler
                0x0000000008009ee0                FDCAN1_IT0_IRQHandler
                0x0000000008009ee0                TIM2_IRQHandler
                0x0000000008009ee0                COMP1_2_3_IRQHandler
                0x0000000008009ee0                EXTI1_IRQHandler
                0x0000000008009ee0                USART2_IRQHandler
                0x0000000008009ee0                I2C2_ER_IRQHandler
                0x0000000008009ee0                TIM8_BRK_IRQHandler
                0x0000000008009ee0                FLASH_IRQHandler
                0x0000000008009ee0                BusFault_Handler
                0x0000000008009ee0                SPI3_IRQHandler
                0x0000000008009ee0                I2C1_ER_IRQHandler
                0x0000000008009ee0                LPTIM1_IRQHandler
                0x0000000008009ee0                DMAMUX_OVR_IRQHandler
                0x0000000008009ee0                USBWakeUp_IRQHandler
                0x0000000008009ee0                SAI1_IRQHandler
                0x0000000008009ee0                DMA2_Channel3_IRQHandler
                0x0000000008009ee0                COMP4_IRQHandler
 *fill*         0x0000000008009ee2        0x2 
 .text._GLOBAL__sub_I_board_config
                0x0000000008009ee4      0x1f8 build/main_.o
 .text._ZN4Axis19default_calibrationEv
                0x000000000800a0dc       0x34 build/axis.o
                0x000000000800a0dc                Axis::default_calibration()
 .text._ZN4Axis18default_sensorlessEv
                0x000000000800a110       0x38 build/axis.o
                0x000000000800a110                Axis::default_sensorless()
 .text.OTT_Init
                0x000000000800a148       0xc8 MCSDK_v6.3.2-Full/MotorControl/libMP/libmp-G4-MDK-ARM_ARMv7-M.a(mp_one_touch_tuning.o)
                0x000000000800a148                OTT_Init
 .text.OTT_Clear
                0x000000000800a210       0x26 MCSDK_v6.3.2-Full/MotorControl/libMP/libmp-G4-MDK-ARM_ARMv7-M.a(mp_one_touch_tuning.o)
                0x000000000800a210                OTT_Clear
 *fill*         0x000000000800a236        0x2 
 .text.OTT_Stop
                0x000000000800a238        0x8 MCSDK_v6.3.2-Full/MotorControl/libMP/libmp-G4-MDK-ARM_ARMv7-M.a(mp_one_touch_tuning.o)
                0x000000000800a238                OTT_Stop
 .text.OTT_MF   0x000000000800a240      0x6d0 MCSDK_v6.3.2-Full/MotorControl/libMP/libmp-G4-MDK-ARM_ARMv7-M.a(mp_one_touch_tuning.o)
                0x000000000800a240                OTT_MF
 .text.OTT_SpeedCtrl
                0x000000000800a910      0x12e MCSDK_v6.3.2-Full/MotorControl/libMP/libmp-G4-MDK-ARM_ARMv7-M.a(mp_one_touch_tuning.o)
 *fill*         0x000000000800aa3e        0x2 
 .text.OTT_SR   0x000000000800aa40       0x3e MCSDK_v6.3.2-Full/MotorControl/libMP/libmp-G4-MDK-ARM_ARMv7-M.a(mp_one_touch_tuning.o)
                0x000000000800aa40                OTT_SR
 *fill*         0x000000000800aa7e        0x2 
 .text.OTT_ForceTuning
                0x000000000800aa80        0x8 MCSDK_v6.3.2-Full/MotorControl/libMP/libmp-G4-MDK-ARM_ARMv7-M.a(mp_one_touch_tuning.o)
                0x000000000800aa80                OTT_ForceTuning
 .text.SCC_Init
                0x000000000800aa88      0x11c MCSDK_v6.3.2-Full/MotorControl/libMP/libmp-G4-MDK-ARM_ARMv7-M.a(mp_self_com_ctrl.o)
                0x000000000800aa88                SCC_Init
 .text.SCC_CMD  0x000000000800aba4      0x128 MCSDK_v6.3.2-Full/MotorControl/libMP/libmp-G4-MDK-ARM_ARMv7-M.a(mp_self_com_ctrl.o)
                0x000000000800aba4                SCC_CMD
 .text.SCC_Stop
                0x000000000800accc       0x28 MCSDK_v6.3.2-Full/MotorControl/libMP/libmp-G4-MDK-ARM_ARMv7-M.a(mp_self_com_ctrl.o)
                0x000000000800accc                SCC_Stop
 .text.SCC_Start
                0x000000000800acf4       0x70 MCSDK_v6.3.2-Full/MotorControl/libMP/libmp-G4-MDK-ARM_ARMv7-M.a(mp_self_com_ctrl.o)
                0x000000000800acf4                SCC_Start
 .text.SCC_CheckOC_RL
                0x000000000800ad64      0x2d8 MCSDK_v6.3.2-Full/MotorControl/libMP/libmp-G4-MDK-ARM_ARMv7-M.a(mp_self_com_ctrl.o)
                0x000000000800ad64                SCC_CheckOC_RL
 .text.SCC_SetNominalCurrent
                0x000000000800b03c       0x5c MCSDK_v6.3.2-Full/MotorControl/libMP/libmp-G4-MDK-ARM_ARMv7-M.a(mp_self_com_ctrl.o)
                0x000000000800b03c                SCC_SetNominalCurrent
 .text.SCC_UpdateRevup
                0x000000000800b098       0xe4 MCSDK_v6.3.2-Full/MotorControl/libMP/libmp-G4-MDK-ARM_ARMv7-M.a(mp_self_com_ctrl.o)
                0x000000000800b098                SCC_UpdateRevup
 .text.SCC_SetPhaseVoltage
                0x000000000800b17c     0x1138 MCSDK_v6.3.2-Full/MotorControl/libMP/libmp-G4-MDK-ARM_ARMv7-M.a(mp_self_com_ctrl.o)
                0x000000000800b17c                SCC_SetPhaseVoltage
 *fill*         0x000000000800c2b4        0x4 
 .text.SCC_KeDetection
                0x000000000800c2b8      0x3c8 MCSDK_v6.3.2-Full/MotorControl/libMP/libmp-G4-MDK-ARM_ARMv7-M.a(mp_self_com_ctrl.o)
                0x000000000800c2b8                SCC_KeDetection
 .text.SCC_MF   0x000000000800c680      0x8d4 MCSDK_v6.3.2-Full/MotorControl/libMP/libmp-G4-MDK-ARM_ARMv7-M.a(mp_self_com_ctrl.o)
                0x000000000800c680                SCC_MF
 .text.SCC_DetectBemf
                0x000000000800cf54      0x2b8 MCSDK_v6.3.2-Full/MotorControl/libMP/libmp-G4-MDK-ARM_ARMv7-M.a(mp_self_com_ctrl.o)
                0x000000000800cf54                SCC_DetectBemf
 .text.SCC_GetState
                0x000000000800d20c       0x70 MCSDK_v6.3.2-Full/MotorControl/libMP/libmp-G4-MDK-ARM_ARMv7-M.a(mp_self_com_ctrl.o)
                0x000000000800d20c                SCC_GetState
 .text.SCC_SetNominalSpeed
                0x000000000800d27c       0x38 MCSDK_v6.3.2-Full/MotorControl/libMP/libmp-G4-MDK-ARM_ARMv7-M.a(mp_self_com_ctrl.o)
                0x000000000800d27c                SCC_SetNominalSpeed
 .text.SCC_GetResistorOffset
                0x000000000800d2b4        0xa MCSDK_v6.3.2-Full/MotorControl/libMP/libmp-G4-MDK-ARM_ARMv7-M.a(mp_self_com_ctrl.o)
                0x000000000800d2b4                SCC_GetResistorOffset
 *fill*         0x000000000800d2be        0x2 
 .text.SCC_SetPBCharacterization
                0x000000000800d2c0        0xa MCSDK_v6.3.2-Full/MotorControl/libMP/libmp-G4-MDK-ARM_ARMv7-M.a(mp_self_com_ctrl.o)
                0x000000000800d2c0                SCC_SetPBCharacterization
 *fill*         0x000000000800d2ca        0x2 
 .text.SCC_SetResistorOffset
                0x000000000800d2cc        0xa MCSDK_v6.3.2-Full/MotorControl/libMP/libmp-G4-MDK-ARM_ARMv7-M.a(mp_self_com_ctrl.o)
                0x000000000800d2cc                SCC_SetResistorOffset
 .text.__aeabi_memclr
                0x000000000800d2d6        0x6 /usr/share/gcc-arm-none-eabi-10-2020-q4-major/bin/../lib/gcc/arm-none-eabi/10.2.1/../../../../arm-none-eabi/lib/thumb/v7e-m+fp/hard/libc_nano.a(lib_a-aeabi_memclr.o)
                0x000000000800d2d6                __aeabi_memclr8
                0x000000000800d2d6                __aeabi_memclr
                0x000000000800d2d6                __aeabi_memclr4
 .text.__libc_init_array
                0x000000000800d2dc       0x48 /usr/share/gcc-arm-none-eabi-10-2020-q4-major/bin/../lib/gcc/arm-none-eabi/10.2.1/../../../../arm-none-eabi/lib/thumb/v7e-m+fp/hard/libc_nano.a(lib_a-init.o)
                0x000000000800d2dc                __libc_init_array
 .text.memcpy   0x000000000800d324       0x1c /usr/share/gcc-arm-none-eabi-10-2020-q4-major/bin/../lib/gcc/arm-none-eabi/10.2.1/../../../../arm-none-eabi/lib/thumb/v7e-m+fp/hard/libc_nano.a(lib_a-memcpy-stub.o)
                0x000000000800d324                memcpy
 .text.memset   0x000000000800d340       0x10 /usr/share/gcc-arm-none-eabi-10-2020-q4-major/bin/../lib/gcc/arm-none-eabi/10.2.1/../../../../arm-none-eabi/lib/thumb/v7e-m+fp/hard/libc_nano.a(lib_a-memset.o)
                0x000000000800d340                memset
 *(.glue_7)
 .glue_7        0x000000000800d350        0x0 linker stubs
 *(.glue_7t)
 .glue_7t       0x000000000800d350        0x0 linker stubs
 *(.eh_frame)
 .eh_frame      0x000000000800d350        0x0 /usr/share/gcc-arm-none-eabi-10-2020-q4-major/bin/../lib/gcc/arm-none-eabi/10.2.1/thumb/v7e-m+fp/hard/crtbegin.o
 *(.init)
 .init          0x000000000800d350        0x4 /usr/share/gcc-arm-none-eabi-10-2020-q4-major/bin/../lib/gcc/arm-none-eabi/10.2.1/thumb/v7e-m+fp/hard/crti.o
                0x000000000800d350                _init
 .init          0x000000000800d354        0x8 /usr/share/gcc-arm-none-eabi-10-2020-q4-major/bin/../lib/gcc/arm-none-eabi/10.2.1/thumb/v7e-m+fp/hard/crtn.o
 *(.fini)
 .fini          0x000000000800d35c        0x4 /usr/share/gcc-arm-none-eabi-10-2020-q4-major/bin/../lib/gcc/arm-none-eabi/10.2.1/thumb/v7e-m+fp/hard/crti.o
                0x000000000800d35c                _fini
 .fini          0x000000000800d360        0x8 /usr/share/gcc-arm-none-eabi-10-2020-q4-major/bin/../lib/gcc/arm-none-eabi/10.2.1/thumb/v7e-m+fp/hard/crtn.o
                0x000000000800d368                . = ALIGN (0x4)
                0x000000000800d368                _etext = .

.vfp11_veneer   0x000000000800d368        0x0
 .vfp11_veneer  0x000000000800d368        0x0 linker stubs

.v4_bx          0x000000000800d368        0x0
 .v4_bx         0x000000000800d368        0x0 linker stubs

.iplt           0x000000000800d368        0x0
 .iplt          0x000000000800d368        0x0 /usr/share/gcc-arm-none-eabi-10-2020-q4-major/bin/../lib/gcc/arm-none-eabi/10.2.1/thumb/v7e-m+fp/hard/crtbegin.o

.rodata         0x000000000800d368      0x448
                0x000000000800d368                . = ALIGN (0x4)
 *(.rodata)
 .rodata        0x000000000800d368       0x28 build/main.o
 .rodata        0x000000000800d390       0x1c build/axis.o
 *(.rodata*)
 .rodata.str1.4
                0x000000000800d3ac       0x17 build/main.o
 *fill*         0x000000000800d3c3        0x1 
 .rodata.OTT_Params
                0x000000000800d3c4       0x54 build/mc_parameters.o
                0x000000000800d3c4                OTT_Params
 .rodata.R3_2_ParamsM1
                0x000000000800d418       0xb0 build/mc_parameters.o
                0x000000000800d418                R3_2_ParamsM1
 .rodata.R3_3_OPAMPParamsM1
                0x000000000800d4c8       0x60 build/mc_parameters.o
                0x000000000800d4c8                R3_3_OPAMPParamsM1
 .rodata.CHANNEL_OFFSET_TAB
                0x000000000800d528        0x6 build/usart_aspep_driver.o
 *fill*         0x000000000800d52e        0x2 
 .rodata.M1_ApplicationConfig_reg
                0x000000000800d530       0x10 build/mc_configuration_registers.o
 .rodata.M1_FOCConfig_reg
                0x000000000800d540        0xe build/mc_configuration_registers.o
 *fill*         0x000000000800d54e        0x2 
 .rodata.globalConfig_reg
                0x000000000800d550        0xa build/mc_configuration_registers.o
                0x000000000800d550                globalConfig_reg
 *fill*         0x000000000800d55a        0x2 
 .rodata.CRC4_Lookup4
                0x000000000800d55c       0x10 build/aspep.o
 .rodata.CRC4_Lookup8
                0x000000000800d56c      0x100 build/aspep.o
 .rodata.str1.4
                0x000000000800d66c       0x4c build/vesc_commands.o
                                         0x54 (size before relaxing)
 .rodata.param_list
                0x000000000800d6b8       0xa8 build/vesc_commands.o
 .rodata.USART_PRESCALER_TAB
                0x000000000800d760       0x30 build/stm32g4xx_ll_usart.o
 .rodata.AHBPrescTable
                0x000000000800d790       0x10 build/system_stm32g4xx.o
                0x000000000800d790                AHBPrescTable
 .rodata.APBPrescTable
                0x000000000800d7a0        0x8 build/system_stm32g4xx.o
                0x000000000800d7a0                APBPrescTable
 .rodata.vTaskStartScheduler.str1.4
                0x000000000800d7a8        0x5 build/tasks.o
                0x000000000800d7b0                . = ALIGN (0x4)
 *fill*         0x000000000800d7ad        0x3 

.ARM.extab
 *(.ARM.extab* .gnu.linkonce.armextab.*)

.ARM            0x000000000800d7b0        0x8
                0x000000000800d7b0                __exidx_start = .
 *(.ARM.exidx*)
 .ARM.exidx.text.OTT_Init
                0x000000000800d7b0        0x8 MCSDK_v6.3.2-Full/MotorControl/libMP/libmp-G4-MDK-ARM_ARMv7-M.a(mp_one_touch_tuning.o)
 .ARM.exidx.text.OTT_Clear
                0x000000000800d7b8        0x0 MCSDK_v6.3.2-Full/MotorControl/libMP/libmp-G4-MDK-ARM_ARMv7-M.a(mp_one_touch_tuning.o)
                                          0x8 (size before relaxing)
 .ARM.exidx.text.OTT_Stop
                0x000000000800d7b8        0x0 MCSDK_v6.3.2-Full/MotorControl/libMP/libmp-G4-MDK-ARM_ARMv7-M.a(mp_one_touch_tuning.o)
                                          0x8 (size before relaxing)
 .ARM.exidx.text.OTT_MF
                0x000000000800d7b8        0x0 MCSDK_v6.3.2-Full/MotorControl/libMP/libmp-G4-MDK-ARM_ARMv7-M.a(mp_one_touch_tuning.o)
                                          0x8 (size before relaxing)
 .ARM.exidx.text.OTT_SpeedCtrl
                0x000000000800d7b8        0x0 MCSDK_v6.3.2-Full/MotorControl/libMP/libmp-G4-MDK-ARM_ARMv7-M.a(mp_one_touch_tuning.o)
                                          0x8 (size before relaxing)
 .ARM.exidx.text.OTT_SR
                0x000000000800d7b8        0x0 MCSDK_v6.3.2-Full/MotorControl/libMP/libmp-G4-MDK-ARM_ARMv7-M.a(mp_one_touch_tuning.o)
                                          0x8 (size before relaxing)
 .ARM.exidx.text.OTT_ForceTuning
                0x000000000800d7b8        0x0 MCSDK_v6.3.2-Full/MotorControl/libMP/libmp-G4-MDK-ARM_ARMv7-M.a(mp_one_touch_tuning.o)
                                          0x8 (size before relaxing)
 .ARM.exidx.text.SCC_Init
                0x000000000800d7b8        0x0 MCSDK_v6.3.2-Full/MotorControl/libMP/libmp-G4-MDK-ARM_ARMv7-M.a(mp_self_com_ctrl.o)
                                          0x8 (size before relaxing)
 .ARM.exidx.text.SCC_CMD
                0x000000000800d7b8        0x0 MCSDK_v6.3.2-Full/MotorControl/libMP/libmp-G4-MDK-ARM_ARMv7-M.a(mp_self_com_ctrl.o)
                                          0x8 (size before relaxing)
 .ARM.exidx.text.SCC_Stop
                0x000000000800d7b8        0x0 MCSDK_v6.3.2-Full/MotorControl/libMP/libmp-G4-MDK-ARM_ARMv7-M.a(mp_self_com_ctrl.o)
                                          0x8 (size before relaxing)
 .ARM.exidx.text.SCC_Start
                0x000000000800d7b8        0x0 MCSDK_v6.3.2-Full/MotorControl/libMP/libmp-G4-MDK-ARM_ARMv7-M.a(mp_self_com_ctrl.o)
                                          0x8 (size before relaxing)
 .ARM.exidx.text.SCC_CheckOC_RL
                0x000000000800d7b8        0x0 MCSDK_v6.3.2-Full/MotorControl/libMP/libmp-G4-MDK-ARM_ARMv7-M.a(mp_self_com_ctrl.o)
                                          0x8 (size before relaxing)
 .ARM.exidx.text.SCC_SetNominalCurrent
                0x000000000800d7b8        0x0 MCSDK_v6.3.2-Full/MotorControl/libMP/libmp-G4-MDK-ARM_ARMv7-M.a(mp_self_com_ctrl.o)
                                          0x8 (size before relaxing)
 .ARM.exidx.text.SCC_UpdateRevup
                0x000000000800d7b8        0x0 MCSDK_v6.3.2-Full/MotorControl/libMP/libmp-G4-MDK-ARM_ARMv7-M.a(mp_self_com_ctrl.o)
                                          0x8 (size before relaxing)
 .ARM.exidx.text.SCC_SetPhaseVoltage
                0x000000000800d7b8        0x0 MCSDK_v6.3.2-Full/MotorControl/libMP/libmp-G4-MDK-ARM_ARMv7-M.a(mp_self_com_ctrl.o)
                                          0x8 (size before relaxing)
 .ARM.exidx.text.SCC_KeDetection
                0x000000000800d7b8        0x0 MCSDK_v6.3.2-Full/MotorControl/libMP/libmp-G4-MDK-ARM_ARMv7-M.a(mp_self_com_ctrl.o)
                                          0x8 (size before relaxing)
 .ARM.exidx.text.SCC_MF
                0x000000000800d7b8        0x0 MCSDK_v6.3.2-Full/MotorControl/libMP/libmp-G4-MDK-ARM_ARMv7-M.a(mp_self_com_ctrl.o)
                                          0x8 (size before relaxing)
 .ARM.exidx.text.SCC_DetectBemf
                0x000000000800d7b8        0x0 MCSDK_v6.3.2-Full/MotorControl/libMP/libmp-G4-MDK-ARM_ARMv7-M.a(mp_self_com_ctrl.o)
                                          0x8 (size before relaxing)
 .ARM.exidx.text.SCC_GetState
                0x000000000800d7b8        0x0 MCSDK_v6.3.2-Full/MotorControl/libMP/libmp-G4-MDK-ARM_ARMv7-M.a(mp_self_com_ctrl.o)
                                          0x8 (size before relaxing)
 .ARM.exidx.text.SCC_SetNominalSpeed
                0x000000000800d7b8        0x0 MCSDK_v6.3.2-Full/MotorControl/libMP/libmp-G4-MDK-ARM_ARMv7-M.a(mp_self_com_ctrl.o)
                                          0x8 (size before relaxing)
 .ARM.exidx.text.SCC_GetResistorOffset
                0x000000000800d7b8        0x0 MCSDK_v6.3.2-Full/MotorControl/libMP/libmp-G4-MDK-ARM_ARMv7-M.a(mp_self_com_ctrl.o)
                                          0x8 (size before relaxing)
 .ARM.exidx.text.SCC_SetPBCharacterization
                0x000000000800d7b8        0x0 MCSDK_v6.3.2-Full/MotorControl/libMP/libmp-G4-MDK-ARM_ARMv7-M.a(mp_self_com_ctrl.o)
                                          0x8 (size before relaxing)
 .ARM.exidx.text.SCC_SetResistorOffset
                0x000000000800d7b8        0x0 MCSDK_v6.3.2-Full/MotorControl/libMP/libmp-G4-MDK-ARM_ARMv7-M.a(mp_self_com_ctrl.o)
                                          0x8 (size before relaxing)
                0x000000000800d7b8                __exidx_end = .

.rel.dyn        0x000000000800d7b8        0x0
 .rel.iplt      0x000000000800d7b8        0x0 /usr/share/gcc-arm-none-eabi-10-2020-q4-major/bin/../lib/gcc/arm-none-eabi/10.2.1/thumb/v7e-m+fp/hard/crtbegin.o

.preinit_array  0x000000000800d7b8        0x0
                0x000000000800d7b8                PROVIDE (__preinit_array_start = .)
 *(.preinit_array*)
                0x000000000800d7b8                PROVIDE (__preinit_array_end = .)

.init_array     0x000000000800d7b8        0x8
                0x000000000800d7b8                PROVIDE (__init_array_start = .)
 *(SORT_BY_NAME(.init_array.*))
 *(.init_array*)
 .init_array    0x000000000800d7b8        0x4 /usr/share/gcc-arm-none-eabi-10-2020-q4-major/bin/../lib/gcc/arm-none-eabi/10.2.1/thumb/v7e-m+fp/hard/crtbegin.o
 .init_array    0x000000000800d7bc        0x4 build/main_.o
                0x000000000800d7c0                PROVIDE (__init_array_end = .)

.fini_array     0x000000000800d7c0        0x4
                [!provide]                        PROVIDE (__fini_array_start = .)
 *(SORT_BY_NAME(.fini_array.*))
 *(.fini_array*)
 .fini_array    0x000000000800d7c0        0x4 /usr/share/gcc-arm-none-eabi-10-2020-q4-major/bin/../lib/gcc/arm-none-eabi/10.2.1/thumb/v7e-m+fp/hard/crtbegin.o
                [!provide]                        PROVIDE (__fini_array_end = .)
                0x000000000800d7c4                _sidata = LOADADDR (.data)

.data           0x0000000020000000      0xbac load address 0x000000000800d7c4
                0x0000000020000000                . = ALIGN (0x4)
                0x0000000020000000                _sdata = .
 *(.data)
 *(.data*)
 .data.CircleLimitationM1
                0x0000000020000000        0x4 build/mc_config.o
                0x0000000020000000                CircleLimitationM1
 .data.FF_M1    0x0000000020000004       0x38 build/mc_config.o
                0x0000000020000004                FF_M1
 .data.Mci      0x000000002000003c       0x2c build/mc_config.o
                0x000000002000003c                Mci
 .data.OTT      0x0000000020000068       0xa0 build/mc_config.o
                0x0000000020000068                OTT
 .data.PIDIdHandle_M1
                0x0000000020000108       0x2c build/mc_config.o
                0x0000000020000108                PIDIdHandle_M1
 .data.PIDIqHandle_M1
                0x0000000020000134       0x2c build/mc_config.o
                0x0000000020000134                PIDIqHandle_M1
 .data.PIDSpeedHandle_M1
                0x0000000020000160       0x2c build/mc_config.o
                0x0000000020000160                PIDSpeedHandle_M1
 .data.PQD_MotorPowMeasM1
                0x000000002000018c       0x10 build/mc_config.o
                0x000000002000018c                PQD_MotorPowMeasM1
 .data.PWM_Handle_M1
                0x000000002000019c       0xa4 build/mc_config.o
                0x000000002000019c                PWM_Handle_M1
 .data.RampExtMngrHFParamsM1
                0x0000000020000240       0x18 build/mc_config.o
                0x0000000020000240                RampExtMngrHFParamsM1
 .data.RampExtMngrParamsOTT
                0x0000000020000258       0x18 build/mc_config.o
                0x0000000020000258                RampExtMngrParamsOTT
 .data.RampExtMngrParamsSCC
                0x0000000020000270       0x18 build/mc_config.o
                0x0000000020000270                RampExtMngrParamsSCC
 .data.RevUpControlM1
                0x0000000020000288       0x78 build/mc_config.o
                0x0000000020000288                RevUpControlM1
 .data.SCC      0x0000000020000300      0x54c build/mc_config.o
                0x0000000020000300                SCC
 .data.STO_M1   0x000000002000084c       0x14 build/mc_config.o
                0x000000002000084c                STO_M1
 .data.STO_PLL_M1
                0x0000000020000860      0x128 build/mc_config.o
                0x0000000020000860                STO_PLL_M1
 .data.SpeednTorqCtrlM1
                0x0000000020000988       0x34 build/mc_config.o
                0x0000000020000988                SpeednTorqCtrlM1
 .data.pFF      0x00000000200009bc        0x4 build/mc_config.o
                0x00000000200009bc                pFF
 .data.pMPM     0x00000000200009c0        0x4 build/mc_config.o
                0x00000000200009c0                pMPM
 .data.pPIDId   0x00000000200009c4        0x4 build/mc_config.o
                0x00000000200009c4                pPIDId
 .data.pPIDIq   0x00000000200009c8        0x4 build/mc_config.o
                0x00000000200009c8                pPIDIq
 .data.pSTC     0x00000000200009cc        0x4 build/mc_config.o
                0x00000000200009cc                pSTC
 .data.BusVoltageSensor_M1
                0x00000000200009d0       0x1c build/mc_config_common.o
                0x00000000200009d0                BusVoltageSensor_M1
 .data.TempRegConv_M1
                0x00000000200009ec       0x10 build/mc_config_common.o
                0x00000000200009ec                TempRegConv_M1
 .data.TempSensor_M1
                0x00000000200009fc       0x1c build/mc_config_common.o
                0x00000000200009fc                TempSensor_M1
 .data.VbusRegConv_M1
                0x0000000020000a18       0x10 build/mc_config_common.o
                0x0000000020000a18                VbusRegConv_M1
 .data.VirtualSpeedSensorM1
                0x0000000020000a28       0x38 build/mc_config_common.o
                0x0000000020000a28                VirtualSpeedSensorM1
 .data.MCPA_UART_A
                0x0000000020000a60       0x2c build/mcp_config.o
                0x0000000020000a60                MCPA_UART_A
 .data.MCP_Over_UartA
                0x0000000020000a8c       0x10 build/mcp_config.o
                0x0000000020000a8c                MCP_Over_UartA
 .data.UASPEP_A
                0x0000000020000a9c       0x14 build/mcp_config.o
 .data.aspepOverUartA
                0x0000000020000ab0       0x74 build/mcp_config.o
                0x0000000020000ab0                aspepOverUartA
 .data.SCC_Params
                0x0000000020000b24       0x54 build/mc_parameters.o
                0x0000000020000b24                SCC_Params
 .data.scaleParams_M1
                0x0000000020000b78       0x10 build/mc_parameters.o
                0x0000000020000b78                scaleParams_M1
 .data.ApplicationConfig_reg
                0x0000000020000b88        0x4 build/mc_configuration_registers.o
                0x0000000020000b88                ApplicationConfig_reg
 .data.FOCConfig_reg
                0x0000000020000b8c        0x4 build/mc_configuration_registers.o
                0x0000000020000b8c                FOCConfig_reg
 .data.max_current
                0x0000000020000b90        0x4 build/vesc_commands.o
 .data.max_rpm  0x0000000020000b94        0x4 build/vesc_commands.o
 .data.temperature_limit
                0x0000000020000b98        0x4 build/vesc_commands.o
 .data.uwTickFreq
                0x0000000020000b9c        0x4 build/stm32g4xx_hal.o
                0x0000000020000b9c                uwTickFreq
 .data.uwTickPrio
                0x0000000020000ba0        0x4 build/stm32g4xx_hal.o
                0x0000000020000ba0                uwTickPrio
 .data.SystemCoreClock
                0x0000000020000ba4        0x4 build/system_stm32g4xx.o
                0x0000000020000ba4                SystemCoreClock
 .data.uxCriticalNesting
                0x0000000020000ba8        0x4 build/port.o
                0x0000000020000bac                . = ALIGN (0x4)
                0x0000000020000bac                _edata = .

.igot.plt       0x0000000020000bac        0x0 load address 0x000000000800e370
 .igot.plt      0x0000000020000bac        0x0 /usr/share/gcc-arm-none-eabi-10-2020-q4-major/bin/../lib/gcc/arm-none-eabi/10.2.1/thumb/v7e-m+fp/hard/crtbegin.o
                0x0000000020000bac                . = ALIGN (0x4)

.bss            0x0000000020000bac     0x5ff8 load address 0x000000000800e370
                0x0000000020000bac                _sbss = .
                0x0000000020000bac                __bss_start__ = _sbss
 *(.bss)
 .bss           0x0000000020000bac       0x1c /usr/share/gcc-arm-none-eabi-10-2020-q4-major/bin/../lib/gcc/arm-none-eabi/10.2.1/thumb/v7e-m+fp/hard/crtbegin.o
 *(.bss*)
 .bss.mediumFrequencyHandle
                0x0000000020000bc8        0x4 build/main.o
                0x0000000020000bc8                mediumFrequencyHandle
 .bss.safetyHandle
                0x0000000020000bcc        0x4 build/main.o
                0x0000000020000bcc                safetyHandle
 .bss.pMCI      0x0000000020000bd0        0x4 build/motorcontrol.o
                0x0000000020000bd0                pMCI
 .bss.FOCVars   0x0000000020000bd4       0x26 build/mc_config.o
                0x0000000020000bd4                FOCVars
 *fill*         0x0000000020000bfa        0x2 
 .bss.pREMNG    0x0000000020000bfc        0x4 build/mc_config.o
                0x0000000020000bfc                pREMNG
 .bss.HdlSTSPING4
                0x0000000020000c00        0x4 build/mc_config_common.o
                0x0000000020000c00                HdlSTSPING4
 .bss.PerfTraces
                0x0000000020000c04       0x28 build/mc_config_common.o
                0x0000000020000c04                PerfTraces
 .bss.RealBusVoltageSensorFilterBufferM1
                0x0000000020000c2c        0xc build/mc_config_common.o
 .bss.pwmcHandle
                0x0000000020000c38        0x4 build/mc_config_common.o
                0x0000000020000c38                pwmcHandle
 .bss.MCPAsyncBuffUARTA_A
                0x0000000020000c3c      0x806 build/mcp_config.o
 *fill*         0x0000000020001442        0x2 
 .bss.MCPAsyncBuffUARTA_B
                0x0000000020001444      0x806 build/mcp_config.o
 *fill*         0x0000000020001c4a        0x2 
 .bss.MCPSyncRXBuff
                0x0000000020001c4c      0x102 build/mcp_config.o
 *fill*         0x0000000020001d4e        0x2 
 .bss.MCPSyncTxBuff
                0x0000000020001d50      0x106 build/mcp_config.o
 *fill*         0x0000000020001e56        0x2 
 .bss.MCP_UserCallBack
                0x0000000020001e58        0x8 build/mcp_config.o
                0x0000000020001e58                MCP_UserCallBack
 .bss.dataPtrTableA
                0x0000000020001e60       0x28 build/mcp_config.o
 .bss.dataPtrTableBuffA
                0x0000000020001e88       0x28 build/mcp_config.o
 .bss.dataSizeTableA
                0x0000000020001eb0        0xa build/mcp_config.o
 *fill*         0x0000000020001eba        0x2 
 .bss.dataSizeTableBuffA
                0x0000000020001ebc        0xa build/mcp_config.o
 .bss.bMCBootCompleted
                0x0000000020001ec6        0x1 build/mc_tasks.o
 *fill*         0x0000000020001ec7        0x1 
 .bss.hBootCapDelayCounterM1
                0x0000000020001ec8        0x2 build/mc_tasks.o
 .bss.hMFTaskCounterM1
                0x0000000020001eca        0x2 build/mc_tasks.o
 .bss.hStopPermanencyCounterM1
                0x0000000020001ecc        0x2 build/mc_tasks.o
 *fill*         0x0000000020001ece        0x2 
 .bss.RCM_CB_array