Archive member included to satisfy reference by file (symbol)

/usr/share/gcc-arm-none-eabi-10-2020-q4-major/bin/../lib/gcc/arm-none-eabi/10.2.1/../../../../arm-none-eabi/lib/thumb/v7e-m+fp/hard/libc_nano.a(lib_a-errno.o)
                              build/sysmem.o (__errno)
/usr/share/gcc-arm-none-eabi-10-2020-q4-major/bin/../lib/gcc/arm-none-eabi/10.2.1/../../../../arm-none-eabi/lib/thumb/v7e-m+fp/hard/libc_nano.a(lib_a-exit.o)
                              /usr/share/gcc-arm-none-eabi-10-2020-q4-major/bin/../lib/gcc/arm-none-eabi/10.2.1/../../../../arm-none-eabi/lib/thumb/v7e-m+fp/hard/crt0.o (exit)
/usr/share/gcc-arm-none-eabi-10-2020-q4-major/bin/../lib/gcc/arm-none-eabi/10.2.1/../../../../arm-none-eabi/lib/thumb/v7e-m+fp/hard/libc_nano.a(lib_a-impure.o)
                              /usr/share/gcc-arm-none-eabi-10-2020-q4-major/bin/../lib/gcc/arm-none-eabi/10.2.1/../../../../arm-none-eabi/lib/thumb/v7e-m+fp/hard/libc_nano.a(lib_a-exit.o) (_global_impure_ptr)
/usr/share/gcc-arm-none-eabi-10-2020-q4-major/bin/../lib/gcc/arm-none-eabi/10.2.1/../../../../arm-none-eabi/lib/thumb/v7e-m+fp/hard/libc_nano.a(lib_a-init.o)
                              /usr/share/gcc-arm-none-eabi-10-2020-q4-major/bin/../lib/gcc/arm-none-eabi/10.2.1/../../../../arm-none-eabi/lib/thumb/v7e-m+fp/hard/crt0.o (__libc_init_array)
/usr/share/gcc-arm-none-eabi-10-2020-q4-major/bin/../lib/gcc/arm-none-eabi/10.2.1/../../../../arm-none-eabi/lib/thumb/v7e-m+fp/hard/libc_nano.a(lib_a-memcpy-stub.o)
                              build/vesc_uart.o (memcpy)
/usr/share/gcc-arm-none-eabi-10-2020-q4-major/bin/../lib/gcc/arm-none-eabi/10.2.1/../../../../arm-none-eabi/lib/thumb/v7e-m+fp/hard/libc_nano.a(lib_a-memset.o)
                              /usr/share/gcc-arm-none-eabi-10-2020-q4-major/bin/../lib/gcc/arm-none-eabi/10.2.1/../../../../arm-none-eabi/lib/thumb/v7e-m+fp/hard/crt0.o (memset)
MCSDK_v6.3.2-Full/MotorControl/libMP/libmp-G4-MDK-ARM_ARMv7-M.a(mp_one_touch_tuning.o)
                              build/mc_tasks_foc.o (OTT_Init)
MCSDK_v6.3.2-Full/MotorControl/libMP/libmp-G4-MDK-ARM_ARMv7-M.a(mp_self_com_ctrl.o)
                              build/mc_tasks_foc.o (SCC_Init)
/usr/share/gcc-arm-none-eabi-10-2020-q4-major/bin/../lib/gcc/arm-none-eabi/10.2.1/thumb/v7e-m+fp/hard/libgcc.a(_arm_muldf3.o)
                              MCSDK_v6.3.2-Full/MotorControl/libMP/libmp-G4-MDK-ARM_ARMv7-M.a(mp_self_com_ctrl.o) (__aeabi_dmul)
/usr/share/gcc-arm-none-eabi-10-2020-q4-major/bin/../lib/gcc/arm-none-eabi/10.2.1/thumb/v7e-m+fp/hard/libgcc.a(_arm_addsubdf3.o)
                              MCSDK_v6.3.2-Full/MotorControl/libMP/libmp-G4-MDK-ARM_ARMv7-M.a(mp_self_com_ctrl.o) (__aeabi_i2d)
/usr/share/gcc-arm-none-eabi-10-2020-q4-major/bin/../lib/gcc/arm-none-eabi/10.2.1/thumb/v7e-m+fp/hard/libgcc.a(_arm_fixdfsi.o)
                              MCSDK_v6.3.2-Full/MotorControl/libMP/libmp-G4-MDK-ARM_ARMv7-M.a(mp_self_com_ctrl.o) (__aeabi_d2iz)
/usr/share/gcc-arm-none-eabi-10-2020-q4-major/bin/../lib/gcc/arm-none-eabi/10.2.1/thumb/v7e-m+fp/hard/libgcc.a(_aeabi_ldivmod.o)
                              build/div.o (__aeabi_ldivmod)
/usr/share/gcc-arm-none-eabi-10-2020-q4-major/bin/../lib/gcc/arm-none-eabi/10.2.1/thumb/v7e-m+fp/hard/libgcc.a(_aeabi_uldivmod.o)
                              build/div.o (__aeabi_uldivmod)
/usr/share/gcc-arm-none-eabi-10-2020-q4-major/bin/../lib/gcc/arm-none-eabi/10.2.1/thumb/v7e-m+fp/hard/libgcc.a(_udivmoddi4.o)
                              /usr/share/gcc-arm-none-eabi-10-2020-q4-major/bin/../lib/gcc/arm-none-eabi/10.2.1/thumb/v7e-m+fp/hard/libgcc.a(_aeabi_ldivmod.o) (__udivmoddi4)
/usr/share/gcc-arm-none-eabi-10-2020-q4-major/bin/../lib/gcc/arm-none-eabi/10.2.1/thumb/v7e-m+fp/hard/libgcc.a(_dvmd_tls.o)
                              /usr/share/gcc-arm-none-eabi-10-2020-q4-major/bin/../lib/gcc/arm-none-eabi/10.2.1/thumb/v7e-m+fp/hard/libgcc.a(_aeabi_ldivmod.o) (__aeabi_ldiv0)
/usr/share/gcc-arm-none-eabi-10-2020-q4-major/bin/../lib/gcc/arm-none-eabi/10.2.1/../../../../arm-none-eabi/lib/thumb/v7e-m+fp/hard/libc_nano.a(lib_a-aeabi_memclr.o)
                              MCSDK_v6.3.2-Full/MotorControl/libMP/libmp-G4-MDK-ARM_ARMv7-M.a(mp_self_com_ctrl.o) (__aeabi_memclr4)
/usr/share/gcc-arm-none-eabi-10-2020-q4-major/bin/../lib/gcc/arm-none-eabi/10.2.1/../../../../arm-none-eabi/lib/thumb/v7e-m+fp/hard/libc_nano.a(lib_a-aeabi_memset-soft.o)
                              /usr/share/gcc-arm-none-eabi-10-2020-q4-major/bin/../lib/gcc/arm-none-eabi/10.2.1/../../../../arm-none-eabi/lib/thumb/v7e-m+fp/hard/libc_nano.a(lib_a-aeabi_memclr.o) (__aeabi_memset)

Discarded input sections

 .text          0x0000000000000000        0x0 /usr/share/gcc-arm-none-eabi-10-2020-q4-major/bin/../lib/gcc/arm-none-eabi/10.2.1/thumb/v7e-m+fp/hard/crti.o
 .data          0x0000000000000000        0x0 /usr/share/gcc-arm-none-eabi-10-2020-q4-major/bin/../lib/gcc/arm-none-eabi/10.2.1/thumb/v7e-m+fp/hard/crti.o
[...]
Memory Configuration

Name             Origin             Length             Attributes
RAM              0x0000000020000000 0x0000000000008000 xrw
FLASH            0x0000000008000000 0x0000000000020000 xr
*default*        0x0000000000000000 0xffffffffffffffff

Linker script and memory map

LOAD /usr/share/gcc-arm-none-eabi-10-2020-q4-major/bin/../lib/gcc/arm-none-eabi/10.2.1/thumb/v7e-m+fp/hard/crti.o
LOAD /usr/share/gcc-arm-none-eabi-10-2020-q4-major/bin/../lib/gcc/arm-none-eabi/10.2.1/thumb/v7e-m+fp/hard/crtbegin.o
LOAD /usr/share/gcc-arm-none-eabi-10-2020-q4-major/bin/../lib/gcc/arm-none-eabi/10.2.1/../../../../arm-none-eabi/lib/thumb/v7e-m+fp/hard/crt0.o
LOAD build/main.o
LOAD build/app_freertos.o
LOAD build/motorcontrol.o
LOAD build/pwm_common.o
LOAD build/mc_api.o
LOAD build/mc_config.o
LOAD build/mc_config_common.o
LOAD build/mcp_config.o
LOAD build/mc_tasks.o
LOAD build/mc_tasks_foc.o
LOAD build/pwm_curr_fdbk.o
LOAD build/regular_conversion_manager.o
LOAD build/mc_math.o
LOAD build/mc_interface.o
LOAD build/stm32_mc_common_it.o
LOAD build/stm32g4xx_mc_it.o
LOAD build/mc_parameters.o
LOAD build/register_interface.o
LOAD build/mcp.o
LOAD build/mc_perf.o
LOAD build/usart_aspep_driver.o
LOAD build/mc_configuration_registers.o
LOAD build/aspep.o
LOAD build/mc_app_hooks.o
LOAD build/stm32g4xx_it.o
LOAD build/stm32g4xx_hal_msp.o
LOAD build/stm32g4xx_hal_timebase_tim.o
LOAD build/vesc_commands.o
LOAD build/vesc_uart.o
LOAD build/stm32g4xx_ll_utils.o
LOAD build/stm32g4xx_ll_exti.o
LOAD build/stm32g4xx_ll_gpio.o
LOAD build/stm32g4xx_ll_adc.o
LOAD build/stm32g4xx_ll_dma.o
LOAD build/stm32g4xx_hal.o
LOAD build/stm32g4xx_hal_rcc.o
LOAD build/stm32g4xx_hal_rcc_ex.o
LOAD build/stm32g4xx_hal_flash.o
LOAD build/stm32g4xx_hal_flash_ex.o
LOAD build/stm32g4xx_hal_flash_ramfunc.o
LOAD build/stm32g4xx_hal_gpio.o
LOAD build/stm32g4xx_hal_exti.o
LOAD build/stm32g4xx_hal_dma.o
LOAD build/stm32g4xx_hal_dma_ex.o
LOAD build/stm32g4xx_hal_pwr.o
LOAD build/stm32g4xx_hal_pwr_ex.o
LOAD build/stm32g4xx_hal_cortex.o
LOAD build/stm32g4xx_ll_comp.o
LOAD build/stm32g4xx_ll_rcc.o
LOAD build/stm32g4xx_ll_cordic.o
LOAD build/stm32g4xx_ll_dac.o
LOAD build/stm32g4xx_ll_i2c.o
LOAD build/stm32g4xx_ll_opamp.o
LOAD build/stm32g4xx_hal_tim.o
LOAD build/stm32g4xx_hal_tim_ex.o
LOAD build/stm32g4xx_ll_tim.o
LOAD build/stm32g4xx_ll_usart.o
LOAD build/system_stm32g4xx.o
LOAD build/croutine.o
LOAD build/event_groups.o
LOAD build/list.o
LOAD build/queue.o
LOAD build/stream_buffer.o
LOAD build/tasks.o
LOAD build/timers.o
LOAD build/cmsis_os.o
LOAD build/heap_4.o
LOAD build/port.o
LOAD build/stspin32g4.o
LOAD build/bus_voltage_sensor.o
LOAD build/circle_limitation.o
LOAD build/digital_output.o
LOAD build/feed_forward_ctrl.o
LOAD build/pwm_curr_fdbk_ovm.o
LOAD build/ntc_temperature_sensor.o
LOAD build/open_loop.o
LOAD build/pid_regulator.o
LOAD build/pqd_motor_power_measurement.o
LOAD build/r_divider_bus_voltage_sensor.o
LOAD build/ramp_ext_mngr.o
LOAD build/revup_ctrl.o
LOAD build/speed_pos_fdbk.o
LOAD build/speed_torq_ctrl.o
LOAD build/sto_pll_speed_pos_fdbk.o
LOAD build/virtual_speed_sensor.o
LOAD build/r3_2_g4xx_pwm_curr_fdbk.o
LOAD build/mcpa.o
LOAD build/sysmem.o
LOAD build/syscalls.o
LOAD build/div.o
LOAD build/startup_stm32g431xx.o
LOAD /usr/share/gcc-arm-none-eabi-10-2020-q4-major/bin/../lib/gcc/arm-none-eabi/10.2.1/../../../../arm-none-eabi/lib/thumb/v7e-m+fp/hard/libc_nano.a
LOAD /usr/share/gcc-arm-none-eabi-10-2020-q4-major/bin/../lib/gcc/arm-none-eabi/10.2.1/../../../../arm-none-eabi/lib/thumb/v7e-m+fp/hard/libm.a
LOAD /usr/share/gcc-arm-none-eabi-10-2020-q4-major/bin/../lib/gcc/arm-none-eabi/10.2.1/../../../../arm-none-eabi/lib/thumb/v7e-m+fp/hard/libnosys.a
LOAD MCSDK_v6.3.2-Full/MotorControl/libMP/libmp-G4-MDK-ARM_ARMv7-M.a
START GROUP
LOAD /usr/share/gcc-arm-none-eabi-10-2020-q4-major/bin/../lib/gcc/arm-none-eabi/10.2.1/thumb/v7e-m+fp/hard/libgcc.a
LOAD /usr/share/gcc-arm-none-eabi-10-2020-q4-major/bin/../lib/gcc/arm-none-eabi/10.2.1/../../../../arm-none-eabi/lib/thumb/v7e-m+fp/hard/libc_nano.a
END GROUP
START GROUP
LOAD /usr/share/gcc-arm-none-eabi-10-2020-q4-major/bin/../lib/gcc/arm-none-eabi/10.2.1/thumb/v7e-m+fp/hard/libgcc.a
LOAD /usr/share/gcc-arm-none-eabi-10-2020-q4-major/bin/../lib/gcc/arm-none-eabi/10.2.1/../../../../arm-none-eabi/lib/thumb/v7e-m+fp/hard/libc_nano.a
END GROUP
LOAD /usr/share/gcc-arm-none-eabi-10-2020-q4-major/bin/../lib/gcc/arm-none-eabi/10.2.1/thumb/v7e-m+fp/hard/crtend.o
LOAD /usr/share/gcc-arm-none-eabi-10-2020-q4-major/bin/../lib/gcc/arm-none-eabi/10.2.1/thumb/v7e-m+fp/hard/crtn.o
                0x0000000020008000                _estack = (ORIGIN (RAM) + LENGTH (RAM))
                0x0000000000000200                _Min_Heap_Size = 0x200
                0x0000000000000400                _Min_Stack_Size = 0x400

.isr_vector     0x0000000008000000      0x1d8
                0x0000000008000000                . = ALIGN (0x4)
 *(.isr_vector)
 .isr_vector    0x0000000008000000      0x1d8 build/startup_stm32g431xx.o
                0x0000000008000000                g_pfnVectors
                0x00000000080001d8                . = ALIGN (0x4)

.text           0x00000000080001e0     0xd26c
                0x00000000080001e0                . = ALIGN (0x4)
 *(.text)
 .text          0x00000000080001e0       0x40 /usr/share/gcc-arm-none-eabi-10-2020-q4-major/bin/../lib/gcc/arm-none-eabi/10.2.1/thumb/v7e-m+fp/hard/crtbegin.o
 .text          0x0000000008000220      0x254 /usr/share/gcc-arm-none-eabi-10-2020-q4-major/bin/../lib/gcc/arm-none-eabi/10.2.1/thumb/v7e-m+fp/hard/libgcc.a(_arm_muldf3.o)
                0x0000000008000220                __aeabi_dmul
                0x0000000008000220                __muldf3
 .text          0x0000000008000474      0x378 /usr/share/gcc-arm-none-eabi-10-2020-q4-major/bin/../lib/gcc/arm-none-eabi/10.2.1/thumb/v7e-m+fp/hard/libgcc.a(_arm_addsubdf3.o)
                0x0000000008000474                __aeabi_drsub
                0x000000000800047c                __aeabi_dsub
                0x000000000800047c                __subdf3
                0x0000000008000480                __adddf3
                0x0000000008000480                __aeabi_dadd
                0x00000000080006f8                __aeabi_ui2d
                0x00000000080006f8                __floatunsidf
                0x0000000008000718                __floatsidf
                0x0000000008000718                __aeabi_i2d
                0x000000000800073c                __extendsfdf2
                0x000000000800073c                __aeabi_f2d
                0x0000000008000780                __aeabi_ul2d
                0x0000000008000780                __floatundidf
                0x0000000008000790                __floatdidf
                0x0000000008000790                __aeabi_l2d
 .text          0x00000000080007ec       0x50 /usr/share/gcc-arm-none-eabi-10-2020-q4-major/bin/../lib/gcc/arm-none-eabi/10.2.1/thumb/v7e-m+fp/hard/libgcc.a(_arm_fixdfsi.o)
                0x00000000080007ec                __fixdfsi
                0x00000000080007ec                __aeabi_d2iz
 .text          0x000000000800083c       0x9a /usr/share/gcc-arm-none-eabi-10-2020-q4-major/bin/../lib/gcc/arm-none-eabi/10.2.1/../../../../arm-none-eabi/lib/thumb/v7e-m+fp/hard/libc_nano.a(lib_a-aeabi_memset-soft.o)
                0x000000000800083c                __aeabi_memset
                0x000000000800083c                __aeabi_memset8
                0x000000000800083c                __aeabi_memset4
 *(.text*)
 *fill*         0x00000000080008d6        0x2 
 .text.SystemClock_Config
                0x00000000080008d8      0x104 build/main.o
                0x00000000080008d8                SystemClock_Config
 *fill*         0x00000000080009dc        0x4 
 .text.startup.main
                0x00000000080009e0     0x1038 build/main.o
                0x00000000080009e0                main
 .text.HAL_TIM_PeriodElapsedCallback
                0x0000000008001a18       0x14 build/main.o
                0x0000000008001a18                HAL_TIM_PeriodElapsedCallback
 .text.MX_MotorControl_Init
                0x0000000008001a2c       0x14 build/motorcontrol.o
                0x0000000008001a2c                MX_MotorControl_Init
 .text.vPortSetupTimerInterrupt
                0x0000000008001a40       0x1c build/motorcontrol.o
                0x0000000008001a40                vPortSetupTimerInterrupt
 .text.startTimers
                0x0000000008001a5c       0x98 build/pwm_common.o
                0x0000000008001a5c                startTimers
 .text.waitForPolarizationEnd
                0x0000000008001af4       0x3c build/pwm_common.o
                0x0000000008001af4                waitForPolarizationEnd
 .text.MC_StartMotor1
                0x0000000008001b30        0xc build/mc_api.o
                0x0000000008001b30                MC_StartMotor1
 .text.MC_StopMotor1
                0x0000000008001b3c        0xc build/mc_api.o
                0x0000000008001b3c                MC_StopMotor1
 .text.MC_AcknowledgeFaultMotor1
                0x0000000008001b48        0xc build/mc_api.o
                0x0000000008001b48                MC_AcknowledgeFaultMotor1
 .text.MC_GetSTMStateMotor1
                0x0000000008001b54        0xc build/mc_api.o
                0x0000000008001b54                MC_GetSTMStateMotor1
 .text.MC_ProfilerCommand
                0x0000000008001b60       0x24 build/mc_api.o
                0x0000000008001b60                MC_ProfilerCommand
 .text.MCboot   0x0000000008001b84       0xb8 build/mc_tasks.o
                0x0000000008001b84                MCboot
 .text.MC_RunMotorControlTasks
                0x0000000008001c3c       0xa0 build/mc_tasks.o
                0x0000000008001c3c                MC_RunMotorControlTasks
 .text.TSK_SetChargeBootCapDelayM1
                0x0000000008001cdc        0xc build/mc_tasks.o
                0x0000000008001cdc                TSK_SetChargeBootCapDelayM1
 .text.TSK_ChargeBootCapDelayHasElapsedM1
                0x0000000008001ce8       0x14 build/mc_tasks.o
                0x0000000008001ce8                TSK_ChargeBootCapDelayHasElapsedM1
 .text.TSK_SetStopPermanencyTimeM1
                0x0000000008001cfc        0xc build/mc_tasks.o
                0x0000000008001cfc                TSK_SetStopPermanencyTimeM1
 .text.TSK_StopPermanencyTimeHasElapsedM1
                0x0000000008001d08       0x14 build/mc_tasks.o
                0x0000000008001d08                TSK_StopPermanencyTimeHasElapsedM1
 .text.TSK_HighFrequencyTask
                0x0000000008001d1c       0x44 build/mc_tasks.o
                0x0000000008001d1c                TSK_HighFrequencyTask
 .text.TSK_SafetyTask_PWMOFF
                0x0000000008001d60       0xcc build/mc_tasks.o
                0x0000000008001d60                TSK_SafetyTask_PWMOFF
 .text.TSK_SafetyTask
                0x0000000008001e2c       0x28 build/mc_tasks.o
                0x0000000008001e2c                TSK_SafetyTask
 .text.TSK_HardwareFaultTask
                0x0000000008001e54       0x30 build/mc_tasks.o
                0x0000000008001e54                TSK_HardwareFaultTask
 .text.startMediumFrequencyTask
                0x0000000008001e84       0x2c build/mc_tasks.o
                0x0000000008001e84                startMediumFrequencyTask
 .text.StartSafetyTask
                0x0000000008001eb0       0x10 build/mc_tasks.o
                0x0000000008001eb0                StartSafetyTask
 .text.UI_HandleStartStopButton_cb
                0x0000000008001ec0       0x18 build/mc_tasks.o
                0x0000000008001ec0                UI_HandleStartStopButton_cb
 .text.mc_lock_pins
                0x0000000008001ed8      0x144 build/mc_tasks.o
                0x0000000008001ed8                mc_lock_pins
 .text.FOC_Clear
                0x000000000800201c       0x90 build/mc_tasks_foc.o
                0x000000000800201c                FOC_Clear
 .text.FOC_Init
                0x00000000080020ac      0x17c build/mc_tasks_foc.o
                0x00000000080020ac                FOC_Init
 .text.FOC_InitAdditionalMethods
                0x0000000008002228       0x18 build/mc_tasks_foc.o
                0x0000000008002228                FOC_InitAdditionalMethods
 .text.FOC_CalcCurrRef
                0x0000000008002240       0x70 build/mc_tasks_foc.o
                0x0000000008002240                FOC_CalcCurrRef
 .text.TSK_MediumFrequencyTaskM1
                0x00000000080022b0      0x384 build/mc_tasks_foc.o
                0x00000000080022b0                TSK_MediumFrequencyTaskM1
 .text.FOC_HighFrequencyTask
                0x0000000008002634       0x5c build/mc_tasks_foc.o
                0x0000000008002634                FOC_HighFrequencyTask
 .text.PWMC_Clear
                0x0000000008002690       0x10 build/pwm_curr_fdbk.o
                0x0000000008002690                PWMC_Clear
 .text.PWMC_SetPhaseVoltage
                0x00000000080026a0      0x2d0 build/pwm_curr_fdbk.o
                0x00000000080026a0                PWMC_SetPhaseVoltage
 .text.PWMC_SwitchOffPWM
                0x0000000008002970        0x4 build/pwm_curr_fdbk.o
                0x0000000008002970                PWMC_SwitchOffPWM
 .text.PWMC_SwitchOnPWM
                0x0000000008002974        0x4 build/pwm_curr_fdbk.o
                0x0000000008002974                PWMC_SwitchOnPWM
 .text.PWMC_CurrentReadingCalibr
                0x0000000008002978       0x48 build/pwm_curr_fdbk.o
                0x0000000008002978                PWMC_CurrentReadingCalibr
 .text.PWMC_OCP_Handler
                0x00000000080029c0       0x40 build/pwm_curr_fdbk.o
                0x00000000080029c0                PWMC_OCP_Handler
 .text.PWMC_OVP_Handler
                0x0000000008002a00       0x1c build/pwm_curr_fdbk.o
                0x0000000008002a00                PWMC_OVP_Handler
 .text.PWMC_IsFaultOccurred
                0x0000000008002a1c       0x38 build/pwm_curr_fdbk.o
                0x0000000008002a1c                PWMC_IsFaultOccurred
 .text.PWMC_RLDetectionModeEnable
                0x0000000008002a54        0x4 build/pwm_curr_fdbk.o
                0x0000000008002a54                PWMC_RLDetectionModeEnable
 .text.PWMC_RLDetectionModeDisable
                0x0000000008002a58        0x4 build/pwm_curr_fdbk.o
                0x0000000008002a58                PWMC_RLDetectionModeDisable
 .text.PWMC_RLDetectionModeSetDuty
                0x0000000008002a5c        0x4 build/pwm_curr_fdbk.o
                0x0000000008002a5c                PWMC_RLDetectionModeSetDuty
 .text.PWMC_RLTurnOnLowSidesAndStart
                0x0000000008002a60        0x4 build/pwm_curr_fdbk.o
                0x0000000008002a60                PWMC_RLTurnOnLowSidesAndStart
 .text.RCM_RegisterRegConv
                0x0000000008002a64      0x1dc build/regular_conversion_manager.o
                0x0000000008002a64                RCM_RegisterRegConv
 .text.RCM_ExecRegularConv
                0x0000000008002c40      0x194 build/regular_conversion_manager.o
                0x0000000008002c40                RCM_ExecRegularConv
 .text.RCM_ExecUserConv
                0x0000000008002dd4       0x68 build/regular_conversion_manager.o
                0x0000000008002dd4                RCM_ExecUserConv
 .text.RCM_ExecNextConv
                0x0000000008002e3c       0xa0 build/regular_conversion_manager.o
                0x0000000008002e3c                RCM_ExecNextConv
 .text.RCM_ReadOngoingConv
                0x0000000008002edc       0x58 build/regular_conversion_manager.o
                0x0000000008002edc                RCM_ReadOngoingConv
 .text.MCM_Clarke
                0x0000000008002f34       0x54 build/mc_math.o
                0x0000000008002f34                MCM_Clarke
 .text.MCM_Trig_Functions
                0x0000000008002f88       0x2c build/mc_math.o
                0x0000000008002f88                MCM_Trig_Functions
 .text.MCM_Park
                0x0000000008002fb4       0x88 build/mc_math.o
                0x0000000008002fb4                MCM_Park
 .text.MCM_Rev_Park
                0x000000000800303c       0x40 build/mc_math.o
                0x000000000800303c                MCM_Rev_Park
 .text.MCM_Sqrt
                0x000000000800307c       0x20 build/mc_math.o
                0x000000000800307c                MCM_Sqrt
 .text.MCM_floatToIntBit
                0x000000000800309c        0xc build/mc_math.o
                0x000000000800309c                MCM_floatToIntBit
 .text.MCI_ExecSpeedRamp
                0x00000000080030a8       0x14 build/mc_interface.o
                0x00000000080030a8                MCI_ExecSpeedRamp
 .text.MCI_ExecTorqueRamp
                0x00000000080030bc       0x14 build/mc_interface.o
                0x00000000080030bc                MCI_ExecTorqueRamp
 .text.MCI_FaultProcessing
                0x00000000080030d0       0x18 build/mc_interface.o
                0x00000000080030d0                MCI_FaultProcessing
 .text.MCI_ExecBufferedCommands
                0x00000000080030e8       0x78 build/mc_interface.o
                0x00000000080030e8                MCI_ExecBufferedCommands
 .text.MCI_GetSTMState
                0x0000000008003160        0x4 build/mc_interface.o
                0x0000000008003160                MCI_GetSTMState
 .text.MCI_GetOccurredFaults
                0x0000000008003164        0x4 build/mc_interface.o
                0x0000000008003164                MCI_GetOccurredFaults
 .text.MCI_GetCurrentFaults
                0x0000000008003168        0x4 build/mc_interface.o
                0x0000000008003168                MCI_GetCurrentFaults
 .text.MCI_StartMotor
                0x000000000800316c       0x2c build/mc_interface.o
                0x000000000800316c                MCI_StartMotor
 .text.MCI_StopMotor
                0x0000000008003198       0x40 build/mc_interface.o
                0x0000000008003198                MCI_StopMotor
 .text.MCI_FaultAcknowledged
                0x00000000080031d8       0x24 build/mc_interface.o
                0x00000000080031d8                MCI_FaultAcknowledged
 .text.MCI_GetFaultState
                0x00000000080031fc        0xc build/mc_interface.o
                0x00000000080031fc                MCI_GetFaultState
 .text.MCI_GetControlMode
                0x0000000008003208        0x8 build/mc_interface.o
                0x0000000008003208                MCI_GetControlMode
 .text.MCI_GetImposedMotorDirection
                0x0000000008003210       0x44 build/mc_interface.o
                0x0000000008003210                MCI_GetImposedMotorDirection
 .text.MCI_GetLastRampFinalSpeed
                0x0000000008003254        0x8 build/mc_interface.o
                0x0000000008003254                MCI_GetLastRampFinalSpeed
 .text.MCI_GetLastRampFinalDuration
                0x000000000800325c        0x4 build/mc_interface.o
                0x000000000800325c                MCI_GetLastRampFinalDuration
 .text.MCI_StopRamp
                0x0000000008003260        0xc build/mc_interface.o
                0x0000000008003260                MCI_StopRamp
 .text.MCI_GetAvrgMecSpeedUnit
                0x000000000800326c        0x8 build/mc_interface.o
                0x000000000800326c                MCI_GetAvrgMecSpeedUnit
 .text.MCI_GetMecSpeedRefUnit
                0x0000000008003274        0x8 build/mc_interface.o
                0x0000000008003274                MCI_GetMecSpeedRefUnit
 .text.MCI_GetVqd
                0x000000000800327c       0x1c build/mc_interface.o
                0x000000000800327c                MCI_GetVqd
 .text.MCI_GetValphabeta
                0x0000000008003298       0x1c build/mc_interface.o
                0x0000000008003298                MCI_GetValphabeta
 .text.MCI_GetTeref
                0x00000000080032b4        0x8 build/mc_interface.o
                0x00000000080032b4                MCI_GetTeref
 .text.MCI_Clear_Iqdref
                0x00000000080032bc       0x14 build/mc_interface.o
                0x00000000080032bc                MCI_Clear_Iqdref
 .text.MCI_Clear_PerfMeasure
                0x00000000080032d0        0x8 build/mc_interface.o
                0x00000000080032d0                MCI_Clear_PerfMeasure
 .text.HardFault_Handler
                0x00000000080032d8        0x8 build/stm32_mc_common_it.o
                0x00000000080032d8                HardFault_Handler
 .text.EXTI15_10_IRQHandler
                0x00000000080032e0       0x18 build/stm32_mc_common_it.o
                0x00000000080032e0                EXTI15_10_IRQHandler
 .text.ADC1_2_IRQHandler
                0x00000000080032f8        0xc build/stm32g4xx_mc_it.o
                0x00000000080032f8                ADC1_2_IRQHandler
 .text.TIM1_UP_TIM16_IRQHandler
                0x0000000008003304       0x18 build/stm32g4xx_mc_it.o
                0x0000000008003304                TIM1_UP_TIM16_IRQHandler
 .text.TIM1_BRK_TIM15_IRQHandler
                0x000000000800331c       0x3c build/stm32g4xx_mc_it.o
                0x000000000800331c                TIM1_BRK_TIM15_IRQHandler
 .text.USART1_IRQHandler
                0x0000000008003358        0x4 build/stm32g4xx_mc_it.o
                0x0000000008003358                USART1_IRQHandler
 .text.DMA1_Channel1_IRQHandler
                0x000000000800335c       0x2c build/stm32g4xx_mc_it.o
                0x000000000800335c                DMA1_Channel1_IRQHandler
 .text.DMA1_Channel2_IRQHandler
                0x0000000008003388       0x38 build/stm32g4xx_mc_it.o
                0x0000000008003388                DMA1_Channel2_IRQHandler
 .text.RI_SetRegisterGlobal
                0x00000000080033c0       0xa8 build/register_interface.o
                0x00000000080033c0                RI_SetRegisterGlobal
 .text.RI_SetRegisterMotor1
                0x0000000008003468      0x4c4 build/register_interface.o
                0x0000000008003468                RI_SetRegisterMotor1
 .text.RI_GetRegisterGlobal
                0x000000000800392c      0x12c build/register_interface.o
                0x000000000800392c                RI_GetRegisterGlobal
 .text.RI_GetRegisterMotor1
                0x0000000008003a58      0x73c build/register_interface.o
                0x0000000008003a58                RI_GetRegisterMotor1
 .text.RI_SetRegCommandParser
                0x0000000008004194       0xdc build/mcp.o
                0x0000000008004194                RI_SetRegCommandParser
 .text.RI_GetRegCommandParser
                0x0000000008004270       0x98 build/mcp.o
                0x0000000008004270                RI_GetRegCommandParser
 .text.MCP_ReceivedPacket
                0x0000000008004308      0x1b8 build/mcp.o
                0x0000000008004308                MCP_ReceivedPacket
 .text.MC_Perf_Measure_Init
                0x00000000080044c0       0x44 build/mc_perf.o
                0x00000000080044c0                MC_Perf_Measure_Init
 .text.MC_Perf_Clear
                0x0000000008004504       0x18 build/mc_perf.o
                0x0000000008004504                MC_Perf_Clear
 .text.MC_BG_Perf_Measure_Start
                0x000000000800451c       0x18 build/mc_perf.o
                0x000000000800451c                MC_BG_Perf_Measure_Start
 .text.MC_Perf_Measure_Stop
                0x0000000008004534       0x44 build/mc_perf.o
                0x0000000008004534                MC_Perf_Measure_Stop
 .text.MC_BG_Perf_Measure_Stop
                0x0000000008004578       0x4c build/mc_perf.o
                0x0000000008004578                MC_BG_Perf_Measure_Stop
 .text.MC_Perf_GetCPU_Load
                0x00000000080045c4       0x58 build/mc_perf.o
                0x00000000080045c4                MC_Perf_GetCPU_Load
 .text.MC_Perf_GetMaxCPU_Load
                0x000000000800461c       0x60 build/mc_perf.o
                0x000000000800461c                MC_Perf_GetMaxCPU_Load
 .text.MC_Perf_GetMinCPU_Load
                0x000000000800467c       0x7c build/mc_perf.o
                0x000000000800467c                MC_Perf_GetMinCPU_Load
 .text.UASPEP_INIT
                0x00000000080046f8       0x84 build/usart_aspep_driver.o
                0x00000000080046f8                UASPEP_INIT
 .text.UASPEP_CFG_TRANSMISSION
                0x000000000800477c       0x38 build/usart_aspep_driver.o
                0x000000000800477c                UASPEP_CFG_TRANSMISSION
 .text.UASPEP_CFG_RECEPTION
                0x00000000080047b4       0x38 build/usart_aspep_driver.o
                0x00000000080047b4                UASPEP_CFG_RECEPTION
 .text.UASPEP_IDLE_ENABLE
                0x00000000080047ec       0x18 build/usart_aspep_driver.o
                0x00000000080047ec                UASPEP_IDLE_ENABLE
 .text.ASPEP_start
                0x0000000008004804       0x28 build/aspep.o
                0x0000000008004804                ASPEP_start
 .text.ASPEP_sendBeacon
                0x000000000800482c       0x8c build/aspep.o
                0x000000000800482c                ASPEP_sendBeacon
 .text.ASPEP_sendPing
                0x00000000080048b8       0x90 build/aspep.o
                0x00000000080048b8                ASPEP_sendPing
 .text.ASPEP_getBuffer
                0x0000000008004948       0x6c build/aspep.o
                0x0000000008004948                ASPEP_getBuffer
 .text.ASPEP_sendPacket
                0x00000000080049b4      0x118 build/aspep.o
                0x00000000080049b4                ASPEP_sendPacket
 .text.ASPEP_RXframeProcess
                0x0000000008004acc      0x2ac build/aspep.o
                0x0000000008004acc                ASPEP_RXframeProcess
 .text.ASPEP_HWDataReceivedIT
                0x0000000008004d78       0x9c build/aspep.o
                0x0000000008004d78                ASPEP_HWDataReceivedIT
 .text.MC_APP_BootHook
                0x0000000008004e14        0x4 build/mc_app_hooks.o
                0x0000000008004e14                MC_APP_BootHook
 .text.MC_APP_PostMediumFrequencyHook_M1
                0x0000000008004e18        0x4 build/mc_app_hooks.o
                0x0000000008004e18                MC_APP_PostMediumFrequencyHook_M1
 .text.TIM6_DAC_IRQHandler
                0x0000000008004e1c        0xc build/stm32g4xx_it.o
                0x0000000008004e1c                TIM6_DAC_IRQHandler
 .text.HAL_MspInit
                0x0000000008004e28       0x44 build/stm32g4xx_hal_msp.o
                0x0000000008004e28                HAL_MspInit
 .text.HAL_InitTick
                0x0000000008004e6c       0x94 build/stm32g4xx_hal_timebase_tim.o
                0x0000000008004e6c                HAL_InitTick
 .text.VESC_ExecuteCommand
                0x0000000008004f00       0x44 build/vesc_commands.o
                0x0000000008004f00                VESC_ExecuteCommand
 *fill*         0x0000000008004f44        0x4 
 .text.VESC_UART_Init
                0x0000000008004f48      0x1d0 build/vesc_uart.o
                0x0000000008004f48                VESC_UART_Init
 .text.VESC_ProcessPacket
                0x0000000008005118       0xe4 build/vesc_uart.o
                0x0000000008005118                VESC_ProcessPacket
 .text.VESC_SendPacket
                0x00000000080051fc      0x134 build/vesc_uart.o
                0x00000000080051fc                VESC_SendPacket
 .text.VESC_UART_IRQHandler
                0x0000000008005330       0x78 build/vesc_uart.o
                0x0000000008005330                VESC_UART_IRQHandler
 .text.LL_SetSystemCoreClock
                0x00000000080053a8        0xc build/stm32g4xx_ll_utils.o
                0x00000000080053a8                LL_SetSystemCoreClock
 .text.LL_EXTI_Init
                0x00000000080053b4      0x174 build/stm32g4xx_ll_exti.o
                0x00000000080053b4                LL_EXTI_Init
 .text.LL_GPIO_Init
                0x0000000008005528      0x1c0 build/stm32g4xx_ll_gpio.o
                0x0000000008005528                LL_GPIO_Init
 .text.LL_ADC_CommonInit
                0x00000000080056e8       0x54 build/stm32g4xx_ll_adc.o
                0x00000000080056e8                LL_ADC_CommonInit
 .text.LL_ADC_Init
                0x000000000800573c       0x34 build/stm32g4xx_ll_adc.o
                0x000000000800573c                LL_ADC_Init
 .text.LL_ADC_REG_Init
                0x0000000008005770       0x60 build/stm32g4xx_ll_adc.o
                0x0000000008005770                LL_ADC_REG_Init
 .text.LL_ADC_INJ_Init
                0x00000000080057d0       0x48 build/stm32g4xx_ll_adc.o
                0x00000000080057d0                LL_ADC_INJ_Init
 .text.HAL_Init
                0x0000000008005818       0x30 build/stm32g4xx_hal.o
                0x0000000008005818                HAL_Init
 .text.HAL_IncTick
                0x0000000008005848       0x18 build/stm32g4xx_hal.o
                0x0000000008005848                HAL_IncTick
 .text.HAL_RCC_GetHCLKFreq
                0x0000000008005860        0xc build/stm32g4xx_hal_rcc.o
                0x0000000008005860                HAL_RCC_GetHCLKFreq
 .text.HAL_RCC_GetPCLK1Freq
                0x000000000800586c       0x24 build/stm32g4xx_hal_rcc.o
                0x000000000800586c                HAL_RCC_GetPCLK1Freq
 .text.HAL_RCC_GetClockConfig
                0x0000000008005890       0x44 build/stm32g4xx_hal_rcc.o
                0x0000000008005890                HAL_RCC_GetClockConfig
 .text.HAL_PWREx_DisableUCPDDeadBattery
                0x00000000080058d4       0x10 build/stm32g4xx_hal_pwr_ex.o
                0x00000000080058d4                HAL_PWREx_DisableUCPDDeadBattery
 .text.HAL_NVIC_SetPriorityGrouping
                0x00000000080058e4       0x24 build/stm32g4xx_hal_cortex.o
                0x00000000080058e4                HAL_NVIC_SetPriorityGrouping
 .text.HAL_NVIC_SetPriority
                0x0000000008005908       0x7c build/stm32g4xx_hal_cortex.o
                0x0000000008005908                HAL_NVIC_SetPriority
 .text.HAL_NVIC_EnableIRQ
                0x0000000008005984       0x1c build/stm32g4xx_hal_cortex.o
                0x0000000008005984                HAL_NVIC_EnableIRQ
 .text.HAL_NVIC_SystemReset
                0x00000000080059a0       0x24 build/stm32g4xx_hal_cortex.o
                0x00000000080059a0                HAL_NVIC_SystemReset
 .text.HAL_SYSTICK_Config
                0x00000000080059c4       0x34 build/stm32g4xx_hal_cortex.o
                0x00000000080059c4                HAL_SYSTICK_Config
 .text.LL_COMP_Init
                0x00000000080059f8       0x34 build/stm32g4xx_ll_comp.o
                0x00000000080059f8                LL_COMP_Init
 .text.LL_RCC_GetSystemClocksFreq
                0x0000000008005a2c       0xa4 build/stm32g4xx_ll_rcc.o
                0x0000000008005a2c                LL_RCC_GetSystemClocksFreq
 .text.LL_RCC_GetUSARTClockFreq
                0x0000000008005ad0      0x22c build/stm32g4xx_ll_rcc.o
                0x0000000008005ad0                LL_RCC_GetUSARTClockFreq
 .text.LL_RCC_GetUARTClockFreq
                0x0000000008005cfc      0x11c build/stm32g4xx_ll_rcc.o
                0x0000000008005cfc                LL_RCC_GetUARTClockFreq
 .text.LL_DAC_Init
                0x0000000008005e18       0xb4 build/stm32g4xx_ll_dac.o
                0x0000000008005e18                LL_DAC_Init
 .text.LL_I2C_Init
                0x0000000008005ecc       0x70 build/stm32g4xx_ll_i2c.o
                0x0000000008005ecc                LL_I2C_Init
 .text.LL_OPAMP_Init
                0x0000000008005f3c       0x54 build/stm32g4xx_ll_opamp.o
                0x0000000008005f3c                LL_OPAMP_Init
 .text.HAL_TIM_Base_MspInit
                0x0000000008005f90        0x4 build/stm32g4xx_hal_tim.o
                0x0000000008005f90                HAL_TIM_Base_MspInit
 .text.HAL_TIM_Base_Init
                0x0000000008005f94      0x120 build/stm32g4xx_hal_tim.o
                0x0000000008005f94                HAL_TIM_Base_Init
 .text.HAL_TIM_Base_Start_IT
                0x00000000080060b4       0x74 build/stm32g4xx_hal_tim.o
                0x00000000080060b4                HAL_TIM_Base_Start_IT
 .text.HAL_TIM_OC_DelayElapsedCallback
                0x0000000008006128        0x4 build/stm32g4xx_hal_tim.o
                0x0000000008006128                HAL_TIM_OC_DelayElapsedCallback
 .text.HAL_TIM_IC_CaptureCallback
                0x000000000800612c        0x4 build/stm32g4xx_hal_tim.o
                0x000000000800612c                HAL_TIM_IC_CaptureCallback
 .text.HAL_TIM_PWM_PulseFinishedCallback
                0x0000000008006130        0x4 build/stm32g4xx_hal_tim.o
                0x0000000008006130                HAL_TIM_PWM_PulseFinishedCallback
 .text.HAL_TIM_TriggerCallback
                0x0000000008006134        0x4 build/stm32g4xx_hal_tim.o
                0x0000000008006134                HAL_TIM_TriggerCallback
 .text.HAL_TIM_IRQHandler
                0x0000000008006138      0x1c4 build/stm32g4xx_hal_tim.o
                0x0000000008006138                HAL_TIM_IRQHandler
 .text.HAL_TIMEx_CommutCallback
                0x00000000080062fc        0x4 build/stm32g4xx_hal_tim_ex.o
                0x00000000080062fc                HAL_TIMEx_CommutCallback
 .text.HAL_TIMEx_BreakCallback
                0x0000000008006300        0x4 build/stm32g4xx_hal_tim_ex.o
                0x0000000008006300                HAL_TIMEx_BreakCallback
 .text.HAL_TIMEx_Break2Callback
                0x0000000008006304        0x4 build/stm32g4xx_hal_tim_ex.o
                0x0000000008006304                HAL_TIMEx_Break2Callback
 .text.HAL_TIMEx_EncoderIndexCallback
                0x0000000008006308        0x4 build/stm32g4xx_hal_tim_ex.o
                0x0000000008006308                HAL_TIMEx_EncoderIndexCallback
 .text.HAL_TIMEx_DirectionChangeCallback
                0x000000000800630c        0x4 build/stm32g4xx_hal_tim_ex.o
                0x000000000800630c                HAL_TIMEx_DirectionChangeCallback
 .text.HAL_TIMEx_IndexErrorCallback
                0x0000000008006310        0x4 build/stm32g4xx_hal_tim_ex.o
                0x0000000008006310                HAL_TIMEx_IndexErrorCallback
 .text.HAL_TIMEx_TransitionErrorCallback
                0x0000000008006314        0x4 build/stm32g4xx_hal_tim_ex.o
                0x0000000008006314                HAL_TIMEx_TransitionErrorCallback
 .text.LL_TIM_Init
                0x0000000008006318       0xa8 build/stm32g4xx_ll_tim.o
                0x0000000008006318                LL_TIM_Init
 .text.LL_TIM_OC_Init
                0x00000000080063c0      0x358 build/stm32g4xx_ll_tim.o
                0x00000000080063c0                LL_TIM_OC_Init
 .text.LL_TIM_BDTR_Init
                0x0000000008006718       0x88 build/stm32g4xx_ll_tim.o
                0x0000000008006718                LL_TIM_BDTR_Init
 .text.LL_USART_Init
                0x00000000080067a0       0xf8 build/stm32g4xx_ll_usart.o
                0x00000000080067a0                LL_USART_Init
 .text.SystemInit
                0x0000000008006898       0x14 build/system_stm32g4xx.o
                0x0000000008006898                SystemInit
 .text.vListInitialise
                0x00000000080068ac       0x18 build/list.o
                0x00000000080068ac                vListInitialise
 .text.vListInitialiseItem
                0x00000000080068c4        0x8 build/list.o
                0x00000000080068c4                vListInitialiseItem
 .text.vListInsertEnd
                0x00000000080068cc       0x20 build/list.o
                0x00000000080068cc                vListInsertEnd
 .text.vListInsert
                0x00000000080068ec       0x30 build/list.o
                0x00000000080068ec                vListInsert
 .text.uxListRemove
                0x000000000800691c       0x28 build/list.o
                0x000000000800691c                uxListRemove
 .text.prvIdleTask
                0x0000000008006944       0x6c build/tasks.o
 .text.prvAddCurrentTaskToDelayedList
                0x00000000080069b0       0x8c build/tasks.o
 .text.xTaskIncrementTick.part.0
                0x0000000008006a3c      0x154 build/tasks.o
 .text.xTaskResumeAll.part.0
                0x0000000008006b90      0x144 build/tasks.o
 .text.xTaskCreate
                0x0000000008006cd4      0x260 build/tasks.o
                0x0000000008006cd4                xTaskCreate
 .text.vTaskDelay
                0x0000000008006f34       0x60 build/tasks.o
                0x0000000008006f34                vTaskDelay
 .text.vTaskStartScheduler
                0x0000000008006f94      0x1cc build/tasks.o
                0x0000000008006f94                vTaskStartScheduler
 .text.vTaskSuspendAll
                0x0000000008007160       0x10 build/tasks.o
                0x0000000008007160                vTaskSuspendAll
 .text.xTaskResumeAll
                0x0000000008007170       0x20 build/tasks.o
                0x0000000008007170                xTaskResumeAll
 .text.xTaskIncrementTick
                0x0000000008007190       0x20 build/tasks.o
                0x0000000008007190                xTaskIncrementTick
 .text.vTaskSwitchContext
                0x00000000080071b0       0x70 build/tasks.o
                0x00000000080071b0                vTaskSwitchContext
 .text.osKernelStart
                0x0000000008007220        0xc build/cmsis_os.o
                0x0000000008007220                osKernelStart
 .text.osThreadCreate
                0x000000000800722c       0x38 build/cmsis_os.o
                0x000000000800722c                osThreadCreate
 .text.pvPortMalloc
                0x0000000008007264      0x170 build/heap_4.o
                0x0000000008007264                pvPortMalloc
 .text.vPortFree
                0x00000000080073d4       0xc4 build/heap_4.o
                0x00000000080073d4                vPortFree
 .text.prvPortStartFirstTask
                0x0000000008007498       0x28 build/port.o
 .text.vPortEnableVFP
                0x00000000080074c0       0x14 build/port.o
 .text.prvTaskExitError
                0x00000000080074d4       0x40 build/port.o
 .text.pxPortInitialiseStack
                0x0000000008007514       0x28 build/port.o
                0x0000000008007514                pxPortInitialiseStack
 *fill*         0x000000000800753c        0x4 
 .text.SVC_Handler
                0x0000000008007540       0x24 build/port.o
                0x0000000008007540                SVC_Handler
 .text.vPortEnterCritical
                0x0000000008007564       0x44 build/port.o
                0x0000000008007564                vPortEnterCritical
 .text.vPortExitCritical
                0x00000000080075a8       0x28 build/port.o
                0x00000000080075a8                vPortExitCritical
 .text.PendSV_Handler
                0x00000000080075d0       0x64 build/port.o
                0x00000000080075d0                PendSV_Handler
 .text.SysTick_Handler
                0x0000000008007634       0x2c build/port.o
                0x0000000008007634                SysTick_Handler
 .text.xPortStartScheduler
                0x0000000008007660      0x140 build/port.o
                0x0000000008007660                xPortStartScheduler
 .text.STSPIN32G4_readReg.part.0
                0x00000000080077a0      0x118 build/stspin32g4.o
 .text.STSPIN32G4_writeReg.part.0
                0x00000000080078b8      0x10c build/stspin32g4.o
 .text.STSPIN32G4_init
                0x00000000080079c4       0x14 build/stspin32g4.o
                0x00000000080079c4                STSPIN32G4_init
 .text.STSPIN32G4_setVCC
                0x00000000080079d8      0x1c0 build/stspin32g4.o
                0x00000000080079d8                STSPIN32G4_setVCC
 .text.STSPIN32G4_setVDSP
                0x0000000008007b98      0x148 build/stspin32g4.o
                0x0000000008007b98                STSPIN32G4_setVDSP
 .text.STSPIN32G4_clearFaults
                0x0000000008007ce0       0x14 build/stspin32g4.o
                0x0000000008007ce0                STSPIN32G4_clearFaults
 .text.STSPIN32G4_reset
                0x0000000008007cf4       0x4c build/stspin32g4.o
                0x0000000008007cf4                STSPIN32G4_reset
 .text.VBS_GetAvBusVoltage_V
                0x0000000008007d40        0xc build/bus_voltage_sensor.o
                0x0000000008007d40                VBS_GetAvBusVoltage_V
 .text.Circle_Limitation
                0x0000000008007d4c       0x60 build/circle_limitation.o
                0x0000000008007d4c                Circle_Limitation
 .text.FF_Init  0x0000000008007dac       0x1c build/feed_forward_ctrl.o
                0x0000000008007dac                FF_Init
 .text.FF_Clear
                0x0000000008007dc8        0x8 build/feed_forward_ctrl.o
                0x0000000008007dc8                FF_Clear
 .text.FF_VqdffComputation
                0x0000000008007dd0       0xb0 build/feed_forward_ctrl.o
                0x0000000008007dd0                FF_VqdffComputation
 .text.FF_InitFOCAdditionalMethods
                0x0000000008007e80       0x1c build/feed_forward_ctrl.o
                0x0000000008007e80                FF_InitFOCAdditionalMethods
 .text.FF_GetVqdff
                0x0000000008007e9c       0x18 build/feed_forward_ctrl.o
                0x0000000008007e9c                FF_GetVqdff
 .text.FF_GetVqdAvPIout
                0x0000000008007eb4       0x18 build/feed_forward_ctrl.o
                0x0000000008007eb4                FF_GetVqdAvPIout
 .text.NTC_SetFaultState
                0x0000000008007ecc       0x2c build/ntc_temperature_sensor.o
                0x0000000008007ecc                NTC_SetFaultState
 .text.NTC_Init
                0x0000000008007ef8       0x24 build/ntc_temperature_sensor.o
                0x0000000008007ef8                NTC_Init
 .text.NTC_CalcAvTemp
                0x0000000008007f1c       0x30 build/ntc_temperature_sensor.o
                0x0000000008007f1c                NTC_CalcAvTemp
 .text.NTC_GetAvTemp_C
                0x0000000008007f4c       0x24 build/ntc_temperature_sensor.o
                0x0000000008007f4c                NTC_GetAvTemp_C
 .text.PID_HandleInit
                0x0000000008007f70       0x10 build/pid_regulator.o
                0x0000000008007f70                PID_HandleInit
 .text.PID_SetKP
                0x0000000008007f80        0x4 build/pid_regulator.o
                0x0000000008007f80                PID_SetKP
 .text.PID_SetKI
                0x0000000008007f84        0x4 build/pid_regulator.o
                0x0000000008007f84                PID_SetKI
 .text.PID_GetKP
                0x0000000008007f88        0x8 build/pid_regulator.o
                0x0000000008007f88                PID_GetKP
 .text.PID_GetKI
                0x0000000008007f90        0x8 build/pid_regulator.o
                0x0000000008007f90                PID_GetKI
 .text.PID_SetIntegralTerm
                0x0000000008007f98        0x4 build/pid_regulator.o
                0x0000000008007f98                PID_SetIntegralTerm
 .text.PID_SetKPDivisorPOW2
                0x0000000008007f9c        0xc build/pid_regulator.o
                0x0000000008007f9c                PID_SetKPDivisorPOW2
 .text.PID_GetKIDivisor
                0x0000000008007fa8        0x4 build/pid_regulator.o
                0x0000000008007fa8                PID_GetKIDivisor
 .text.PID_SetLowerIntegralTermLimit
                0x0000000008007fac        0x4 build/pid_regulator.o
                0x0000000008007fac                PID_SetLowerIntegralTermLimit
 .text.PID_SetUpperIntegralTermLimit
                0x0000000008007fb0        0x4 build/pid_regulator.o
                0x0000000008007fb0                PID_SetUpperIntegralTermLimit
 .text.PID_SetKIDivisorPOW2
                0x0000000008007fb4       0x28 build/pid_regulator.o
                0x0000000008007fb4                PID_SetKIDivisorPOW2
 .text.PID_SetKD
                0x0000000008007fdc        0x4 build/pid_regulator.o
                0x0000000008007fdc                PID_SetKD
 .text.PID_GetKD
                0x0000000008007fe0        0x8 build/pid_regulator.o
                0x0000000008007fe0                PID_GetKD
 .text.PI_Controller
                0x0000000008007fe8       0x8c build/pid_regulator.o
                0x0000000008007fe8                PI_Controller
 .text.PQD_CalcElMotorPower
                0x0000000008008074       0x38 build/pqd_motor_power_measurement.o
                0x0000000008008074                PQD_CalcElMotorPower
 .text.PQD_GetAvrgElMotorPowerW
                0x00000000080080ac       0x34 build/pqd_motor_power_measurement.o
                0x00000000080080ac                PQD_GetAvrgElMotorPowerW
 .text.RVBS_Clear
                0x00000000080080e0       0x3c build/r_divider_bus_voltage_sensor.o
                0x00000000080080e0                RVBS_Clear
 .text.RVBS_Init
                0x000000000800811c        0x8 build/r_divider_bus_voltage_sensor.o
                0x000000000800811c                RVBS_Init
 .text.RVBS_CheckFaultState
                0x0000000008008124       0x4c build/r_divider_bus_voltage_sensor.o
                0x0000000008008124                RVBS_CheckFaultState
 .text.RVBS_CalcAvVbus
                0x0000000008008170       0x5c build/r_divider_bus_voltage_sensor.o
                0x0000000008008170                RVBS_CalcAvVbus
 .text.REMNG_Init
                0x00000000080081cc       0x10 build/ramp_ext_mngr.o
                0x00000000080081cc                REMNG_Init
 .text.REMNG_Calc
                0x00000000080081dc       0x44 build/ramp_ext_mngr.o
                0x00000000080081dc                REMNG_Calc
 .text.REMNG_RampCompleted
                0x0000000008008220        0xc build/ramp_ext_mngr.o
                0x0000000008008220                REMNG_RampCompleted
 .text.REMNG_StopRamp
                0x000000000800822c        0x8 build/ramp_ext_mngr.o
                0x000000000800822c                REMNG_StopRamp
 .text.getScalingFactor
                0x0000000008008234       0x2c build/ramp_ext_mngr.o
                0x0000000008008234                getScalingFactor
 .text.REMNG_ExecRamp
                0x0000000008008260       0x88 build/ramp_ext_mngr.o
                0x0000000008008260                REMNG_ExecRamp
 .text.RUC_Init
                0x00000000080082e8       0x70 build/revup_ctrl.o
                0x00000000080082e8                RUC_Init
 .text.RUC_Clear
                0x0000000008008358       0x90 build/revup_ctrl.o
                0x0000000008008358                RUC_Clear
 .text.RUC_Exec
                0x00000000080083e8       0x6c build/revup_ctrl.o
                0x00000000080083e8                RUC_Exec
 .text.RUC_FirstAccelerationStageReached
                0x0000000008008454       0x14 build/revup_ctrl.o
                0x0000000008008454                RUC_FirstAccelerationStageReached
 .text.RUC_SetPhaseDurationms
                0x0000000008008468        0xc build/revup_ctrl.o
                0x0000000008008468                RUC_SetPhaseDurationms
 .text.RUC_SetPhaseFinalMecSpeedUnit
                0x0000000008008474        0xc build/revup_ctrl.o
                0x0000000008008474                RUC_SetPhaseFinalMecSpeedUnit
 .text.RUC_SetPhaseFinalTorque
                0x0000000008008480        0xc build/revup_ctrl.o
                0x0000000008008480                RUC_SetPhaseFinalTorque
 .text.SPD_GetAvrgMecSpeedUnit
                0x000000000800848c        0x8 build/speed_pos_fdbk.o
                0x000000000800848c                SPD_GetAvrgMecSpeedUnit
 .text.SPD_GetElSpeedDpp
                0x0000000008008494        0x8 build/speed_pos_fdbk.o
                0x0000000008008494                SPD_GetElSpeedDpp
 .text.SPD_IsMecSpeedReliable
                0x000000000800849c       0x6c build/speed_pos_fdbk.o
                0x000000000800849c                SPD_IsMecSpeedReliable
 .text.SPD_GetS16Speed
                0x0000000008008508       0x14 build/speed_pos_fdbk.o
                0x0000000008008508                SPD_GetS16Speed
 .text.SPD_GetElToMecRatio
                0x000000000800851c        0x4 build/speed_pos_fdbk.o
                0x000000000800851c                SPD_GetElToMecRatio
 .text.SPD_SetElToMecRatio
                0x0000000008008520        0x4 build/speed_pos_fdbk.o
                0x0000000008008520                SPD_SetElToMecRatio
 .text.STC_Init
                0x0000000008008524       0x2c build/speed_torq_ctrl.o
                0x0000000008008524                STC_Init
 .text.STC_SetSpeedSensor
                0x0000000008008550        0x4 build/speed_torq_ctrl.o
                0x0000000008008550                STC_SetSpeedSensor
 .text.STC_Clear
                0x0000000008008554       0x10 build/speed_torq_ctrl.o
                0x0000000008008554                STC_Clear
 .text.STC_GetMecSpeedRefUnit
                0x0000000008008564        0x8 build/speed_torq_ctrl.o
                0x0000000008008564                STC_GetMecSpeedRefUnit
 .text.STC_SetControlMode
                0x000000000800856c        0x8 build/speed_torq_ctrl.o
                0x000000000800856c                STC_SetControlMode
 .text.STC_ExecRamp
                0x0000000008008574       0x90 build/speed_torq_ctrl.o
                0x0000000008008574                STC_ExecRamp
 .text.STC_CalcTorqueReference
                0x0000000008008604       0x54 build/speed_torq_ctrl.o
                0x0000000008008604                STC_CalcTorqueReference
 .text.STC_GetDefaultIqdref
                0x0000000008008658       0x1c build/speed_torq_ctrl.o
                0x0000000008008658                STC_GetDefaultIqdref
 .text.STC_ForceSpeedReferenceToCurrentSpeed
                0x0000000008008674       0x10 build/speed_torq_ctrl.o
                0x0000000008008674                STC_ForceSpeedReferenceToCurrentSpeed
 .text.STO_PLL_CalcElAngle
                0x0000000008008684      0x1f0 build/sto_pll_speed_pos_fdbk.o
                0x0000000008008684                STO_PLL_CalcElAngle
 .text.STO_PLL_CalcAvrgMecSpeedUnit
                0x0000000008008874      0x150 build/sto_pll_speed_pos_fdbk.o
                0x0000000008008874                STO_PLL_CalcAvrgMecSpeedUnit
 .text.STO_PLL_CalcAvrgElSpeedDpp
                0x00000000080089c4       0x64 build/sto_pll_speed_pos_fdbk.o
                0x00000000080089c4                STO_PLL_CalcAvrgElSpeedDpp
 .text.STO_PLL_Clear
                0x0000000008008a28       0x4c build/sto_pll_speed_pos_fdbk.o
                0x0000000008008a28                STO_PLL_Clear
 .text.STO_PLL_Init
                0x0000000008008a74       0x74 build/sto_pll_speed_pos_fdbk.o
                0x0000000008008a74                STO_PLL_Init
 .text.STO_PLL_IsObserverConverged
                0x0000000008008ae8       0xc4 build/sto_pll_speed_pos_fdbk.o
                0x0000000008008ae8                STO_PLL_IsObserverConverged
 .text.STO_PLL_GetEstimatedBemf
                0x0000000008008bac       0x18 build/sto_pll_speed_pos_fdbk.o
                0x0000000008008bac                STO_PLL_GetEstimatedBemf
 .text.STO_PLL_GetObserverGains
                0x0000000008008bc4       0x10 build/sto_pll_speed_pos_fdbk.o
                0x0000000008008bc4                STO_PLL_GetObserverGains
 .text.STO_PLL_SetObserverGains
                0x0000000008008bd4        0x8 build/sto_pll_speed_pos_fdbk.o
                0x0000000008008bd4                STO_PLL_SetObserverGains
 .text.STO_OTF_ResetPLL
                0x0000000008008bdc        0xc build/sto_pll_speed_pos_fdbk.o
                0x0000000008008bdc                STO_OTF_ResetPLL
 .text.STO_PLL_IsVarianceTight
                0x0000000008008be8        0x8 build/sto_pll_speed_pos_fdbk.o
                0x0000000008008be8                STO_PLL_IsVarianceTight
 .text.STO_PLL_ForceConvergency1
                0x0000000008008bf0        0xc build/sto_pll_speed_pos_fdbk.o
                0x0000000008008bf0                STO_PLL_ForceConvergency1
 .text.STO_PLL_ForceConvergency2
                0x0000000008008bfc        0xc build/sto_pll_speed_pos_fdbk.o
                0x0000000008008bfc                STO_PLL_ForceConvergency2
 .text.STO_SetDirection
                0x0000000008008c08        0x8 build/sto_pll_speed_pos_fdbk.o
                0x0000000008008c08                STO_SetDirection
 .text.VSS_Clear
                0x0000000008008c10       0x1c build/virtual_speed_sensor.o
                0x0000000008008c10                VSS_Clear
 .text.VSS_Init
                0x0000000008008c2c        0x8 build/virtual_speed_sensor.o
                0x0000000008008c2c                VSS_Init
 .text.VSS_CalcElAngle
                0x0000000008008c34       0xa8 build/virtual_speed_sensor.o
                0x0000000008008c34                VSS_CalcElAngle
 .text.VSS_CalcAvrgMecSpeedUnit
                0x0000000008008cdc       0xa4 build/virtual_speed_sensor.o
                0x0000000008008cdc                VSS_CalcAvrgMecSpeedUnit
 .text.VSS_SetMecAcceleration
                0x0000000008008d80       0x90 build/virtual_speed_sensor.o
                0x0000000008008d80                VSS_SetMecAcceleration
 .text.VSS_SetStartTransition
                0x0000000008008e10       0x1c build/virtual_speed_sensor.o
                0x0000000008008e10                VSS_SetStartTransition
 .text.VSS_TransitionEnded
                0x0000000008008e2c        0x8 build/virtual_speed_sensor.o
                0x0000000008008e2c                VSS_TransitionEnded
 .text.R3_2_ADCxInit
                0x0000000008008e34       0xbc build/r3_2_g4xx_pwm_curr_fdbk.o
 .text.R3_2_GetPhaseCurrents
                0x0000000008008ef0      0x18c build/r3_2_g4xx_pwm_curr_fdbk.o
                0x0000000008008ef0                R3_2_GetPhaseCurrents
 .text.R3_2_SetADCSampPointPolarization
                0x000000000800907c       0x44 build/r3_2_g4xx_pwm_curr_fdbk.o
                0x000000000800907c                R3_2_SetADCSampPointPolarization
 .text.R3_2_HFCurrentsPolarizationAB
                0x00000000080090c0       0x58 build/r3_2_g4xx_pwm_curr_fdbk.o
 .text.R3_2_HFCurrentsPolarizationC
                0x0000000008009118       0x4c build/r3_2_g4xx_pwm_curr_fdbk.o
 .text.R3_2_SwitchOnPWM
                0x0000000008009164       0x98 build/r3_2_g4xx_pwm_curr_fdbk.o
                0x0000000008009164                R3_2_SwitchOnPWM
 .text.R3_2_SwitchOffPWM
                0x00000000080091fc       0x7c build/r3_2_g4xx_pwm_curr_fdbk.o
                0x00000000080091fc                R3_2_SwitchOffPWM
 .text.R3_2_RLGetPhaseCurrents
                0x0000000008009278       0x5c build/r3_2_g4xx_pwm_curr_fdbk.o
 .text.R3_2_RLSwitchOnPWM
                0x00000000080092d4       0xb4 build/r3_2_g4xx_pwm_curr_fdbk.o
 .text.R3_2_TurnOnLowSides
                0x0000000008009388       0x54 build/r3_2_g4xx_pwm_curr_fdbk.o
                0x0000000008009388                R3_2_TurnOnLowSides
 .text.R3_2_SetAOReferenceVoltage
                0x00000000080093dc       0x98 build/r3_2_g4xx_pwm_curr_fdbk.o
 .text.R3_2_RLTurnOnLowSides
                0x0000000008009474       0x50 build/r3_2_g4xx_pwm_curr_fdbk.o
 .text.R3_2_Init
                0x00000000080094c4      0x28c build/r3_2_g4xx_pwm_curr_fdbk.o
                0x00000000080094c4                R3_2_Init
 .text.R3_2_SetOffsetCalib
                0x0000000008009750       0x1c build/r3_2_g4xx_pwm_curr_fdbk.o
                0x0000000008009750                R3_2_SetOffsetCalib
 .text.R3_2_GetOffsetCalib
                0x000000000800976c       0x10 build/r3_2_g4xx_pwm_curr_fdbk.o
                0x000000000800976c                R3_2_GetOffsetCalib
 .text.R3_2_CurrentReadingPolarization
                0x000000000800977c      0x148 build/r3_2_g4xx_pwm_curr_fdbk.o
                0x000000000800977c                R3_2_CurrentReadingPolarization
 .text.R3_2_GetPhaseCurrents_OVM
                0x00000000080098c4      0x2f0 build/r3_2_g4xx_pwm_curr_fdbk.o
                0x00000000080098c4                R3_2_GetPhaseCurrents_OVM
 .text.R3_2_SetADCSampPointSectX_OVM
                0x0000000008009bb4       0x9c build/r3_2_g4xx_pwm_curr_fdbk.o
                0x0000000008009bb4                R3_2_SetADCSampPointSectX_OVM
 .text.R3_2_TIMx_UP_IRQHandler
                0x0000000008009c50       0x94 build/r3_2_g4xx_pwm_curr_fdbk.o
                0x0000000008009c50                R3_2_TIMx_UP_IRQHandler
 .text.R3_2_RLDetectionModeEnable
                0x0000000008009ce4       0xd8 build/r3_2_g4xx_pwm_curr_fdbk.o
                0x0000000008009ce4                R3_2_RLDetectionModeEnable
 .text.R3_2_RLDetectionModeDisable
                0x0000000008009dbc      0x134 build/r3_2_g4xx_pwm_curr_fdbk.o
                0x0000000008009dbc                R3_2_RLDetectionModeDisable
 .text.R3_2_RLDetectionModeSetDuty
                0x0000000008009ef0       0x84 build/r3_2_g4xx_pwm_curr_fdbk.o
                0x0000000008009ef0                R3_2_RLDetectionModeSetDuty
 .text.R3_2_RLTurnOnLowSidesAndStart
                0x0000000008009f74       0x80 build/r3_2_g4xx_pwm_curr_fdbk.o
                0x0000000008009f74                R3_2_RLTurnOnLowSidesAndStart
 .text.MCPA_dataLog
                0x0000000008009ff4      0x188 build/mcpa.o
                0x0000000008009ff4                MCPA_dataLog
 .text.MCPA_flushDataLog
                0x000000000800a17c       0x5c build/mcpa.o
                0x000000000800a17c                MCPA_flushDataLog
 .text.Reset_Handler
                0x000000000800a1d8       0x50 build/startup_stm32g431xx.o
                0x000000000800a1d8                Reset_Handler
 .text.Default_Handler
                0x000000000800a228        0x2 build/startup_stm32g431xx.o
                0x000000000800a228                RTC_Alarm_IRQHandler
                0x000000000800a228                EXTI2_IRQHandler
                0x000000000800a228                TIM8_TRG_COM_IRQHandler
                0x000000000800a228                TIM8_CC_IRQHandler
                0x000000000800a228                DebugMon_Handler
                0x000000000800a228                TIM1_CC_IRQHandler
                0x000000000800a228                USB_HP_IRQHandler
                0x000000000800a228                CORDIC_IRQHandler
                0x000000000800a228                NMI_Handler
                0x000000000800a228                EXTI3_IRQHandler
                0x000000000800a228                I2C3_ER_IRQHandler
                0x000000000800a228                EXTI0_IRQHandler
                0x000000000800a228                I2C2_EV_IRQHandler
                0x000000000800a228                FPU_IRQHandler
                0x000000000800a228                FDCAN1_IT1_IRQHandler
                0x000000000800a228                UsageFault_Handler
                0x000000000800a228                SPI1_IRQHandler
                0x000000000800a228                TIM8_UP_IRQHandler
                0x000000000800a228                DMA2_Channel2_IRQHandler
                0x000000000800a228                DMA1_Channel4_IRQHandler
                0x000000000800a228                USART3_IRQHandler
                0x000000000800a228                TIM4_IRQHandler
                0x000000000800a228                DMA2_Channel1_IRQHandler
                0x000000000800a228                I2C1_EV_IRQHandler
                0x000000000800a228                DMA1_Channel6_IRQHandler
                0x000000000800a228                UART4_IRQHandler
                0x000000000800a228                DMA2_Channel4_IRQHandler
                0x000000000800a228                TIM3_IRQHandler
                0x000000000800a228                RCC_IRQHandler
                0x000000000800a228                Default_Handler
                0x000000000800a228                RTC_TAMP_LSECSS_IRQHandler
                0x000000000800a228                FMAC_IRQHandler
                0x000000000800a228                TIM7_IRQHandler
                0x000000000800a228                UCPD1_IRQHandler
                0x000000000800a228                I2C3_EV_IRQHandler
                0x000000000800a228                EXTI9_5_IRQHandler
                0x000000000800a228                RTC_WKUP_IRQHandler
                0x000000000800a228                PVD_PVM_IRQHandler
                0x000000000800a228                SPI2_IRQHandler
                0x000000000800a228                MemManage_Handler
                0x000000000800a228                DMA2_Channel5_IRQHandler
                0x000000000800a228                CRS_IRQHandler
                0x000000000800a228                DMA1_Channel5_IRQHandler
                0x000000000800a228                USB_LP_IRQHandler
                0x000000000800a228                EXTI4_IRQHandler
                0x000000000800a228                RNG_IRQHandler
                0x000000000800a228                TIM1_TRG_COM_TIM17_IRQHandler
                0x000000000800a228                DMA1_Channel3_IRQHandler
                0x000000000800a228                WWDG_IRQHandler
                0x000000000800a228                LPUART1_IRQHandler
                0x000000000800a228                DMA2_Channel6_IRQHandler
                0x000000000800a228                FDCAN1_IT0_IRQHandler
                0x000000000800a228                TIM2_IRQHandler
                0x000000000800a228                COMP1_2_3_IRQHandler
                0x000000000800a228                EXTI1_IRQHandler
                0x000000000800a228                USART2_IRQHandler
                0x000000000800a228                I2C2_ER_IRQHandler
                0x000000000800a228                TIM8_BRK_IRQHandler
                0x000000000800a228                FLASH_IRQHandler
                0x000000000800a228                BusFault_Handler
                0x000000000800a228                SPI3_IRQHandler
                0x000000000800a228                I2C1_ER_IRQHandler
                0x000000000800a228                LPTIM1_IRQHandler
                0x000000000800a228                DMAMUX_OVR_IRQHandler
                0x000000000800a228                USBWakeUp_IRQHandler
                0x000000000800a228                SAI1_IRQHandler
                0x000000000800a228                DMA2_Channel3_IRQHandler
                0x000000000800a228                COMP4_IRQHandler
 *fill*         0x000000000800a22a        0x2 
 .text.__libc_init_array
                0x000000000800a22c       0x48 /usr/share/gcc-arm-none-eabi-10-2020-q4-major/bin/../lib/gcc/arm-none-eabi/10.2.1/../../../../arm-none-eabi/lib/thumb/v7e-m+fp/hard/libc_nano.a(lib_a-init.o)
                0x000000000800a22c                __libc_init_array
 .text.memcpy   0x000000000800a274       0x1c /usr/share/gcc-arm-none-eabi-10-2020-q4-major/bin/../lib/gcc/arm-none-eabi/10.2.1/../../../../arm-none-eabi/lib/thumb/v7e-m+fp/hard/libc_nano.a(lib_a-memcpy-stub.o)
                0x000000000800a274                memcpy
 .text.memset   0x000000000800a290       0x10 /usr/share/gcc-arm-none-eabi-10-2020-q4-major/bin/../lib/gcc/arm-none-eabi/10.2.1/../../../../arm-none-eabi/lib/thumb/v7e-m+fp/hard/libc_nano.a(lib_a-memset.o)
                0x000000000800a290                memset
 .text.OTT_Init
                0x000000000800a2a0       0xc8 MCSDK_v6.3.2-Full/MotorControl/libMP/libmp-G4-MDK-ARM_ARMv7-M.a(mp_one_touch_tuning.o)
                0x000000000800a2a0                OTT_Init
 .text.OTT_Clear
                0x000000000800a368       0x26 MCSDK_v6.3.2-Full/MotorControl/libMP/libmp-G4-MDK-ARM_ARMv7-M.a(mp_one_touch_tuning.o)
                0x000000000800a368                OTT_Clear
 *fill*         0x000000000800a38e        0x2 
 .text.OTT_Stop
                0x000000000800a390        0x8 MCSDK_v6.3.2-Full/MotorControl/libMP/libmp-G4-MDK-ARM_ARMv7-M.a(mp_one_touch_tuning.o)
                0x000000000800a390                OTT_Stop
 .text.OTT_MF   0x000000000800a398      0x6d0 MCSDK_v6.3.2-Full/MotorControl/libMP/libmp-G4-MDK-ARM_ARMv7-M.a(mp_one_touch_tuning.o)
                0x000000000800a398                OTT_MF
 .text.OTT_SpeedCtrl
                0x000000000800aa68      0x12e MCSDK_v6.3.2-Full/MotorControl/libMP/libmp-G4-MDK-ARM_ARMv7-M.a(mp_one_touch_tuning.o)
 *fill*         0x000000000800ab96        0x2 
 .text.OTT_SR   0x000000000800ab98       0x3e MCSDK_v6.3.2-Full/MotorControl/libMP/libmp-G4-MDK-ARM_ARMv7-M.a(mp_one_touch_tuning.o)
                0x000000000800ab98                OTT_SR
 *fill*         0x000000000800abd6        0x2 
 .text.OTT_ForceTuning
                0x000000000800abd8        0x8 MCSDK_v6.3.2-Full/MotorControl/libMP/libmp-G4-MDK-ARM_ARMv7-M.a(mp_one_touch_tuning.o)
                0x000000000800abd8                OTT_ForceTuning
 .text.SCC_Init
                0x000000000800abe0      0x11c MCSDK_v6.3.2-Full/MotorControl/libMP/libmp-G4-MDK-ARM_ARMv7-M.a(mp_self_com_ctrl.o)
                0x000000000800abe0                SCC_Init
 .text.SCC_CMD  0x000000000800acfc      0x128 MCSDK_v6.3.2-Full/MotorControl/libMP/libmp-G4-MDK-ARM_ARMv7-M.a(mp_self_com_ctrl.o)
                0x000000000800acfc                SCC_CMD
 .text.SCC_Stop
                0x000000000800ae24       0x28 MCSDK_v6.3.2-Full/MotorControl/libMP/libmp-G4-MDK-ARM_ARMv7-M.a(mp_self_com_ctrl.o)
                0x000000000800ae24                SCC_Stop
 .text.SCC_Start
                0x000000000800ae4c       0x70 MCSDK_v6.3.2-Full/MotorControl/libMP/libmp-G4-MDK-ARM_ARMv7-M.a(mp_self_com_ctrl.o)
                0x000000000800ae4c                SCC_Start
 .text.SCC_CheckOC_RL
                0x000000000800aebc      0x2d8 MCSDK_v6.3.2-Full/MotorControl/libMP/libmp-G4-MDK-ARM_ARMv7-M.a(mp_self_com_ctrl.o)
                0x000000000800aebc                SCC_CheckOC_RL
 .text.SCC_SetNominalCurrent
                0x000000000800b194       0x5c MCSDK_v6.3.2-Full/MotorControl/libMP/libmp-G4-MDK-ARM_ARMv7-M.a(mp_self_com_ctrl.o)
                0x000000000800b194                SCC_SetNominalCurrent
 .text.SCC_UpdateRevup
                0x000000000800b1f0       0xe4 MCSDK_v6.3.2-Full/MotorControl/libMP/libmp-G4-MDK-ARM_ARMv7-M.a(mp_self_com_ctrl.o)
                0x000000000800b1f0                SCC_UpdateRevup
 .text.SCC_SetPhaseVoltage
                0x000000000800b2d4     0x1138 MCSDK_v6.3.2-Full/MotorControl/libMP/libmp-G4-MDK-ARM_ARMv7-M.a(mp_self_com_ctrl.o)
                0x000000000800b2d4                SCC_SetPhaseVoltage
 *fill*         0x000000000800c40c        0x4 
 .text.SCC_KeDetection
                0x000000000800c410      0x3c8 MCSDK_v6.3.2-Full/MotorControl/libMP/libmp-G4-MDK-ARM_ARMv7-M.a(mp_self_com_ctrl.o)
                0x000000000800c410                SCC_KeDetection
 .text.SCC_MF   0x000000000800c7d8      0x8d4 MCSDK_v6.3.2-Full/MotorControl/libMP/libmp-G4-MDK-ARM_ARMv7-M.a(mp_self_com_ctrl.o)
                0x000000000800c7d8                SCC_MF
 .text.SCC_DetectBemf
                0x000000000800d0ac      0x2b8 MCSDK_v6.3.2-Full/MotorControl/libMP/libmp-G4-MDK-ARM_ARMv7-M.a(mp_self_com_ctrl.o)
                0x000000000800d0ac                SCC_DetectBemf
 .text.SCC_GetState
                0x000000000800d364       0x70 MCSDK_v6.3.2-Full/MotorControl/libMP/libmp-G4-MDK-ARM_ARMv7-M.a(mp_self_com_ctrl.o)
                0x000000000800d364                SCC_GetState
 .text.SCC_SetNominalSpeed
                0x000000000800d3d4       0x38 MCSDK_v6.3.2-Full/MotorControl/libMP/libmp-G4-MDK-ARM_ARMv7-M.a(mp_self_com_ctrl.o)
                0x000000000800d3d4                SCC_SetNominalSpeed
 .text.SCC_GetResistorOffset
                0x000000000800d40c        0xa MCSDK_v6.3.2-Full/MotorControl/libMP/libmp-G4-MDK-ARM_ARMv7-M.a(mp_self_com_ctrl.o)
                0x000000000800d40c                SCC_GetResistorOffset
 *fill*         0x000000000800d416        0x2 
 .text.SCC_SetPBCharacterization
                0x000000000800d418        0xa MCSDK_v6.3.2-Full/MotorControl/libMP/libmp-G4-MDK-ARM_ARMv7-M.a(mp_self_com_ctrl.o)
                0x000000000800d418                SCC_SetPBCharacterization
 *fill*         0x000000000800d422        0x2 
 .text.SCC_SetResistorOffset
                0x000000000800d424        0xa MCSDK_v6.3.2-Full/MotorControl/libMP/libmp-G4-MDK-ARM_ARMv7-M.a(mp_self_com_ctrl.o)
                0x000000000800d424                SCC_SetResistorOffset
 .text.__aeabi_memclr
                0x000000000800d42e        0x6 /usr/share/gcc-arm-none-eabi-10-2020-q4-major/bin/../lib/gcc/arm-none-eabi/10.2.1/../../../../arm-none-eabi/lib/thumb/v7e-m+fp/hard/libc_nano.a(lib_a-aeabi_memclr.o)
                0x000000000800d42e                __aeabi_memclr8
                0x000000000800d42e                __aeabi_memclr
                0x000000000800d42e                __aeabi_memclr4
 *(.glue_7)
 .glue_7        0x000000000800d434        0x0 linker stubs
 *(.glue_7t)
 .glue_7t       0x000000000800d434        0x0 linker stubs
 *(.eh_frame)
 .eh_frame      0x000000000800d434        0x0 /usr/share/gcc-arm-none-eabi-10-2020-q4-major/bin/../lib/gcc/arm-none-eabi/10.2.1/thumb/v7e-m+fp/hard/crtbegin.o
 *(.init)
 .init          0x000000000800d434        0x4 /usr/share/gcc-arm-none-eabi-10-2020-q4-major/bin/../lib/gcc/arm-none-eabi/10.2.1/thumb/v7e-m+fp/hard/crti.o
                0x000000000800d434                _init
 .init          0x000000000800d438        0x8 /usr/share/gcc-arm-none-eabi-10-2020-q4-major/bin/../lib/gcc/arm-none-eabi/10.2.1/thumb/v7e-m+fp/hard/crtn.o
 *(.fini)
 .fini          0x000000000800d440        0x4 /usr/share/gcc-arm-none-eabi-10-2020-q4-major/bin/../lib/gcc/arm-none-eabi/10.2.1/thumb/v7e-m+fp/hard/crti.o
                0x000000000800d440                _fini
 .fini          0x000000000800d444        0x8 /usr/share/gcc-arm-none-eabi-10-2020-q4-major/bin/../lib/gcc/arm-none-eabi/10.2.1/thumb/v7e-m+fp/hard/crtn.o
                0x000000000800d44c                . = ALIGN (0x4)
                0x000000000800d44c                _etext = .

.vfp11_veneer   0x000000000800d44c        0x0
 .vfp11_veneer  0x000000000800d44c        0x0 linker stubs

.v4_bx          0x000000000800d44c        0x0
 .v4_bx         0x000000000800d44c        0x0 linker stubs

.iplt           0x000000000800d44c        0x0
 .iplt          0x000000000800d44c        0x0 /usr/share/gcc-arm-none-eabi-10-2020-q4-major/bin/../lib/gcc/arm-none-eabi/10.2.1/thumb/v7e-m+fp/hard/crtbegin.o

.rodata         0x000000000800d44c      0x330
                0x000000000800d44c                . = ALIGN (0x4)
 *(.rodata)
 .rodata        0x000000000800d44c       0x28 build/main.o
 *(.rodata*)
 .rodata.str1.4
                0x000000000800d474       0x17 build/main.o
 *fill*         0x000000000800d48b        0x1 
 .rodata.OTT_Params
                0x000000000800d48c       0x54 build/mc_parameters.o
                0x000000000800d48c                OTT_Params
 .rodata.R3_2_ParamsM1
                0x000000000800d4e0       0xb0 build/mc_parameters.o
                0x000000000800d4e0                R3_2_ParamsM1
 .rodata.R3_3_OPAMPParamsM1
                0x000000000800d590       0x60 build/mc_parameters.o
                0x000000000800d590                R3_3_OPAMPParamsM1
 .rodata.CHANNEL_OFFSET_TAB
                0x000000000800d5f0        0x6 build/usart_aspep_driver.o
 *fill*         0x000000000800d5f6        0x2 
 .rodata.M1_ApplicationConfig_reg
                0x000000000800d5f8       0x10 build/mc_configuration_registers.o
 .rodata.M1_FOCConfig_reg
                0x000000000800d608        0xe build/mc_configuration_registers.o
 *fill*         0x000000000800d616        0x2 
 .rodata.globalConfig_reg
                0x000000000800d618        0xa build/mc_configuration_registers.o
                0x000000000800d618                globalConfig_reg
 *fill*         0x000000000800d622        0x2 
 .rodata.CRC4_Lookup4
                0x000000000800d624       0x10 build/aspep.o
 .rodata.CRC4_Lookup8
                0x000000000800d634      0x100 build/aspep.o
 .rodata.USART_PRESCALER_TAB
                0x000000000800d734       0x30 build/stm32g4xx_ll_usart.o
 .rodata.AHBPrescTable
                0x000000000800d764       0x10 build/system_stm32g4xx.o
                0x000000000800d764                AHBPrescTable
 .rodata.APBPrescTable
                0x000000000800d774        0x8 build/system_stm32g4xx.o
                0x000000000800d774                APBPrescTable
                0x000000000800d77c                . = ALIGN (0x4)

.ARM.extab
 *(.ARM.extab* .gnu.linkonce.armextab.*)

.ARM            0x000000000800d77c        0x8
                0x000000000800d77c                __exidx_start = .
 *(.ARM.exidx*)
 .ARM.exidx.text.OTT_Init
                0x000000000800d77c        0x8 MCSDK_v6.3.2-Full/MotorControl/libMP/libmp-G4-MDK-ARM_ARMv7-M.a(mp_one_touch_tuning.o)
 .ARM.exidx.text.OTT_Clear
                0x000000000800d784        0x0 MCSDK_v6.3.2-Full/MotorControl/libMP/libmp-G4-MDK-ARM_ARMv7-M.a(mp_one_touch_tuning.o)
                                          0x8 (size before relaxing)
 .ARM.exidx.text.OTT_Stop
                0x000000000800d784        0x0 MCSDK_v6.3.2-Full/MotorControl/libMP/libmp-G4-MDK-ARM_ARMv7-M.a(mp_one_touch_tuning.o)
                                          0x8 (size before relaxing)
 .ARM.exidx.text.OTT_MF
                0x000000000800d784        0x0 MCSDK_v6.3.2-Full/MotorControl/libMP/libmp-G4-MDK-ARM_ARMv7-M.a(mp_one_touch_tuning.o)
                                          0x8 (size before relaxing)
 .ARM.exidx.text.OTT_SpeedCtrl
                0x000000000800d784        0x0 MCSDK_v6.3.2-Full/MotorControl/libMP/libmp-G4-MDK-ARM_ARMv7-M.a(mp_one_touch_tuning.o)
                                          0x8 (size before relaxing)
 .ARM.exidx.text.OTT_SR
                0x000000000800d784        0x0 MCSDK_v6.3.2-Full/MotorControl/libMP/libmp-G4-MDK-ARM_ARMv7-M.a(mp_one_touch_tuning.o)
                                          0x8 (size before relaxing)
 .ARM.exidx.text.OTT_ForceTuning
                0x000000000800d784        0x0 MCSDK_v6.3.2-Full/MotorControl/libMP/libmp-G4-MDK-ARM_ARMv7-M.a(mp_one_touch_tuning.o)
                                          0x8 (size before relaxing)
 .ARM.exidx.text.SCC_Init
                0x000000000800d784        0x0 MCSDK_v6.3.2-Full/MotorControl/libMP/libmp-G4-MDK-ARM_ARMv7-M.a(mp_self_com_ctrl.o)
                                          0x8 (size before relaxing)
 .ARM.exidx.text.SCC_CMD
                0x000000000800d784        0x0 MCSDK_v6.3.2-Full/MotorControl/libMP/libmp-G4-MDK-ARM_ARMv7-M.a(mp_self_com_ctrl.o)
                                          0x8 (size before relaxing)
 .ARM.exidx.text.SCC_Stop
                0x000000000800d784        0x0 MCSDK_v6.3.2-Full/MotorControl/libMP/libmp-G4-MDK-ARM_ARMv7-M.a(mp_self_com_ctrl.o)
                                          0x8 (size before relaxing)
 .ARM.exidx.text.SCC_Start
                0x000000000800d784        0x0 MCSDK_v6.3.2-Full/MotorControl/libMP/libmp-G4-MDK-ARM_ARMv7-M.a(mp_self_com_ctrl.o)
                                          0x8 (size before relaxing)
 .ARM.exidx.text.SCC_CheckOC_RL
                0x000000000800d784        0x0 MCSDK_v6.3.2-Full/MotorControl/libMP/libmp-G4-MDK-ARM_ARMv7-M.a(mp_self_com_ctrl.o)
                                          0x8 (size before relaxing)
 .ARM.exidx.text.SCC_SetNominalCurrent
                0x000000000800d784        0x0 MCSDK_v6.3.2-Full/MotorControl/libMP/libmp-G4-MDK-ARM_ARMv7-M.a(mp_self_com_ctrl.o)
                                          0x8 (size before relaxing)
 .ARM.exidx.text.SCC_UpdateRevup
                0x000000000800d784        0x0 MCSDK_v6.3.2-Full/MotorControl/libMP/libmp-G4-MDK-ARM_ARMv7-M.a(mp_self_com_ctrl.o)
                                          0x8 (size before relaxing)
 .ARM.exidx.text.SCC_SetPhaseVoltage
                0x000000000800d784        0x0 MCSDK_v6.3.2-Full/MotorControl/libMP/libmp-G4-MDK-ARM_ARMv7-M.a(mp_self_com_ctrl.o)
                                          0x8 (size before relaxing)
 .ARM.exidx.text.SCC_KeDetection
                0x000000000800d784        0x0 MCSDK_v6.3.2-Full/MotorControl/libMP/libmp-G4-MDK-ARM_ARMv7-M.a(mp_self_com_ctrl.o)
                                          0x8 (size before relaxing)
 .ARM.exidx.text.SCC_MF
                0x000000000800d784        0x0 MCSDK_v6.3.2-Full/MotorControl/libMP/libmp-G4-MDK-ARM_ARMv7-M.a(mp_self_com_ctrl.o)
                                          0x8 (size before relaxing)
 .ARM.exidx.text.SCC_DetectBemf
                0x000000000800d784        0x0 MCSDK_v6.3.2-Full/MotorControl/libMP/libmp-G4-MDK-ARM_ARMv7-M.a(mp_self_com_ctrl.o)
                                          0x8 (size before relaxing)
 .ARM.exidx.text.SCC_GetState
                0x000000000800d784        0x0 MCSDK_v6.3.2-Full/MotorControl/libMP/libmp-G4-MDK-ARM_ARMv7-M.a(mp_self_com_ctrl.o)
                                          0x8 (size before relaxing)
 .ARM.exidx.text.SCC_SetNominalSpeed
                0x000000000800d784        0x0 MCSDK_v6.3.2-Full/MotorControl/libMP/libmp-G4-MDK-ARM_ARMv7-M.a(mp_self_com_ctrl.o)
                                          0x8 (size before relaxing)
 .ARM.exidx.text.SCC_GetResistorOffset
                0x000000000800d784        0x0 MCSDK_v6.3.2-Full/MotorControl/libMP/libmp-G4-MDK-ARM_ARMv7-M.a(mp_self_com_ctrl.o)
                                          0x8 (size before relaxing)
 .ARM.exidx.text.SCC_SetPBCharacterization
                0x000000000800d784        0x0 MCSDK_v6.3.2-Full/MotorControl/libMP/libmp-G4-MDK-ARM_ARMv7-M.a(mp_self_com_ctrl.o)
                                          0x8 (size before relaxing)
 .ARM.exidx.text.SCC_SetResistorOffset
                0x000000000800d784        0x0 MCSDK_v6.3.2-Full/MotorControl/libMP/libmp-G4-MDK-ARM_ARMv7-M.a(mp_self_com_ctrl.o)
                                          0x8 (size before relaxing)
                0x000000000800d784                __exidx_end = .

.rel.dyn        0x000000000800d784        0x0
 .rel.iplt      0x000000000800d784        0x0 /usr/share/gcc-arm-none-eabi-10-2020-q4-major/bin/../lib/gcc/arm-none-eabi/10.2.1/thumb/v7e-m+fp/hard/crtbegin.o

.preinit_array  0x000000000800d784        0x0
                0x000000000800d784                PROVIDE (__preinit_array_start = .)
 *(.preinit_array*)
                0x000000000800d784                PROVIDE (__preinit_array_end = .)

.init_array     0x000000000800d784        0x4
                0x000000000800d784                PROVIDE (__init_array_start = .)
 *(SORT_BY_NAME(.init_array.*))
 *(.init_array*)
 .init_array    0x000000000800d784        0x4 /usr/share/gcc-arm-none-eabi-10-2020-q4-major/bin/../lib/gcc/arm-none-eabi/10.2.1/thumb/v7e-m+fp/hard/crtbegin.o
                0x000000000800d788                PROVIDE (__init_array_end = .)

.fini_array     0x000000000800d788        0x4
                [!provide]                        PROVIDE (__fini_array_start = .)
 *(SORT_BY_NAME(.fini_array.*))
 *(.fini_array*)
 .fini_array    0x000000000800d788        0x4 /usr/share/gcc-arm-none-eabi-10-2020-q4-major/bin/../lib/gcc/arm-none-eabi/10.2.1/thumb/v7e-m+fp/hard/crtbegin.o
                [!provide]                        PROVIDE (__fini_array_end = .)
                0x000000000800d78c                _sidata = LOADADDR (.data)

.data           0x0000000020000000      0xba0 load address 0x000000000800d78c
                0x0000000020000000                . = ALIGN (0x4)
                0x0000000020000000                _sdata = .
 *(.data)
 *(.data*)
 .data.CircleLimitationM1
                0x0000000020000000        0x4 build/mc_config.o
                0x0000000020000000                CircleLimitationM1
 .data.FF_M1    0x0000000020000004       0x38 build/mc_config.o
                0x0000000020000004                FF_M1
 .data.Mci      0x000000002000003c       0x2c build/mc_config.o
                0x000000002000003c                Mci
 .data.OTT      0x0000000020000068       0xa0 build/mc_config.o
                0x0000000020000068                OTT
 .data.PIDIdHandle_M1
                0x0000000020000108       0x2c build/mc_config.o
                0x0000000020000108                PIDIdHandle_M1
 .data.PIDIqHandle_M1
                0x0000000020000134       0x2c build/mc_config.o
                0x0000000020000134                PIDIqHandle_M1
 .data.PIDSpeedHandle_M1
                0x0000000020000160       0x2c build/mc_config.o
                0x0000000020000160                PIDSpeedHandle_M1
 .data.PQD_MotorPowMeasM1
                0x000000002000018c       0x10 build/mc_config.o
                0x000000002000018c                PQD_MotorPowMeasM1
 .data.PWM_Handle_M1
                0x000000002000019c       0xa4 build/mc_config.o
                0x000000002000019c                PWM_Handle_M1
 .data.RampExtMngrHFParamsM1
                0x0000000020000240       0x18 build/mc_config.o
                0x0000000020000240                RampExtMngrHFParamsM1
 .data.RampExtMngrParamsOTT
                0x0000000020000258       0x18 build/mc_config.o
                0x0000000020000258                RampExtMngrParamsOTT
 .data.RampExtMngrParamsSCC
                0x0000000020000270       0x18 build/mc_config.o
                0x0000000020000270                RampExtMngrParamsSCC
 .data.RevUpControlM1
                0x0000000020000288       0x78 build/mc_config.o
                0x0000000020000288                RevUpControlM1
 .data.SCC      0x0000000020000300      0x54c build/mc_config.o
                0x0000000020000300                SCC
 .data.STO_M1   0x000000002000084c       0x14 build/mc_config.o
                0x000000002000084c                STO_M1
 .data.STO_PLL_M1
                0x0000000020000860      0x128 build/mc_config.o
                0x0000000020000860                STO_PLL_M1
 .data.SpeednTorqCtrlM1
                0x0000000020000988       0x34 build/mc_config.o
                0x0000000020000988                SpeednTorqCtrlM1
 .data.pFF      0x00000000200009bc        0x4 build/mc_config.o
                0x00000000200009bc                pFF
 .data.pMPM     0x00000000200009c0        0x4 build/mc_config.o
                0x00000000200009c0                pMPM
 .data.pPIDId   0x00000000200009c4        0x4 build/mc_config.o
                0x00000000200009c4                pPIDId
 .data.pPIDIq   0x00000000200009c8        0x4 build/mc_config.o
                0x00000000200009c8                pPIDIq
 .data.pSTC     0x00000000200009cc        0x4 build/mc_config.o
                0x00000000200009cc                pSTC
 .data.BusVoltageSensor_M1
                0x00000000200009d0       0x1c build/mc_config_common.o
                0x00000000200009d0                BusVoltageSensor_M1
 .data.TempRegConv_M1
                0x00000000200009ec       0x10 build/mc_config_common.o
                0x00000000200009ec                TempRegConv_M1
 .data.TempSensor_M1
                0x00000000200009fc       0x1c build/mc_config_common.o
                0x00000000200009fc                TempSensor_M1
 .data.VbusRegConv_M1
                0x0000000020000a18       0x10 build/mc_config_common.o
                0x0000000020000a18                VbusRegConv_M1
 .data.VirtualSpeedSensorM1
                0x0000000020000a28       0x38 build/mc_config_common.o
                0x0000000020000a28                VirtualSpeedSensorM1
 .data.MCPA_UART_A
                0x0000000020000a60       0x2c build/mcp_config.o
                0x0000000020000a60                MCPA_UART_A
 .data.MCP_Over_UartA
                0x0000000020000a8c       0x10 build/mcp_config.o
                0x0000000020000a8c                MCP_Over_UartA
 .data.UASPEP_A
                0x0000000020000a9c       0x14 build/mcp_config.o
 .data.aspepOverUartA
                0x0000000020000ab0       0x74 build/mcp_config.o
                0x0000000020000ab0                aspepOverUartA
 .data.SCC_Params
                0x0000000020000b24       0x54 build/mc_parameters.o
                0x0000000020000b24                SCC_Params
 .data.scaleParams_M1
                0x0000000020000b78       0x10 build/mc_parameters.o
                0x0000000020000b78                scaleParams_M1
 .data.ApplicationConfig_reg
                0x0000000020000b88        0x4 build/mc_configuration_registers.o
                0x0000000020000b88                ApplicationConfig_reg
 .data.FOCConfig_reg
                0x0000000020000b8c        0x4 build/mc_configuration_registers.o
                0x0000000020000b8c                FOCConfig_reg
 .data.uwTickFreq
                0x0000000020000b90        0x4 build/stm32g4xx_hal.o
                0x0000000020000b90                uwTickFreq
 .data.uwTickPrio
                0x0000000020000b94        0x4 build/stm32g4xx_hal.o
                0x0000000020000b94                uwTickPrio
 .data.SystemCoreClock
                0x0000000020000b98        0x4 build/system_stm32g4xx.o
                0x0000000020000b98                SystemCoreClock
 .data.uxCriticalNesting
                0x0000000020000b9c        0x4 build/port.o
                0x0000000020000ba0                . = ALIGN (0x4)
                0x0000000020000ba0                _edata = .

.igot.plt       0x0000000020000ba0        0x0 load address 0x000000000800e32c
 .igot.plt      0x0000000020000ba0        0x0 /usr/share/gcc-arm-none-eabi-10-2020-q4-major/bin/../lib/gcc/arm-none-eabi/10.2.1/thumb/v7e-m+fp/hard/crtbegin.o
                0x0000000020000ba0                . = ALIGN (0x4)

.bss            0x0000000020000ba0     0x2d68 load address 0x000000000800e32c
                0x0000000020000ba0                _sbss = .
                0x0000000020000ba0                __bss_start__ = _sbss
 *(.bss)
 .bss           0x0000000020000ba0       0x1c /usr/share/gcc-arm-none-eabi-10-2020-q4-major/bin/../lib/gcc/arm-none-eabi/10.2.1/thumb/v7e-m+fp/hard/crtbegin.o
 *(.bss*)
 .bss.mediumFrequencyHandle
                0x0000000020000bbc        0x4 build/main.o
                0x0000000020000bbc                mediumFrequencyHandle
 .bss.safetyHandle
                0x0000000020000bc0        0x4 build/main.o
                0x0000000020000bc0                safetyHandle
 .bss.pMCI      0x0000000020000bc4        0x4 build/motorcontrol.o
                0x0000000020000bc4                pMCI
 .bss.FOCVars   0x0000000020000bc8       0x26 build/mc_config.o
                0x0000000020000bc8                FOCVars
 *fill*         0x0000000020000bee        0x2 
 .bss.pREMNG    0x0000000020000bf0        0x4 build/mc_config.o
                0x0000000020000bf0                pREMNG
 .bss.HdlSTSPING4
                0x0000000020000bf4        0x4 build/mc_config_common.o
                0x0000000020000bf4                HdlSTSPING4
 .bss.PerfTraces
                0x0000000020000bf8       0x28 build/mc_config_common.o
                0x0000000020000bf8                PerfTraces
 .bss.RealBusVoltageSensorFilterBufferM1
                0x0000000020000c20        0xc build/mc_config_common.o
 .bss.pwmcHandle
                0x0000000020000c2c        0x4 build/mc_config_common.o
                0x0000000020000c2c                pwmcHandle
 .bss.MCPAsyncBuffUARTA_A
                0x0000000020000c30      0x806 build/mcp_config.o
 *fill*         0x0000000020001436        0x2 
 .bss.MCPAsyncBuffUARTA_B
                0x0000000020001438      0x806 build/mcp_config.o
 *fill*         0x0000000020001c3e        0x2 
 .bss.MCPSyncRXBuff
                0x0000000020001c40      0x102 build/mcp_config.o
 *fill*         0x0000000020001d42        0x2 
 .bss.MCPSyncTxBuff
                0x0000000020001d44      0x106 build/mcp_config.o
 *fill*         0x0000000020001e4a        0x2 
 .bss.MCP_UserCallBack
                0x0000000020001e4c        0x8 build/mcp_config.o
                0x0000000020001e4c                MCP_UserCallBack
 .bss.dataPtrTableA
                0x0000000020001e54       0x28 build/mcp_config.o
 .bss.dataPtrTableBuffA
                0x0000000020001e7c       0x28 build/mcp_config.o
 .bss.dataSizeTableA
                0x0000000020001ea4        0xa build/mcp_config.o
 *fill*         0x0000000020001eae        0x2 
 .bss.dataSizeTableBuffA
                0x0000000020001eb0        0xa build/mcp_config.o
 .bss.bMCBootCompleted
                0x0000000020001eba        0x1 build/mc_tasks.o
 *fill*         0x0000000020001ebb        0x1 
 .bss.hBootCapDelayCounterM1
                0x0000000020001ebc        0x2 build/mc_tasks.o
 .bss.hMFTaskCounterM1
                0x0000000020001ebe        0x2 build/mc_tasks.o
 .bss.hStopPermanencyCounterM1
                0x0000000020001ec0        0x2 build/mc_tasks.o
 *fill*         0x0000000020001ec2        0x2 
 .bss.RCM_CB_array
                0x0000000020001ec4       0x20 build/regular_conversion_manager.o
 .bss.RCM_NoInj_array
                0x0000000020001ee4       0x18 build/regular_conversion_manager.o
 .bss.RCM_UserConvHandle
                0x0000000020001efc        0x4 build/regular_conversion_manager.o
 .bss.RCM_UserConvState
                0x0000000020001f00        0x1 build/regular_conversion_manager.o
 *fill*         0x0000000020001f01        0x1 
 .bss.RCM_UserConvValue
                0x0000000020001f02        0x2 build/regular_conversion_manager.o
 .bss.RCM_currentHandle
                0x0000000020001f04        0x1 build/regular_conversion_manager.o
 *fill*         0x0000000020001f05        0x3 
 .bss.RCM_handle_array
                0x0000000020001f08       0x10 build/regular_conversion_manager.o
 .bss.htim6     0x0000000020001f18       0x4c build/stm32g4xx_hal_timebase_tim.o
                0x0000000020001f18                htim6
 .bss.response_buffer
                0x0000000020001f64       0x20 build/vesc_commands.o
 .bss.dma_busy  0x0000000020001f84        0x1 build/vesc_uart.o
 *fill*         0x0000000020001f85        0x3 
 .bss.tx_buffer
                0x0000000020001f88      0x400 build/vesc_uart.o
 .bss.tx_in_progress
                0x0000000020002388        0x1 build/vesc_uart.o
                0x0000000020002388                tx_in_progress
 *fill*         0x0000000020002389        0x7 
 .bss.uart_handle
                0x0000000020002390      0x814 build/vesc_uart.o
 .bss.uwTick    0x0000000020002ba4        0x4 build/stm32g4xx_hal.o
                0x0000000020002ba4                uwTick
 .bss.pxCurrentTCB
                0x0000000020002ba8        0x4 build/tasks.o
                0x0000000020002ba8                pxCurrentTCB
 .bss.pxDelayedTaskList
                0x0000000020002bac        0x4 build/tasks.o
 .bss.pxOverflowDelayedTaskList
                0x0000000020002bb0        0x4 build/tasks.o
 .bss.pxReadyTasksLists
                0x0000000020002bb4       0x8c build/tasks.o
 .bss.uxCurrentNumberOfTasks
                0x0000000020002c40        0x4 build/tasks.o
 .bss.uxDeletedTasksWaitingCleanUp
                0x0000000020002c44        0x4 build/tasks.o
 .bss.uxSchedulerSuspended
                0x0000000020002c48        0x4 build/tasks.o
 .bss.uxTaskNumber
                0x0000000020002c4c        0x4 build/tasks.o
 .bss.uxTopReadyPriority
                0x0000000020002c50        0x4 build/tasks.o
 .bss.xDelayedTaskList1
                0x0000000020002c54       0x14 build/tasks.o
 .bss.xDelayedTaskList2
                0x0000000020002c68       0x14 build/tasks.o
 .bss.xIdleTaskHandle
                0x0000000020002c7c        0x4 build/tasks.o
 .bss.xNextTaskUnblockTime
                0x0000000020002c80        0x4 build/tasks.o
 .bss.xNumOfOverflows
                0x0000000020002c84        0x4 build/tasks.o
 .bss.xPendedTicks
                0x0000000020002c88        0x4 build/tasks.o
 .bss.xPendingReadyList
                0x0000000020002c8c       0x14 build/tasks.o
 .bss.xSchedulerRunning
                0x0000000020002ca0        0x4 build/tasks.o
 .bss.xSuspendedTaskList
                0x0000000020002ca4       0x14 build/tasks.o
 .bss.xTasksWaitingTermination
                0x0000000020002cb8       0x14 build/tasks.o
 .bss.xTickCount
                0x0000000020002ccc        0x4 build/tasks.o
 .bss.xYieldPending
                0x0000000020002cd0        0x4 build/tasks.o
 .bss.pxEnd     0x0000000020002cd4        0x4 build/heap_4.o
 .bss.ucHeap    0x0000000020002cd8      0xc00 build/heap_4.o
 .bss.xBlockAllocatedBit
                0x00000000200038d8        0x4 build/heap_4.o
 .bss.xFreeBytesRemaining
                0x00000000200038dc        0x4 build/heap_4.o
 .bss.xMinimumEverFreeBytesRemaining
                0x00000000200038e0        0x4 build/heap_4.o
 .bss.xNumberOfSuccessfulAllocations
                0x00000000200038e4        0x4 build/heap_4.o
 .bss.xNumberOfSuccessfulFrees
                0x00000000200038e8        0x4 build/heap_4.o
 .bss.xStart    0x00000000200038ec        0x8 build/heap_4.o
 .bss.ucMaxSysCallPriority
                0x00000000200038f4        0x1 build/port.o
 *fill*         0x00000000200038f5        0x3 
 .bss.ulMaxPRIGROUPValue
                0x00000000200038f8        0x4 build/port.o
 .bss.GLOBAL_TIMESTAMP
                0x00000000200038fc        0x4 build/mcpa.o
                0x00000000200038fc                GLOBAL_TIMESTAMP
 .bss..L_MergedGlobals
                0x0000000020003900        0x6 MCSDK_v6.3.2-Full/MotorControl/libMP/libmp-G4-MDK-ARM_ARMv7-M.a(mp_self_com_ctrl.o)
                0x0000000020003900                ocEvent
                0x0000000020003902                stillEvent
                0x0000000020003904                loseControlEvent
 *(COMMON)
                0x0000000020003908                . = ALIGN (0x4)
 *fill*         0x0000000020003906        0x2 
                0x0000000020003908                _ebss = .
                0x0000000020003908                __bss_end__ = _ebss

._user_heap_stack
                0x0000000020003908      0x600 load address 0x000000000800e32c
                0x0000000020003908                . = ALIGN (0x8)
                [!provide]                        PROVIDE (end = .)
                0x0000000020003908                PROVIDE (_end = .)
                0x0000000020003b08                . = (. + _Min_Heap_Size)
 *fill*         0x0000000020003908      0x200 
                0x0000000020003f08                . = (. + _Min_Stack_Size)
 *fill*         0x0000000020003b08      0x400 
                0x0000000020003f08                . = ALIGN (0x8)

/DISCARD/
 libc.a(*)
 libm.a(*)
 libgcc.a(*)

.ARM.attributes
                0x0000000000000000       0x36
 *(.ARM.attributes)
 .ARM.attributes